10.1.68.187 - - [07/Jun/2022:19:01:46 +0000]  "GET / HTTP/1.1" 302 326 "-" "Mozilla/5.0 (Unknown; Linux x86_64) AppleWebKit/538.1 (KHTML, like Gecko) PhantomJS/2.1.1 Safari/538.1" 0.073 "34.122.195.170, 34.122.195.170, 10.1.68.187"
10.1.68.187 - - [07/Jun/2022:19:01:46 +0000]  "GET /core/install.php HTTP/1.1" 560 5 "-" "Mozilla/5.0 (Unknown; Linux x86_64) AppleWebKit/538.1 (KHTML, like Gecko) PhantomJS/2.1.1 Safari/538.1" 0.002 "34.122.195.170, 34.122.195.170, 10.1.68.187"
10.1.69.118 - - [07/Jun/2022:19:02:53 +0000]  "GET / HTTP/1.1" 301 162 "-" "Mozilla/5.0 (Macintosh; Intel Mac OS X 10_15_7) AppleWebKit/537.36 (KHTML, like Gecko) Chrome/102.0.5005.61 Safari/537.36" 0.000 "2800:e2:1080:23d2:c2d:d312:537:39fd, 10.1.69.118"
10.1.5.105 - - [07/Jun/2022:19:02:53 +0000]  "GET / HTTP/1.1" 302 326 "-" "Mozilla/5.0 (Macintosh; Intel Mac OS X 10_15_7) AppleWebKit/537.36 (KHTML, like Gecko) Chrome/102.0.5005.61 Safari/537.36" 0.005 "2800:e2:1080:23d2:6ddd:cc04:2714:6d10, 2800:e2:1080:23d2:6ddd:cc04:2714:6d10, 10.1.5.105"
10.1.67.88 - - [07/Jun/2022:19:02:53 +0000]  "GET /core/install.php HTTP/1.1" 200 4150 "-" "Mozilla/5.0 (Macintosh; Intel Mac OS X 10_15_7) AppleWebKit/537.36 (KHTML, like Gecko) Chrome/102.0.5005.61 Safari/537.36" 0.345 "2800:e2:1080:23d2:6ddd:cc04:2714:6d10, 2800:e2:1080:23d2:6ddd:cc04:2714:6d10, 10.1.67.88"
10.1.69.118 - - [07/Jun/2022:19:02:54 +0000]  "GET /core/assets/vendor/normalize-css/normalize.css?0 HTTP/1.1" 200 1973 "https://dev-ebfactory-site.pantheonsite.io/core/install.php" "Mozilla/5.0 (Macintosh; Intel Mac OS X 10_15_7) AppleWebKit/537.36 (KHTML, like Gecko) Chrome/102.0.5005.61 Safari/537.36" 0.000 "2800:e2:1080:23d2:6ddd:cc04:2714:6d10, 2800:e2:1080:23d2:6ddd:cc04:2714:6d10, 10.1.69.118"
10.1.69.118 - - [07/Jun/2022:19:02:54 +0000]  "GET /core/modules/system/css/components/hidden.module.css?0 HTTP/1.1" 200 678 "https://dev-ebfactory-site.pantheonsite.io/core/install.php" "Mozilla/5.0 (Macintosh; Intel Mac OS X 10_15_7) AppleWebKit/537.36 (KHTML, like Gecko) Chrome/102.0.5005.61 Safari/537.36" 0.000 "2800:e2:1080:23d2:6ddd:cc04:2714:6d10, 2800:e2:1080:23d2:6ddd:cc04:2714:6d10, 10.1.69.118"
10.1.68.246 - - [07/Jun/2022:19:02:54 +0000]  "GET /core/modules/system/css/components/autocomplete-loading.module.css?0 HTTP/1.1" 200 262 "https://dev-ebfactory-site.pantheonsite.io/core/install.php" "Mozilla/5.0 (Macintosh; Intel Mac OS X 10_15_7) AppleWebKit/537.36 (KHTML, like Gecko) Chrome/102.0.5005.61 Safari/537.36" 0.000 "2800:e2:1080:23d2:6ddd:cc04:2714:6d10, 2800:e2:1080:23d2:6ddd:cc04:2714:6d10, 10.1.68.246"
10.1.67.88 - - [07/Jun/2022:19:02:54 +0000]  "GET /core/modules/system/css/components/js.module.css?0 HTTP/1.1" 200 244 "https://dev-ebfactory-site.pantheonsite.io/core/install.php" "Mozilla/5.0 (Macintosh; Intel Mac OS X 10_15_7) AppleWebKit/537.36 (KHTML, like Gecko) Chrome/102.0.5005.61 Safari/537.36" 0.000 "2800:e2:1080:23d2:6ddd:cc04:2714:6d10, 2800:e2:1080:23d2:6ddd:cc04:2714:6d10, 10.1.67.88"
10.1.5.64 - - [07/Jun/2022:19:02:54 +0000]  "GET /core/modules/system/css/components/align.module.css?0 HTTP/1.1" 200 235 "https://dev-ebfactory-site.pantheonsite.io/core/install.php" "Mozilla/5.0 (Macintosh; Intel Mac OS X 10_15_7) AppleWebKit/537.36 (KHTML, like Gecko) Chrome/102.0.5005.61 Safari/537.36" 0.000 "2800:e2:1080:23d2:6ddd:cc04:2714:6d10, 2800:e2:1080:23d2:6ddd:cc04:2714:6d10, 10.1.5.64"
10.1.69.83 - - [07/Jun/2022:19:02:54 +0000]  "GET /core/misc/normalize-fixes.css?0 HTTP/1.1" 200 568 "https://dev-ebfactory-site.pantheonsite.io/core/install.php" "Mozilla/5.0 (Macintosh; Intel Mac OS X 10_15_7) AppleWebKit/537.36 (KHTML, like Gecko) Chrome/102.0.5005.61 Safari/537.36" 0.000 "2800:e2:1080:23d2:6ddd:cc04:2714:6d10, 2800:e2:1080:23d2:6ddd:cc04:2714:6d10, 10.1.69.83"
10.1.68.246 - - [07/Jun/2022:19:02:54 +0000]  "GET /core/modules/system/css/components/ajax-progress.module.css?0 HTTP/1.1" 200 510 "https://dev-ebfactory-site.pantheonsite.io/core/install.php" "Mozilla/5.0 (Macintosh; Intel Mac OS X 10_15_7) AppleWebKit/537.36 (KHTML, like Gecko) Chrome/102.0.5005.61 Safari/537.36" 0.000 "2800:e2:1080:23d2:6ddd:cc04:2714:6d10, 2800:e2:1080:23d2:6ddd:cc04:2714:6d10, 10.1.68.246"
10.1.68.246 - - [07/Jun/2022:19:02:54 +0000]  "GET /core/modules/system/css/components/progress.module.css?0 HTTP/1.1" 200 380 "https://dev-ebfactory-site.pantheonsite.io/core/install.php" "Mozilla/5.0 (Macintosh; Intel Mac OS X 10_15_7) AppleWebKit/537.36 (KHTML, like Gecko) Chrome/102.0.5005.61 Safari/537.36" 0.000 "2800:e2:1080:23d2:6ddd:cc04:2714:6d10, 2800:e2:1080:23d2:6ddd:cc04:2714:6d10, 10.1.68.246"
10.1.4.121 - - [07/Jun/2022:19:02:54 +0000]  "GET /core/modules/system/css/components/clearfix.module.css?0 HTTP/1.1" 200 233 "https://dev-ebfactory-site.pantheonsite.io/core/install.php" "Mozilla/5.0 (Macintosh; Intel Mac OS X 10_15_7) AppleWebKit/537.36 (KHTML, like Gecko) Chrome/102.0.5005.61 Safari/537.36" 0.000 "2800:e2:1080:23d2:6ddd:cc04:2714:6d10, 2800:e2:1080:23d2:6ddd:cc04:2714:6d10, 10.1.4.121"
10.1.69.83 - - [07/Jun/2022:19:02:54 +0000]  "GET /core/modules/system/css/components/fieldgroup.module.css?0 HTTP/1.1" 200 106 "https://dev-ebfactory-site.pantheonsite.io/core/install.php" "Mozilla/5.0 (Macintosh; Intel Mac OS X 10_15_7) AppleWebKit/537.36 (KHTML, like Gecko) Chrome/102.0.5005.61 Safari/537.36" 0.000 "2800:e2:1080:23d2:6ddd:cc04:2714:6d10, 2800:e2:1080:23d2:6ddd:cc04:2714:6d10, 10.1.69.83"
10.1.68.187 - - [07/Jun/2022:19:02:54 +0000]  "GET /core/modules/system/css/components/position-container.module.css?0 HTTP/1.1" 200 105 "https://dev-ebfactory-site.pantheonsite.io/core/install.php" "Mozilla/5.0 (Macintosh; Intel Mac OS X 10_15_7) AppleWebKit/537.36 (KHTML, like Gecko) Chrome/102.0.5005.61 Safari/537.36" 0.000 "2800:e2:1080:23d2:6ddd:cc04:2714:6d10, 2800:e2:1080:23d2:6ddd:cc04:2714:6d10, 10.1.68.187"
10.1.67.127 - - [07/Jun/2022:19:02:54 +0000]  "GET /core/modules/system/css/components/container-inline.module.css?0 HTTP/1.1" 200 180 "https://dev-ebfactory-site.pantheonsite.io/core/install.php" "Mozilla/5.0 (Macintosh; Intel Mac OS X 10_15_7) AppleWebKit/537.36 (KHTML, like Gecko) Chrome/102.0.5005.61 Safari/537.36" 0.000 "2800:e2:1080:23d2:6ddd:cc04:2714:6d10, 2800:e2:1080:23d2:6ddd:cc04:2714:6d10, 10.1.67.127"
10.1.69.83 - - [07/Jun/2022:19:02:54 +0000]  "GET /core/modules/system/css/components/nowrap.module.css?0 HTTP/1.1" 200 115 "https://dev-ebfactory-site.pantheonsite.io/core/install.php" "Mozilla/5.0 (Macintosh; Intel Mac OS X 10_15_7) AppleWebKit/537.36 (KHTML, like Gecko) Chrome/102.0.5005.61 Safari/537.36" 0.000 "2800:e2:1080:23d2:6ddd:cc04:2714:6d10, 2800:e2:1080:23d2:6ddd:cc04:2714:6d10, 10.1.69.83"
10.1.5.64 - - [07/Jun/2022:19:02:54 +0000]  "GET /core/modules/system/css/components/item-list.module.css?0 HTTP/1.1" 200 168 "https://dev-ebfactory-site.pantheonsite.io/core/install.php" "Mozilla/5.0 (Macintosh; Intel Mac OS X 10_15_7) AppleWebKit/537.36 (KHTML, like Gecko) Chrome/102.0.5005.61 Safari/537.36" 0.000 "2800:e2:1080:23d2:6ddd:cc04:2714:6d10, 2800:e2:1080:23d2:6ddd:cc04:2714:6d10, 10.1.5.64"
10.1.69.83 - - [07/Jun/2022:19:02:54 +0000]  "GET /core/modules/system/css/components/reset-appearance.module.css?0 HTTP/1.1" 200 204 "https://dev-ebfactory-site.pantheonsite.io/core/install.php" "Mozilla/5.0 (Macintosh; Intel Mac OS X 10_15_7) AppleWebKit/537.36 (KHTML, like Gecko) Chrome/102.0.5005.61 Safari/537.36" 0.000 "2800:e2:1080:23d2:6ddd:cc04:2714:6d10, 2800:e2:1080:23d2:6ddd:cc04:2714:6d10, 10.1.69.83"
10.1.68.189 - - [07/Jun/2022:19:02:54 +0000]  "GET /core/modules/system/css/components/details.module.css?0 HTTP/1.1" 200 133 "https://dev-ebfactory-site.pantheonsite.io/core/install.php" "Mozilla/5.0 (Macintosh; Intel Mac OS X 10_15_7) AppleWebKit/537.36 (KHTML, like Gecko) Chrome/102.0.5005.61 Safari/537.36" 0.000 "2800:e2:1080:23d2:6ddd:cc04:2714:6d10, 2800:e2:1080:23d2:6ddd:cc04:2714:6d10, 10.1.68.189"
10.1.5.105 - - [07/Jun/2022:19:02:54 +0000]  "GET /core/modules/system/css/components/tree-child.module.css?0 HTTP/1.1" 200 232 "https://dev-ebfactory-site.pantheonsite.io/core/install.php" "Mozilla/5.0 (Macintosh; Intel Mac OS X 10_15_7) AppleWebKit/537.36 (KHTML, like Gecko) Chrome/102.0.5005.61 Safari/537.36" 0.000 "2800:e2:1080:23d2:6ddd:cc04:2714:6d10, 2800:e2:1080:23d2:6ddd:cc04:2714:6d10, 10.1.5.105"
10.1.68.246 - - [07/Jun/2022:19:02:54 +0000]  "GET /core/modules/system/css/components/tablesort.module.css?0 HTTP/1.1" 200 219 "https://dev-ebfactory-site.pantheonsite.io/core/install.php" "Mozilla/5.0 (Macintosh; Intel Mac OS X 10_15_7) AppleWebKit/537.36 (KHTML, like Gecko) Chrome/102.0.5005.61 Safari/537.36" 0.000 "2800:e2:1080:23d2:6ddd:cc04:2714:6d10, 2800:e2:1080:23d2:6ddd:cc04:2714:6d10, 10.1.68.246"
10.1.67.127 - - [07/Jun/2022:19:02:54 +0000]  "GET /core/modules/system/css/components/tabledrag.module.css?0 HTTP/1.1" 200 679 "https://dev-ebfactory-site.pantheonsite.io/core/install.php" "Mozilla/5.0 (Macintosh; Intel Mac OS X 10_15_7) AppleWebKit/537.36 (KHTML, like Gecko) Chrome/102.0.5005.61 Safari/537.36" 0.000 "2800:e2:1080:23d2:6ddd:cc04:2714:6d10, 2800:e2:1080:23d2:6ddd:cc04:2714:6d10, 10.1.67.127"
10.1.5.105 - - [07/Jun/2022:19:02:54 +0000]  "GET /core/modules/system/css/system.admin.css?0 HTTP/1.1" 200 2283 "https://dev-ebfactory-site.pantheonsite.io/core/install.php" "Mozilla/5.0 (Macintosh; Intel Mac OS X 10_15_7) AppleWebKit/537.36 (KHTML, like Gecko) Chrome/102.0.5005.61 Safari/537.36" 0.000 "2800:e2:1080:23d2:6ddd:cc04:2714:6d10, 2800:e2:1080:23d2:6ddd:cc04:2714:6d10, 10.1.5.105"
10.1.67.88 - - [07/Jun/2022:19:02:54 +0000]  "GET /core/themes/seven/css/base/elements.css?0 HTTP/1.1" 200 1268 "https://dev-ebfactory-site.pantheonsite.io/core/install.php" "Mozilla/5.0 (Macintosh; Intel Mac OS X 10_15_7) AppleWebKit/537.36 (KHTML, like Gecko) Chrome/102.0.5005.61 Safari/537.36" 0.000 "2800:e2:1080:23d2:6ddd:cc04:2714:6d10, 2800:e2:1080:23d2:6ddd:cc04:2714:6d10, 10.1.67.88"
10.1.68.246 - - [07/Jun/2022:19:02:54 +0000]  "GET /core/themes/seven/css/classy/components/collapse-processed.css?0 HTTP/1.1" 200 357 "https://dev-ebfactory-site.pantheonsite.io/core/install.php" "Mozilla/5.0 (Macintosh; Intel Mac OS X 10_15_7) AppleWebKit/537.36 (KHTML, like Gecko) Chrome/102.0.5005.61 Safari/537.36" 0.000 "2800:e2:1080:23d2:6ddd:cc04:2714:6d10, 2800:e2:1080:23d2:6ddd:cc04:2714:6d10, 10.1.68.246"
10.1.68.189 - - [07/Jun/2022:19:02:54 +0000]  "GET /core/themes/seven/css/classy/components/breadcrumb.css?0 HTTP/1.1" 200 297 "https://dev-ebfactory-site.pantheonsite.io/core/install.php" "Mozilla/5.0 (Macintosh; Intel Mac OS X 10_15_7) AppleWebKit/537.36 (KHTML, like Gecko) Chrome/102.0.5005.61 Safari/537.36" 0.000 "2800:e2:1080:23d2:6ddd:cc04:2714:6d10, 2800:e2:1080:23d2:6ddd:cc04:2714:6d10, 10.1.68.189"
10.1.4.121 - - [07/Jun/2022:19:02:54 +0000]  "GET /core/modules/system/css/components/sticky-header.module.css?0 HTTP/1.1" 200 155 "https://dev-ebfactory-site.pantheonsite.io/core/install.php" "Mozilla/5.0 (Macintosh; Intel Mac OS X 10_15_7) AppleWebKit/537.36 (KHTML, like Gecko) Chrome/102.0.5005.61 Safari/537.36" 0.000 "2800:e2:1080:23d2:6ddd:cc04:2714:6d10, 2800:e2:1080:23d2:6ddd:cc04:2714:6d10, 10.1.4.121"
10.1.69.118 - - [07/Jun/2022:19:02:54 +0000]  "GET /core/themes/seven/css/layout/layout.css?0 HTTP/1.1" 200 165 "https://dev-ebfactory-site.pantheonsite.io/core/install.php" "Mozilla/5.0 (Macintosh; Intel Mac OS X 10_15_7) AppleWebKit/537.36 (KHTML, like Gecko) Chrome/102.0.5005.61 Safari/537.36" 0.000 "2800:e2:1080:23d2:6ddd:cc04:2714:6d10, 2800:e2:1080:23d2:6ddd:cc04:2714:6d10, 10.1.69.118"
10.1.68.187 - - [07/Jun/2022:19:02:54 +0000]  "GET /core/themes/seven/css/base/typography.css?0 HTTP/1.1" 200 268 "https://dev-ebfactory-site.pantheonsite.io/core/install.php" "Mozilla/5.0 (Macintosh; Intel Mac OS X 10_15_7) AppleWebKit/537.36 (KHTML, like Gecko) Chrome/102.0.5005.61 Safari/537.36" 0.000 "2800:e2:1080:23d2:6ddd:cc04:2714:6d10, 2800:e2:1080:23d2:6ddd:cc04:2714:6d10, 10.1.68.187"
10.1.4.121 - - [07/Jun/2022:19:02:54 +0000]  "GET /core/themes/seven/css/classy/components/button.css?0 HTTP/1.1" 200 146 "https://dev-ebfactory-site.pantheonsite.io/core/install.php" "Mozilla/5.0 (Macintosh; Intel Mac OS X 10_15_7) AppleWebKit/537.36 (KHTML, like Gecko) Chrome/102.0.5005.61 Safari/537.36" 0.000 "2800:e2:1080:23d2:6ddd:cc04:2714:6d10, 2800:e2:1080:23d2:6ddd:cc04:2714:6d10, 10.1.4.121"
10.1.69.118 - - [07/Jun/2022:19:02:54 +0000]  "GET /core/themes/seven/css/base/print.css?0 HTTP/1.1" 200 682 "https://dev-ebfactory-site.pantheonsite.io/core/install.php" "Mozilla/5.0 (Macintosh; Intel Mac OS X 10_15_7) AppleWebKit/537.36 (KHTML, like Gecko) Chrome/102.0.5005.61 Safari/537.36" 0.000 "2800:e2:1080:23d2:6ddd:cc04:2714:6d10, 2800:e2:1080:23d2:6ddd:cc04:2714:6d10, 10.1.69.118"
10.1.0.169 - - [07/Jun/2022:19:02:54 +0000]  "GET /core/modules/system/css/components/resize.module.css?0 HTTP/1.1" 200 168 "https://dev-ebfactory-site.pantheonsite.io/core/install.php" "Mozilla/5.0 (Macintosh; Intel Mac OS X 10_15_7) AppleWebKit/537.36 (KHTML, like Gecko) Chrome/102.0.5005.61 Safari/537.36" 0.000 "2800:e2:1080:23d2:6ddd:cc04:2714:6d10, 2800:e2:1080:23d2:6ddd:cc04:2714:6d10, 10.1.0.169"
10.1.4.122 - - [07/Jun/2022:19:02:54 +0000]  "GET /core/modules/system/css/system.maintenance.css?0 HTTP/1.1" 200 441 "https://dev-ebfactory-site.pantheonsite.io/core/install.php" "Mozilla/5.0 (Macintosh; Intel Mac OS X 10_15_7) AppleWebKit/537.36 (KHTML, like Gecko) Chrome/102.0.5005.61 Safari/537.36" 0.000 "2800:e2:1080:23d2:6ddd:cc04:2714:6d10, 2800:e2:1080:23d2:6ddd:cc04:2714:6d10, 10.1.4.122"
10.1.4.122 - - [07/Jun/2022:19:02:54 +0000]  "GET /core/themes/seven/css/classy/components/exposed-filters.css?0 HTTP/1.1" 200 332 "https://dev-ebfactory-site.pantheonsite.io/core/install.php" "Mozilla/5.0 (Macintosh; Intel Mac OS X 10_15_7) AppleWebKit/537.36 (KHTML, like Gecko) Chrome/102.0.5005.61 Safari/537.36" 0.000 "2800:e2:1080:23d2:6ddd:cc04:2714:6d10, 2800:e2:1080:23d2:6ddd:cc04:2714:6d10, 10.1.4.122"
10.1.4.122 - - [07/Jun/2022:19:02:54 +0000]  "GET /core/themes/seven/css/classy/components/field.css?0 HTTP/1.1" 200 235 "https://dev-ebfactory-site.pantheonsite.io/core/install.php" "Mozilla/5.0 (Macintosh; Intel Mac OS X 10_15_7) AppleWebKit/537.36 (KHTML, like Gecko) Chrome/102.0.5005.61 Safari/537.36" 0.000 "2800:e2:1080:23d2:6ddd:cc04:2714:6d10, 2800:e2:1080:23d2:6ddd:cc04:2714:6d10, 10.1.4.122"
10.1.69.118 - - [07/Jun/2022:19:02:54 +0000]  "GET /core/themes/seven/css/classy/components/container-inline.css?0 HTTP/1.1" 200 203 "https://dev-ebfactory-site.pantheonsite.io/core/install.php" "Mozilla/5.0 (Macintosh; Intel Mac OS X 10_15_7) AppleWebKit/537.36 (KHTML, like Gecko) Chrome/102.0.5005.61 Safari/537.36" 0.000 "2800:e2:1080:23d2:6ddd:cc04:2714:6d10, 2800:e2:1080:23d2:6ddd:cc04:2714:6d10, 10.1.69.118"
10.1.0.132 - - [07/Jun/2022:19:02:54 +0000]  "GET /core/themes/seven/css/classy/components/messages.css?0 HTTP/1.1" 200 686 "https://dev-ebfactory-site.pantheonsite.io/core/install.php" "Mozilla/5.0 (Macintosh; Intel Mac OS X 10_15_7) AppleWebKit/537.36 (KHTML, like Gecko) Chrome/102.0.5005.61 Safari/537.36" 0.000 "2800:e2:1080:23d2:6ddd:cc04:2714:6d10, 2800:e2:1080:23d2:6ddd:cc04:2714:6d10, 10.1.0.132"
10.1.69.131 - - [07/Jun/2022:19:02:54 +0000]  "GET /core/themes/seven/css/classy/components/action-links.css?0 HTTP/1.1" 200 393 "https://dev-ebfactory-site.pantheonsite.io/core/install.php" "Mozilla/5.0 (Macintosh; Intel Mac OS X 10_15_7) AppleWebKit/537.36 (KHTML, like Gecko) Chrome/102.0.5005.61 Safari/537.36" 0.000 "2800:e2:1080:23d2:6ddd:cc04:2714:6d10, 2800:e2:1080:23d2:6ddd:cc04:2714:6d10, 10.1.69.131"
10.1.69.83 - - [07/Jun/2022:19:02:54 +0000]  "GET /core/themes/seven/css/classy/components/links.css?0 HTTP/1.1" 200 225 "https://dev-ebfactory-site.pantheonsite.io/core/install.php" "Mozilla/5.0 (Macintosh; Intel Mac OS X 10_15_7) AppleWebKit/537.36 (KHTML, like Gecko) Chrome/102.0.5005.61 Safari/537.36" 0.000 "2800:e2:1080:23d2:6ddd:cc04:2714:6d10, 2800:e2:1080:23d2:6ddd:cc04:2714:6d10, 10.1.69.83"
10.1.67.88 - - [07/Jun/2022:19:02:54 +0000]  "GET /core/themes/seven/css/classy/components/link.css?0 HTTP/1.1" 200 181 "https://dev-ebfactory-site.pantheonsite.io/core/install.php" "Mozilla/5.0 (Macintosh; Intel Mac OS X 10_15_7) AppleWebKit/537.36 (KHTML, like Gecko) Chrome/102.0.5005.61 Safari/537.36" 0.000 "2800:e2:1080:23d2:6ddd:cc04:2714:6d10, 2800:e2:1080:23d2:6ddd:cc04:2714:6d10, 10.1.67.88"
10.1.69.118 - - [07/Jun/2022:19:02:54 +0000]  "GET /core/themes/seven/css/classy/components/menu.css?0 HTTP/1.1" 200 322 "https://dev-ebfactory-site.pantheonsite.io/core/install.php" "Mozilla/5.0 (Macintosh; Intel Mac OS X 10_15_7) AppleWebKit/537.36 (KHTML, like Gecko) Chrome/102.0.5005.61 Safari/537.36" 0.000 "2800:e2:1080:23d2:6ddd:cc04:2714:6d10, 2800:e2:1080:23d2:6ddd:cc04:2714:6d10, 10.1.69.118"
10.1.67.88 - - [07/Jun/2022:19:02:54 +0000]  "GET /core/themes/seven/css/classy/components/inline-form.css?0 HTTP/1.1" 200 316 "https://dev-ebfactory-site.pantheonsite.io/core/install.php" "Mozilla/5.0 (Macintosh; Intel Mac OS X 10_15_7) AppleWebKit/537.36 (KHTML, like Gecko) Chrome/102.0.5005.61 Safari/537.36" 0.000 "2800:e2:1080:23d2:6ddd:cc04:2714:6d10, 2800:e2:1080:23d2:6ddd:cc04:2714:6d10, 10.1.67.88"
10.1.5.64 - - [07/Jun/2022:19:02:54 +0000]  "GET /core/themes/seven/css/classy/components/icons.css?0 HTTP/1.1" 200 281 "https://dev-ebfactory-site.pantheonsite.io/core/install.php" "Mozilla/5.0 (Macintosh; Intel Mac OS X 10_15_7) AppleWebKit/537.36 (KHTML, like Gecko) Chrome/102.0.5005.61 Safari/537.36" 0.000 "2800:e2:1080:23d2:6ddd:cc04:2714:6d10, 2800:e2:1080:23d2:6ddd:cc04:2714:6d10, 10.1.5.64"
10.1.68.187 - - [07/Jun/2022:19:02:54 +0000]  "GET /core/themes/seven/css/classy/components/form.css?0 HTTP/1.1" 200 851 "https://dev-ebfactory-site.pantheonsite.io/core/install.php" "Mozilla/5.0 (Macintosh; Intel Mac OS X 10_15_7) AppleWebKit/537.36 (KHTML, like Gecko) Chrome/102.0.5005.61 Safari/537.36" 0.000 "2800:e2:1080:23d2:6ddd:cc04:2714:6d10, 2800:e2:1080:23d2:6ddd:cc04:2714:6d10, 10.1.68.187"
10.1.67.88 - - [07/Jun/2022:19:02:54 +0000]  "GET /core/themes/seven/css/classy/components/item-list.css?0 HTTP/1.1" 200 268 "https://dev-ebfactory-site.pantheonsite.io/core/install.php" "Mozilla/5.0 (Macintosh; Intel Mac OS X 10_15_7) AppleWebKit/537.36 (KHTML, like Gecko) Chrome/102.0.5005.61 Safari/537.36" 0.000 "2800:e2:1080:23d2:6ddd:cc04:2714:6d10, 2800:e2:1080:23d2:6ddd:cc04:2714:6d10, 10.1.67.88"
10.1.69.118 - - [07/Jun/2022:19:02:54 +0000]  "GET /core/themes/seven/css/classy/components/textarea.css?0 HTTP/1.1" 200 160 "https://dev-ebfactory-site.pantheonsite.io/core/install.php" "Mozilla/5.0 (Macintosh; Intel Mac OS X 10_15_7) AppleWebKit/537.36 (KHTML, like Gecko) Chrome/102.0.5005.61 Safari/537.36" 0.000 "2800:e2:1080:23d2:6ddd:cc04:2714:6d10, 2800:e2:1080:23d2:6ddd:cc04:2714:6d10, 10.1.69.118"
10.1.0.169 - - [07/Jun/2022:19:02:54 +0000]  "GET /core/themes/seven/css/classy/components/tableselect.css?0 HTTP/1.1" 200 208 "https://dev-ebfactory-site.pantheonsite.io/core/install.php" "Mozilla/5.0 (Macintosh; Intel Mac OS X 10_15_7) AppleWebKit/537.36 (KHTML, like Gecko) Chrome/102.0.5005.61 Safari/537.36" 0.000 "2800:e2:1080:23d2:6ddd:cc04:2714:6d10, 2800:e2:1080:23d2:6ddd:cc04:2714:6d10, 10.1.0.169"
10.1.69.131 - - [07/Jun/2022:19:02:54 +0000]  "GET /core/themes/seven/css/classy/components/tablesort.css?0 HTTP/1.1" 200 135 "https://dev-ebfactory-site.pantheonsite.io/core/install.php" "Mozilla/5.0 (Macintosh; Intel Mac OS X 10_15_7) AppleWebKit/537.36 (KHTML, like Gecko) Chrome/102.0.5005.61 Safari/537.36" 0.000 "2800:e2:1080:23d2:6ddd:cc04:2714:6d10, 2800:e2:1080:23d2:6ddd:cc04:2714:6d10, 10.1.69.131"
10.1.68.187 - - [07/Jun/2022:19:02:54 +0000]  "GET /core/themes/seven/css/classy/components/more-link.css?0 HTTP/1.1" 200 162 "https://dev-ebfactory-site.pantheonsite.io/core/install.php" "Mozilla/5.0 (Macintosh; Intel Mac OS X 10_15_7) AppleWebKit/537.36 (KHTML, like Gecko) Chrome/102.0.5005.61 Safari/537.36" 0.000 "2800:e2:1080:23d2:6ddd:cc04:2714:6d10, 2800:e2:1080:23d2:6ddd:cc04:2714:6d10, 10.1.68.187"
10.1.0.132 - - [07/Jun/2022:19:02:54 +0000]  "GET /core/themes/seven/css/classy/components/tabs.css?0 HTTP/1.1" 200 288 "https://dev-ebfactory-site.pantheonsite.io/core/install.php" "Mozilla/5.0 (Macintosh; Intel Mac OS X 10_15_7) AppleWebKit/537.36 (KHTML, like Gecko) Chrome/102.0.5005.61 Safari/537.36" 0.000 "2800:e2:1080:23d2:6ddd:cc04:2714:6d10, 2800:e2:1080:23d2:6ddd:cc04:2714:6d10, 10.1.0.132"
10.1.4.122 - - [07/Jun/2022:19:02:54 +0000]  "GET /core/themes/seven/css/classy/components/tabledrag.css?0 HTTP/1.1" 200 170 "https://dev-ebfactory-site.pantheonsite.io/core/install.php" "Mozilla/5.0 (Macintosh; Intel Mac OS X 10_15_7) AppleWebKit/537.36 (KHTML, like Gecko) Chrome/102.0.5005.61 Safari/537.36" 0.000 "2800:e2:1080:23d2:6ddd:cc04:2714:6d10, 2800:e2:1080:23d2:6ddd:cc04:2714:6d10, 10.1.4.122"
10.1.68.189 - - [07/Jun/2022:19:02:54 +0000]  "GET /core/themes/seven/css/classy/components/pager.css?0 HTTP/1.1" 200 171 "https://dev-ebfactory-site.pantheonsite.io/core/install.php" "Mozilla/5.0 (Macintosh; Intel Mac OS X 10_15_7) AppleWebKit/537.36 (KHTML, like Gecko) Chrome/102.0.5005.61 Safari/537.36" 0.000 "2800:e2:1080:23d2:6ddd:cc04:2714:6d10, 2800:e2:1080:23d2:6ddd:cc04:2714:6d10, 10.1.68.189"
10.1.69.118 - - [07/Jun/2022:19:02:54 +0000]  "GET /core/themes/seven/css/classy/components/ui-dialog.css?0 HTTP/1.1" 200 171 "https://dev-ebfactory-site.pantheonsite.io/core/install.php" "Mozilla/5.0 (Macintosh; Intel Mac OS X 10_15_7) AppleWebKit/537.36 (KHTML, like Gecko) Chrome/102.0.5005.61 Safari/537.36" 0.000 "2800:e2:1080:23d2:6ddd:cc04:2714:6d10, 2800:e2:1080:23d2:6ddd:cc04:2714:6d10, 10.1.69.118"
10.1.68.246 - - [07/Jun/2022:19:02:54 +0000]  "GET /core/themes/seven/css/components/content-header.css?0 HTTP/1.1" 200 131 "https://dev-ebfactory-site.pantheonsite.io/core/install.php" "Mozilla/5.0 (Macintosh; Intel Mac OS X 10_15_7) AppleWebKit/537.36 (KHTML, like Gecko) Chrome/102.0.5005.61 Safari/537.36" 0.000 "2800:e2:1080:23d2:6ddd:cc04:2714:6d10, 2800:e2:1080:23d2:6ddd:cc04:2714:6d10, 10.1.68.246"
10.1.68.187 - - [07/Jun/2022:19:02:54 +0000]  "GET /core/themes/seven/css/components/buttons.css?0 HTTP/1.1" 200 1869 "https://dev-ebfactory-site.pantheonsite.io/core/install.php" "Mozilla/5.0 (Macintosh; Intel Mac OS X 10_15_7) AppleWebKit/537.36 (KHTML, like Gecko) Chrome/102.0.5005.61 Safari/537.36" 0.000 "2800:e2:1080:23d2:6ddd:cc04:2714:6d10, 2800:e2:1080:23d2:6ddd:cc04:2714:6d10, 10.1.68.187"
10.1.69.131 - - [07/Jun/2022:19:02:54 +0000]  "GET /core/themes/seven/css/components/container-inline.css?0 HTTP/1.1" 200 207 "https://dev-ebfactory-site.pantheonsite.io/core/install.php" "Mozilla/5.0 (Macintosh; Intel Mac OS X 10_15_7) AppleWebKit/537.36 (KHTML, like Gecko) Chrome/102.0.5005.61 Safari/537.36" 0.000 "2800:e2:1080:23d2:6ddd:cc04:2714:6d10, 2800:e2:1080:23d2:6ddd:cc04:2714:6d10, 10.1.69.131"
10.1.0.132 - - [07/Jun/2022:19:02:54 +0000]  "GET /core/themes/seven/css/components/messages.css?0 HTTP/1.1" 200 191 "https://dev-ebfactory-site.pantheonsite.io/core/install.php" "Mozilla/5.0 (Macintosh; Intel Mac OS X 10_15_7) AppleWebKit/537.36 (KHTML, like Gecko) Chrome/102.0.5005.61 Safari/537.36" 0.000 "2800:e2:1080:23d2:6ddd:cc04:2714:6d10, 2800:e2:1080:23d2:6ddd:cc04:2714:6d10, 10.1.0.132"
10.1.68.187 - - [07/Jun/2022:19:02:54 +0000]  "GET /core/themes/seven/css/components/dropbutton.component.css?0 HTTP/1.1" 200 2164 "https://dev-ebfactory-site.pantheonsite.io/core/install.php" "Mozilla/5.0 (Macintosh; Intel Mac OS X 10_15_7) AppleWebKit/537.36 (KHTML, like Gecko) Chrome/102.0.5005.61 Safari/537.36" 0.000 "2800:e2:1080:23d2:6ddd:cc04:2714:6d10, 2800:e2:1080:23d2:6ddd:cc04:2714:6d10, 10.1.68.187"
10.1.67.88 - - [07/Jun/2022:19:02:54 +0000]  "GET /core/themes/seven/css/components/container-inline.module.css?0 HTTP/1.1" 200 112 "https://dev-ebfactory-site.pantheonsite.io/core/install.php" "Mozilla/5.0 (Macintosh; Intel Mac OS X 10_15_7) AppleWebKit/537.36 (KHTML, like Gecko) Chrome/102.0.5005.61 Safari/537.36" 0.000 "2800:e2:1080:23d2:6ddd:cc04:2714:6d10, 2800:e2:1080:23d2:6ddd:cc04:2714:6d10, 10.1.67.88"
10.1.68.189 - - [07/Jun/2022:19:02:54 +0000]  "GET /core/themes/seven/css/components/admin-list.css?0 HTTP/1.1" 200 446 "https://dev-ebfactory-site.pantheonsite.io/core/install.php" "Mozilla/5.0 (Macintosh; Intel Mac OS X 10_15_7) AppleWebKit/537.36 (KHTML, like Gecko) Chrome/102.0.5005.61 Safari/537.36" 0.000 "2800:e2:1080:23d2:6ddd:cc04:2714:6d10, 2800:e2:1080:23d2:6ddd:cc04:2714:6d10, 10.1.68.189"
10.1.0.132 - - [07/Jun/2022:19:02:54 +0000]  "GET /core/themes/seven/css/components/modules-page.css?0 HTTP/1.1" 200 358 "https://dev-ebfactory-site.pantheonsite.io/core/install.php" "Mozilla/5.0 (Macintosh; Intel Mac OS X 10_15_7) AppleWebKit/537.36 (KHTML, like Gecko) Chrome/102.0.5005.61 Safari/537.36" 0.000 "2800:e2:1080:23d2:6ddd:cc04:2714:6d10, 2800:e2:1080:23d2:6ddd:cc04:2714:6d10, 10.1.0.132"
10.1.0.169 - - [07/Jun/2022:19:02:54 +0000]  "GET /core/themes/seven/css/components/node.css?0 HTTP/1.1" 200 69 "https://dev-ebfactory-site.pantheonsite.io/core/install.php" "Mozilla/5.0 (Macintosh; Intel Mac OS X 10_15_7) AppleWebKit/537.36 (KHTML, like Gecko) Chrome/102.0.5005.61 Safari/537.36" 0.000 "2800:e2:1080:23d2:6ddd:cc04:2714:6d10, 2800:e2:1080:23d2:6ddd:cc04:2714:6d10, 10.1.0.169"
10.1.5.64 - - [07/Jun/2022:19:02:54 +0000]  "GET /core/themes/seven/css/components/page-title.css?0 HTTP/1.1" 200 127 "https://dev-ebfactory-site.pantheonsite.io/core/install.php" "Mozilla/5.0 (Macintosh; Intel Mac OS X 10_15_7) AppleWebKit/537.36 (KHTML, like Gecko) Chrome/102.0.5005.61 Safari/537.36" 0.000 "2800:e2:1080:23d2:6ddd:cc04:2714:6d10, 2800:e2:1080:23d2:6ddd:cc04:2714:6d10, 10.1.5.64"
10.1.67.88 - - [07/Jun/2022:19:02:54 +0000]  "GET /core/themes/seven/css/components/help.css?0 HTTP/1.1" 200 113 "https://dev-ebfactory-site.pantheonsite.io/core/install.php" "Mozilla/5.0 (Macintosh; Intel Mac OS X 10_15_7) AppleWebKit/537.36 (KHTML, like Gecko) Chrome/102.0.5005.61 Safari/537.36" 0.000 "2800:e2:1080:23d2:6ddd:cc04:2714:6d10, 2800:e2:1080:23d2:6ddd:cc04:2714:6d10, 10.1.67.88"
10.1.0.180 - - [07/Jun/2022:19:02:54 +0000]  "GET /core/themes/seven/css/components/breadcrumb.css?0 HTTP/1.1" 200 112 "https://dev-ebfactory-site.pantheonsite.io/core/install.php" "Mozilla/5.0 (Macintosh; Intel Mac OS X 10_15_7) AppleWebKit/537.36 (KHTML, like Gecko) Chrome/102.0.5005.61 Safari/537.36" 0.000 "2800:e2:1080:23d2:6ddd:cc04:2714:6d10, 2800:e2:1080:23d2:6ddd:cc04:2714:6d10, 10.1.0.180"
10.1.5.105 - - [07/Jun/2022:19:02:54 +0000]  "GET /core/themes/seven/css/components/entity-meta.css?0 HTTP/1.1" 200 648 "https://dev-ebfactory-site.pantheonsite.io/core/install.php" "Mozilla/5.0 (Macintosh; Intel Mac OS X 10_15_7) AppleWebKit/537.36 (KHTML, like Gecko) Chrome/102.0.5005.61 Safari/537.36" 0.000 "2800:e2:1080:23d2:6ddd:cc04:2714:6d10, 2800:e2:1080:23d2:6ddd:cc04:2714:6d10, 10.1.5.105"
10.1.0.169 - - [07/Jun/2022:19:02:54 +0000]  "GET /core/themes/seven/css/components/menus-and-lists.css?0 HTTP/1.1" 200 316 "https://dev-ebfactory-site.pantheonsite.io/core/install.php" "Mozilla/5.0 (Macintosh; Intel Mac OS X 10_15_7) AppleWebKit/537.36 (KHTML, like Gecko) Chrome/102.0.5005.61 Safari/537.36" 0.000 "2800:e2:1080:23d2:6ddd:cc04:2714:6d10, 2800:e2:1080:23d2:6ddd:cc04:2714:6d10, 10.1.0.169"
10.1.68.246 - - [07/Jun/2022:19:02:54 +0000]  "GET /core/themes/seven/css/components/tables.css?0 HTTP/1.1" 200 1091 "https://dev-ebfactory-site.pantheonsite.io/core/install.php" "Mozilla/5.0 (Macintosh; Intel Mac OS X 10_15_7) AppleWebKit/537.36 (KHTML, like Gecko) Chrome/102.0.5005.61 Safari/537.36" 0.000 "2800:e2:1080:23d2:6ddd:cc04:2714:6d10, 2800:e2:1080:23d2:6ddd:cc04:2714:6d10, 10.1.68.246"
10.1.0.132 - - [07/Jun/2022:19:02:54 +0000]  "GET /core/themes/seven/css/components/form.css?0 HTTP/1.1" 200 2690 "https://dev-ebfactory-site.pantheonsite.io/core/install.php" "Mozilla/5.0 (Macintosh; Intel Mac OS X 10_15_7) AppleWebKit/537.36 (KHTML, like Gecko) Chrome/102.0.5005.61 Safari/537.36" 0.000 "2800:e2:1080:23d2:6ddd:cc04:2714:6d10, 2800:e2:1080:23d2:6ddd:cc04:2714:6d10, 10.1.0.132"
10.1.0.180 - - [07/Jun/2022:19:02:54 +0000]  "GET /core/themes/seven/css/components/panel.css?0 HTTP/1.1" 200 223 "https://dev-ebfactory-site.pantheonsite.io/core/install.php" "Mozilla/5.0 (Macintosh; Intel Mac OS X 10_15_7) AppleWebKit/537.36 (KHTML, like Gecko) Chrome/102.0.5005.61 Safari/537.36" 0.000 "2800:e2:1080:23d2:6ddd:cc04:2714:6d10, 2800:e2:1080:23d2:6ddd:cc04:2714:6d10, 10.1.0.180"
10.1.67.127 - - [07/Jun/2022:19:02:54 +0000]  "GET /core/themes/seven/css/components/system-status-report.css?0 HTTP/1.1" 200 1183 "https://dev-ebfactory-site.pantheonsite.io/core/install.php" "Mozilla/5.0 (Macintosh; Intel Mac OS X 10_15_7) AppleWebKit/537.36 (KHTML, like Gecko) Chrome/102.0.5005.61 Safari/537.36" 0.000 "2800:e2:1080:23d2:6ddd:cc04:2714:6d10, 2800:e2:1080:23d2:6ddd:cc04:2714:6d10, 10.1.67.127"
10.1.0.180 - - [07/Jun/2022:19:02:54 +0000]  "GET /core/themes/seven/css/components/tabs.css?0 HTTP/1.1" 200 2253 "https://dev-ebfactory-site.pantheonsite.io/core/install.php" "Mozilla/5.0 (Macintosh; Intel Mac OS X 10_15_7) AppleWebKit/537.36 (KHTML, like Gecko) Chrome/102.0.5005.61 Safari/537.36" 0.000 "2800:e2:1080:23d2:6ddd:cc04:2714:6d10, 2800:e2:1080:23d2:6ddd:cc04:2714:6d10, 10.1.0.180"
10.1.5.105 - - [07/Jun/2022:19:02:54 +0000]  "GET /core/themes/seven/css/components/search-admin-settings.css?0 HTTP/1.1" 200 192 "https://dev-ebfactory-site.pantheonsite.io/core/install.php" "Mozilla/5.0 (Macintosh; Intel Mac OS X 10_15_7) AppleWebKit/537.36 (KHTML, like Gecko) Chrome/102.0.5005.61 Safari/537.36" 0.000 "2800:e2:1080:23d2:6ddd:cc04:2714:6d10, 2800:e2:1080:23d2:6ddd:cc04:2714:6d10, 10.1.5.105"
10.1.0.169 - - [07/Jun/2022:19:02:54 +0000]  "GET /core/themes/seven/css/components/field-ui.css?0 HTTP/1.1" 200 328 "https://dev-ebfactory-site.pantheonsite.io/core/install.php" "Mozilla/5.0 (Macintosh; Intel Mac OS X 10_15_7) AppleWebKit/537.36 (KHTML, like Gecko) Chrome/102.0.5005.61 Safari/537.36" 0.000 "2800:e2:1080:23d2:6ddd:cc04:2714:6d10, 2800:e2:1080:23d2:6ddd:cc04:2714:6d10, 10.1.0.169"
10.1.0.132 - - [07/Jun/2022:19:02:54 +0000]  "GET /core/themes/seven/css/components/tablesort-indicator.css?0 HTTP/1.1" 200 256 "https://dev-ebfactory-site.pantheonsite.io/core/install.php" "Mozilla/5.0 (Macintosh; Intel Mac OS X 10_15_7) AppleWebKit/537.36 (KHTML, like Gecko) Chrome/102.0.5005.61 Safari/537.36" 0.000 "2800:e2:1080:23d2:6ddd:cc04:2714:6d10, 2800:e2:1080:23d2:6ddd:cc04:2714:6d10, 10.1.0.132"
10.1.0.180 - - [07/Jun/2022:19:02:54 +0000]  "GET /core/themes/seven/css/components/skip-link.css?0 HTTP/1.1" 200 318 "https://dev-ebfactory-site.pantheonsite.io/core/install.php" "Mozilla/5.0 (Macintosh; Intel Mac OS X 10_15_7) AppleWebKit/537.36 (KHTML, like Gecko) Chrome/102.0.5005.61 Safari/537.36" 0.000 "2800:e2:1080:23d2:6ddd:cc04:2714:6d10, 2800:e2:1080:23d2:6ddd:cc04:2714:6d10, 10.1.0.180"
10.1.4.122 - - [07/Jun/2022:19:02:54 +0000]  "GET /core/themes/seven/css/components/pager.css?0 HTTP/1.1" 200 445 "https://dev-ebfactory-site.pantheonsite.io/core/install.php" "Mozilla/5.0 (Macintosh; Intel Mac OS X 10_15_7) AppleWebKit/537.36 (KHTML, like Gecko) Chrome/102.0.5005.61 Safari/537.36" 0.000 "2800:e2:1080:23d2:6ddd:cc04:2714:6d10, 2800:e2:1080:23d2:6ddd:cc04:2714:6d10, 10.1.4.122"
10.1.5.64 - - [07/Jun/2022:19:02:54 +0000]  "GET /core/themes/seven/css/components/system-status-report-general-info.css?0 HTTP/1.1" 200 1025 "https://dev-ebfactory-site.pantheonsite.io/core/install.php" "Mozilla/5.0 (Macintosh; Intel Mac OS X 10_15_7) AppleWebKit/537.36 (KHTML, like Gecko) Chrome/102.0.5005.61 Safari/537.36" 0.000 "2800:e2:1080:23d2:6ddd:cc04:2714:6d10, 2800:e2:1080:23d2:6ddd:cc04:2714:6d10, 10.1.5.64"
10.1.4.122 - - [07/Jun/2022:19:02:54 +0000]  "GET /core/themes/seven/css/components/details.css?0 HTTP/1.1" 200 288 "https://dev-ebfactory-site.pantheonsite.io/core/install.php" "Mozilla/5.0 (Macintosh; Intel Mac OS X 10_15_7) AppleWebKit/537.36 (KHTML, like Gecko) Chrome/102.0.5005.61 Safari/537.36" 0.000 "2800:e2:1080:23d2:6ddd:cc04:2714:6d10, 2800:e2:1080:23d2:6ddd:cc04:2714:6d10, 10.1.4.122"
10.1.0.132 - - [07/Jun/2022:19:02:54 +0000]  "GET /core/themes/seven/css/theme/install-page.css?0 HTTP/1.1" 200 613 "https://dev-ebfactory-site.pantheonsite.io/core/install.php" "Mozilla/5.0 (Macintosh; Intel Mac OS X 10_15_7) AppleWebKit/537.36 (KHTML, like Gecko) Chrome/102.0.5005.61 Safari/537.36" 0.000 "2800:e2:1080:23d2:6ddd:cc04:2714:6d10, 2800:e2:1080:23d2:6ddd:cc04:2714:6d10, 10.1.0.132"
10.1.68.189 - - [07/Jun/2022:19:02:54 +0000]  "GET /core/themes/seven/css/components/system-status-report-counters.css?0 HTTP/1.1" 200 272 "https://dev-ebfactory-site.pantheonsite.io/core/install.php" "Mozilla/5.0 (Macintosh; Intel Mac OS X 10_15_7) AppleWebKit/537.36 (KHTML, like Gecko) Chrome/102.0.5005.61 Safari/537.36" 0.000 "2800:e2:1080:23d2:6ddd:cc04:2714:6d10, 2800:e2:1080:23d2:6ddd:cc04:2714:6d10, 10.1.68.189"
10.1.5.105 - - [07/Jun/2022:19:02:54 +0000]  "GET /core/themes/seven/css/theme/maintenance-page.css?0 HTTP/1.1" 200 1415 "https://dev-ebfactory-site.pantheonsite.io/core/install.php" "Mozilla/5.0 (Macintosh; Intel Mac OS X 10_15_7) AppleWebKit/537.36 (KHTML, like Gecko) Chrome/102.0.5005.61 Safari/537.36" 0.000 "2800:e2:1080:23d2:6ddd:cc04:2714:6d10, 2800:e2:1080:23d2:6ddd:cc04:2714:6d10, 10.1.5.105"
10.1.68.246 - - [07/Jun/2022:19:02:54 +0000]  "GET /core/themes/seven/css/theme/colors.css?0 HTTP/1.1" 200 155 "https://dev-ebfactory-site.pantheonsite.io/core/install.php" "Mozilla/5.0 (Macintosh; Intel Mac OS X 10_15_7) AppleWebKit/537.36 (KHTML, like Gecko) Chrome/102.0.5005.61 Safari/537.36" 0.000 "2800:e2:1080:23d2:6ddd:cc04:2714:6d10, 2800:e2:1080:23d2:6ddd:cc04:2714:6d10, 10.1.68.246"
10.1.68.189 - - [07/Jun/2022:19:02:54 +0000]  "GET /core/themes/seven/css/components/system-status-counter.css?0 HTTP/1.1" 200 742 "https://dev-ebfactory-site.pantheonsite.io/core/install.php" "Mozilla/5.0 (Macintosh; Intel Mac OS X 10_15_7) AppleWebKit/537.36 (KHTML, like Gecko) Chrome/102.0.5005.61 Safari/537.36" 0.000 "2800:e2:1080:23d2:6ddd:cc04:2714:6d10, 2800:e2:1080:23d2:6ddd:cc04:2714:6d10, 10.1.68.189"
10.1.0.169 - - [07/Jun/2022:19:02:54 +0000]  "GET /core/themes/seven/css/components/views-ui.css?0 HTTP/1.1" 200 2162 "https://dev-ebfactory-site.pantheonsite.io/core/install.php" "Mozilla/5.0 (Macintosh; Intel Mac OS X 10_15_7) AppleWebKit/537.36 (KHTML, like Gecko) Chrome/102.0.5005.61 Safari/537.36" 0.000 "2800:e2:1080:23d2:6ddd:cc04:2714:6d10, 2800:e2:1080:23d2:6ddd:cc04:2714:6d10, 10.1.0.169"
10.1.0.180 - - [07/Jun/2022:19:02:54 +0000]  "GET /core/assets/vendor/jquery/jquery.min.js?v=3.6.0 HTTP/1.1" 200 36059 "https://dev-ebfactory-site.pantheonsite.io/core/install.php" "Mozilla/5.0 (Macintosh; Intel Mac OS X 10_15_7) AppleWebKit/537.36 (KHTML, like Gecko) Chrome/102.0.5005.61 Safari/537.36" 0.000 "2800:e2:1080:23d2:6ddd:cc04:2714:6d10, 2800:e2:1080:23d2:6ddd:cc04:2714:6d10, 10.1.0.180"
10.1.69.118 - - [07/Jun/2022:19:02:54 +0000]  "GET /core/misc/polyfills/element.matches.js?v=9.3.15 HTTP/1.1" 200 219 "https://dev-ebfactory-site.pantheonsite.io/core/install.php" "Mozilla/5.0 (Macintosh; Intel Mac OS X 10_15_7) AppleWebKit/537.36 (KHTML, like Gecko) Chrome/102.0.5005.61 Safari/537.36" 0.000 "2800:e2:1080:23d2:6ddd:cc04:2714:6d10, 2800:e2:1080:23d2:6ddd:cc04:2714:6d10, 10.1.69.118"
10.1.0.132 - - [07/Jun/2022:19:02:54 +0000]  "GET /core/misc/drupal.init.js?v=9.3.15 HTTP/1.1" 200 418 "https://dev-ebfactory-site.pantheonsite.io/core/install.php" "Mozilla/5.0 (Macintosh; Intel Mac OS X 10_15_7) AppleWebKit/537.36 (KHTML, like Gecko) Chrome/102.0.5005.61 Safari/537.36" 0.000 "2800:e2:1080:23d2:6ddd:cc04:2714:6d10, 2800:e2:1080:23d2:6ddd:cc04:2714:6d10, 10.1.0.132"
10.1.68.246 - - [07/Jun/2022:19:02:54 +0000]  "GET /core/assets/vendor/once/once.min.js?v=1.0.1 HTTP/1.1" 200 730 "https://dev-ebfactory-site.pantheonsite.io/core/install.php" "Mozilla/5.0 (Macintosh; Intel Mac OS X 10_15_7) AppleWebKit/537.36 (KHTML, like Gecko) Chrome/102.0.5005.61 Safari/537.36" 0.000 "2800:e2:1080:23d2:6ddd:cc04:2714:6d10, 2800:e2:1080:23d2:6ddd:cc04:2714:6d10, 10.1.68.246"
10.1.68.189 - - [07/Jun/2022:19:02:54 +0000]  "GET /core/misc/drupal.js?v=9.3.15 HTTP/1.1" 200 2117 "https://dev-ebfactory-site.pantheonsite.io/core/install.php" "Mozilla/5.0 (Macintosh; Intel Mac OS X 10_15_7) AppleWebKit/537.36 (KHTML, like Gecko) Chrome/102.0.5005.61 Safari/537.36" 0.000 "2800:e2:1080:23d2:6ddd:cc04:2714:6d10, 2800:e2:1080:23d2:6ddd:cc04:2714:6d10, 10.1.68.189"
10.1.0.169 - - [07/Jun/2022:19:02:54 +0000]  "GET /core/misc/states.js?v=9.3.15 HTTP/1.1" 200 3169 "https://dev-ebfactory-site.pantheonsite.io/core/install.php" "Mozilla/5.0 (Macintosh; Intel Mac OS X 10_15_7) AppleWebKit/537.36 (KHTML, like Gecko) Chrome/102.0.5005.61 Safari/537.36" 0.000 "2800:e2:1080:23d2:6ddd:cc04:2714:6d10, 2800:e2:1080:23d2:6ddd:cc04:2714:6d10, 10.1.0.169"
10.1.4.121 - - [07/Jun/2022:19:02:54 +0000]  "GET /core/themes/seven/js/mobile.install.js?v=9.3.15 HTTP/1.1" 200 528 "https://dev-ebfactory-site.pantheonsite.io/core/install.php" "Mozilla/5.0 (Macintosh; Intel Mac OS X 10_15_7) AppleWebKit/537.36 (KHTML, like Gecko) Chrome/102.0.5005.61 Safari/537.36" 0.000 "2800:e2:1080:23d2:6ddd:cc04:2714:6d10, 2800:e2:1080:23d2:6ddd:cc04:2714:6d10, 10.1.4.121"
10.1.4.121 - - [07/Jun/2022:19:02:54 +0000]  "GET /core/assets/vendor/jquery-once/jquery.once.min.js?v=9.3.15 HTTP/1.1" 200 464 "https://dev-ebfactory-site.pantheonsite.io/core/install.php" "Mozilla/5.0 (Macintosh; Intel Mac OS X 10_15_7) AppleWebKit/537.36 (KHTML, like Gecko) Chrome/102.0.5005.61 Safari/537.36" 0.000 "2800:e2:1080:23d2:6ddd:cc04:2714:6d10, 2800:e2:1080:23d2:6ddd:cc04:2714:6d10, 10.1.4.121"
10.1.69.131 - - [07/Jun/2022:19:02:54 +0000]  "GET /core/misc/drupalSettingsLoader.js?v=9.3.15 HTTP/1.1" 200 326 "https://dev-ebfactory-site.pantheonsite.io/core/install.php" "Mozilla/5.0 (Macintosh; Intel Mac OS X 10_15_7) AppleWebKit/537.36 (KHTML, like Gecko) Chrome/102.0.5005.61 Safari/537.36" 0.000 "2800:e2:1080:23d2:6ddd:cc04:2714:6d10, 2800:e2:1080:23d2:6ddd:cc04:2714:6d10, 10.1.69.131"
10.1.67.127 - - [07/Jun/2022:19:02:54 +0000]  "GET /core/misc/jquery.once.bc.js?v=9.3.15 HTTP/1.1" 200 539 "https://dev-ebfactory-site.pantheonsite.io/core/install.php" "Mozilla/5.0 (Macintosh; Intel Mac OS X 10_15_7) AppleWebKit/537.36 (KHTML, like Gecko) Chrome/102.0.5005.61 Safari/537.36" 0.000 "2800:e2:1080:23d2:6ddd:cc04:2714:6d10, 2800:e2:1080:23d2:6ddd:cc04:2714:6d10, 10.1.67.127"
10.1.4.121 - - [07/Jun/2022:19:02:54 +0000]  "GET /core/misc/polyfills/object.assign.js?v=9.3.15 HTTP/1.1" 200 511 "https://dev-ebfactory-site.pantheonsite.io/core/install.php" "Mozilla/5.0 (Macintosh; Intel Mac OS X 10_15_7) AppleWebKit/537.36 (KHTML, like Gecko) Chrome/102.0.5005.61 Safari/537.36" 0.000 "2800:e2:1080:23d2:6ddd:cc04:2714:6d10, 2800:e2:1080:23d2:6ddd:cc04:2714:6d10, 10.1.4.121"
10.1.68.246 - - [07/Jun/2022:19:02:54 +0000]  "GET /core/misc/drupalSettingsLoader.js?v=9.3.15 HTTP/1.1" 200 326 "-" "Mozilla/5.0 (Macintosh; Intel Mac OS X 10_15_7) AppleWebKit/537.36 (KHTML, like Gecko) Chrome/102.0.5005.61 Safari/537.36" 0.000 "2800:e2:1080:23d2:6ddd:cc04:2714:6d10, 2800:e2:1080:23d2:6ddd:cc04:2714:6d10, 10.1.68.246"
10.1.0.180 - - [07/Jun/2022:19:02:54 +0000]  "GET /core/misc/polyfills/element.matches.js?v=9.3.15 HTTP/1.1" 200 219 "-" "Mozilla/5.0 (Macintosh; Intel Mac OS X 10_15_7) AppleWebKit/537.36 (KHTML, like Gecko) Chrome/102.0.5005.61 Safari/537.36" 0.000 "2800:e2:1080:23d2:6ddd:cc04:2714:6d10, 2800:e2:1080:23d2:6ddd:cc04:2714:6d10, 10.1.0.180"
10.1.67.88 - - [07/Jun/2022:19:02:54 +0000]  "GET /core/misc/states.js?v=9.3.15 HTTP/1.1" 200 3169 "-" "Mozilla/5.0 (Macintosh; Intel Mac OS X 10_15_7) AppleWebKit/537.36 (KHTML, like Gecko) Chrome/102.0.5005.61 Safari/537.36" 0.000 "2800:e2:1080:23d2:6ddd:cc04:2714:6d10, 2800:e2:1080:23d2:6ddd:cc04:2714:6d10, 10.1.67.88"
10.1.69.131 - - [07/Jun/2022:19:02:54 +0000]  "GET /core/themes/seven/js/mobile.install.js?v=9.3.15 HTTP/1.1" 200 528 "-" "Mozilla/5.0 (Macintosh; Intel Mac OS X 10_15_7) AppleWebKit/537.36 (KHTML, like Gecko) Chrome/102.0.5005.61 Safari/537.36" 0.000 "2800:e2:1080:23d2:6ddd:cc04:2714:6d10, 2800:e2:1080:23d2:6ddd:cc04:2714:6d10, 10.1.69.131"
10.1.5.64 - - [07/Jun/2022:19:02:54 +0000]  "GET /core/assets/vendor/once/once.min.js?v=1.0.1 HTTP/1.1" 200 730 "-" "Mozilla/5.0 (Macintosh; Intel Mac OS X 10_15_7) AppleWebKit/537.36 (KHTML, like Gecko) Chrome/102.0.5005.61 Safari/537.36" 0.000 "2800:e2:1080:23d2:6ddd:cc04:2714:6d10, 2800:e2:1080:23d2:6ddd:cc04:2714:6d10, 10.1.5.64"
10.1.0.180 - - [07/Jun/2022:19:02:54 +0000]  "GET /core/misc/drupal.js?v=9.3.15 HTTP/1.1" 200 2117 "-" "Mozilla/5.0 (Macintosh; Intel Mac OS X 10_15_7) AppleWebKit/537.36 (KHTML, like Gecko) Chrome/102.0.5005.61 Safari/537.36" 0.000 "2800:e2:1080:23d2:6ddd:cc04:2714:6d10, 2800:e2:1080:23d2:6ddd:cc04:2714:6d10, 10.1.0.180"
10.1.0.132 - - [07/Jun/2022:19:02:54 +0000]  "GET /core/assets/vendor/jquery/jquery.min.js?v=3.6.0 HTTP/1.1" 200 36059 "-" "Mozilla/5.0 (Macintosh; Intel Mac OS X 10_15_7) AppleWebKit/537.36 (KHTML, like Gecko) Chrome/102.0.5005.61 Safari/537.36" 0.000 "2800:e2:1080:23d2:6ddd:cc04:2714:6d10, 2800:e2:1080:23d2:6ddd:cc04:2714:6d10, 10.1.0.132"
10.1.67.127 - - [07/Jun/2022:19:02:54 +0000]  "GET /core/misc/drupal.init.js?v=9.3.15 HTTP/1.1" 200 418 "-" "Mozilla/5.0 (Macintosh; Intel Mac OS X 10_15_7) AppleWebKit/537.36 (KHTML, like Gecko) Chrome/102.0.5005.61 Safari/537.36" 0.000 "2800:e2:1080:23d2:6ddd:cc04:2714:6d10, 2800:e2:1080:23d2:6ddd:cc04:2714:6d10, 10.1.67.127"
10.1.4.121 - - [07/Jun/2022:19:02:54 +0000]  "GET /core/assets/vendor/jquery-once/jquery.once.min.js?v=9.3.15 HTTP/1.1" 200 464 "-" "Mozilla/5.0 (Macintosh; Intel Mac OS X 10_15_7) AppleWebKit/537.36 (KHTML, like Gecko) Chrome/102.0.5005.61 Safari/537.36" 0.000 "2800:e2:1080:23d2:6ddd:cc04:2714:6d10, 2800:e2:1080:23d2:6ddd:cc04:2714:6d10, 10.1.4.121"
10.1.67.88 - - [07/Jun/2022:19:02:54 +0000]  "GET /core/themes/seven/images/noise-low.png HTTP/1.1" 200 5154 "https://dev-ebfactory-site.pantheonsite.io/core/themes/seven/css/theme/install-page.css?0" "Mozilla/5.0 (Macintosh; Intel Mac OS X 10_15_7) AppleWebKit/537.36 (KHTML, like Gecko) Chrome/102.0.5005.61 Safari/537.36" 0.000 "2800:e2:1080:23d2:6ddd:cc04:2714:6d10, 2800:e2:1080:23d2:6ddd:cc04:2714:6d10, 10.1.67.88"
10.1.69.131 - - [07/Jun/2022:19:02:54 +0000]  "GET /core/misc/icons/333333/caret-down.svg HTTP/1.1" 200 182 "https://dev-ebfactory-site.pantheonsite.io/core/themes/seven/css/components/form.css?0" "Mozilla/5.0 (Macintosh; Intel Mac OS X 10_15_7) AppleWebKit/537.36 (KHTML, like Gecko) Chrome/102.0.5005.61 Safari/537.36" 0.000 "2800:e2:1080:23d2:6ddd:cc04:2714:6d10, 2800:e2:1080:23d2:6ddd:cc04:2714:6d10, 10.1.69.131"
10.1.69.83 - - [07/Jun/2022:19:02:54 +0000]  "GET /core/misc/polyfills/object.assign.js?v=9.3.15 HTTP/1.1" 200 511 "-" "Mozilla/5.0 (Macintosh; Intel Mac OS X 10_15_7) AppleWebKit/537.36 (KHTML, like Gecko) Chrome/102.0.5005.61 Safari/537.36" 0.000 "2800:e2:1080:23d2:6ddd:cc04:2714:6d10, 2800:e2:1080:23d2:6ddd:cc04:2714:6d10, 10.1.69.83"
10.1.67.127 - - [07/Jun/2022:19:02:54 +0000]  "GET /core/misc/jquery.once.bc.js?v=9.3.15 HTTP/1.1" 200 539 "-" "Mozilla/5.0 (Macintosh; Intel Mac OS X 10_15_7) AppleWebKit/537.36 (KHTML, like Gecko) Chrome/102.0.5005.61 Safari/537.36" 0.000 "2800:e2:1080:23d2:6ddd:cc04:2714:6d10, 2800:e2:1080:23d2:6ddd:cc04:2714:6d10, 10.1.67.127"
10.1.0.180 - - [07/Jun/2022:19:01:46 +0000]  "POST /private/scripts/quicksilver/quicksilver-pushback/push-back.php HTTP/1.1" 200 309 "-" "python-requests/2.9.1" 0.183 "35.171.20.209, 35.171.20.209, 10.1.0.180"
10.1.4.122 - - [07/Jun/2022:19:02:54 +0000]  "GET /core/misc/favicon.ico HTTP/1.1" 200 5430 "https://dev-ebfactory-site.pantheonsite.io/core/install.php" "Mozilla/5.0 (Macintosh; Intel Mac OS X 10_15_7) AppleWebKit/537.36 (KHTML, like Gecko) Chrome/102.0.5005.61 Safari/537.36" 0.000 "2800:e2:1080:23d2:6ddd:cc04:2714:6d10, 2800:e2:1080:23d2:6ddd:cc04:2714:6d10, 10.1.4.122"
10.1.0.169 - - [07/Jun/2022:19:07:02 +0000]  "POST /private/scripts/quicksilver/quicksilver-pushback/push-back.php HTTP/1.1" 200 2222 "-" "python-requests/2.9.1" 1.195 "44.197.195.84, 44.197.195.84, 10.1.0.169"
10.1.0.169 - - [07/Jun/2022:19:07:06 +0000]  "GET / HTTP/1.1" 200 2751 "-" "Mozilla/5.0 (Unknown; Linux x86_64) AppleWebKit/538.1 (KHTML, like Gecko) PhantomJS/2.1.1 Safari/538.1" 5.047 "35.224.242.83, 35.224.242.83, 10.1.0.169"
10.1.68.187 - - [07/Jun/2022:19:07:06 +0000]  "GET /sites/default/files/css/css_v18WUm75dSk_A-DeLZcRjivGVxxUXl9PCwLE_JJpyIk.css HTTP/1.1" 200 2938 "https://dev-ebfactory-site.pantheonsite.io/" "Mozilla/5.0 (Unknown; Linux x86_64) AppleWebKit/538.1 (KHTML, like Gecko) PhantomJS/2.1.1 Safari/538.1" 0.000 "35.224.242.83, 35.224.242.83, 10.1.68.187"
10.1.5.105 - - [07/Jun/2022:19:07:06 +0000]  "GET /sites/default/files/css/css_QVAG5D3Tjgmzc55dRjVpYlhI02sBiqX5b0VAkKLpSGg.css HTTP/1.1" 200 13601 "https://dev-ebfactory-site.pantheonsite.io/" "Mozilla/5.0 (Unknown; Linux x86_64) AppleWebKit/538.1 (KHTML, like Gecko) PhantomJS/2.1.1 Safari/538.1" 0.000 "35.224.242.83, 35.224.242.83, 10.1.5.105"
10.1.0.132 - - [07/Jun/2022:19:07:06 +0000]  "GET /core/themes/bartik/logo.svg HTTP/1.1" 200 1971 "https://dev-ebfactory-site.pantheonsite.io/" "Mozilla/5.0 (Unknown; Linux x86_64) AppleWebKit/538.1 (KHTML, like Gecko) PhantomJS/2.1.1 Safari/538.1" 0.000 "35.224.242.83, 35.224.242.83, 10.1.0.132"
10.1.68.187 - - [07/Jun/2022:19:07:06 +0000]  "GET /core/misc/feed.svg HTTP/1.1" 200 308 "https://dev-ebfactory-site.pantheonsite.io/" "Mozilla/5.0 (Unknown; Linux x86_64) AppleWebKit/538.1 (KHTML, like Gecko) PhantomJS/2.1.1 Safari/538.1" 0.000 "35.224.242.83, 35.224.242.83, 10.1.68.187"
10.1.67.88 - - [07/Jun/2022:19:07:06 +0000]  "GET /core/misc/icons/505050/loupe.svg HTTP/1.1" 200 311 "https://dev-ebfactory-site.pantheonsite.io/" "Mozilla/5.0 (Unknown; Linux x86_64) AppleWebKit/538.1 (KHTML, like Gecko) PhantomJS/2.1.1 Safari/538.1" 0.000 "35.224.242.83, 35.224.242.83, 10.1.67.88"
10.1.68.246 - - [07/Jun/2022:19:07:06 +0000]  "GET /sites/default/files/css/css_Z5jMg7P_bjcW9iUzujI7oaechMyxQTUqZhHJ_aYSq04.css HTTP/1.1" 200 290 "https://dev-ebfactory-site.pantheonsite.io/" "Mozilla/5.0 (Unknown; Linux x86_64) AppleWebKit/538.1 (KHTML, like Gecko) PhantomJS/2.1.1 Safari/538.1" 0.000 "35.224.242.83, 35.224.242.83, 10.1.68.246"
10.1.5.105 - - [07/Jun/2022:19:09:31 +0000]  "GET / HTTP/1.1" 200 2751 "-" "Mozilla/5.0 (Unknown; Linux x86_64) AppleWebKit/538.1 (KHTML, like Gecko) PhantomJS/2.1.1 Safari/538.1" 0.742 "34.136.140.253, 34.136.140.253, 10.1.5.105"
10.1.5.105 - - [07/Jun/2022:19:09:31 +0000]  "GET /sites/default/files/css/css_v18WUm75dSk_A-DeLZcRjivGVxxUXl9PCwLE_JJpyIk.css HTTP/1.1" 200 2938 "https://dev-ebfactory-site.pantheonsite.io/" "Mozilla/5.0 (Unknown; Linux x86_64) AppleWebKit/538.1 (KHTML, like Gecko) PhantomJS/2.1.1 Safari/538.1" 0.000 "34.136.140.253, 34.136.140.253, 10.1.5.105"
10.1.69.118 - - [07/Jun/2022:19:09:31 +0000]  "GET /sites/default/files/css/css_QVAG5D3Tjgmzc55dRjVpYlhI02sBiqX5b0VAkKLpSGg.css HTTP/1.1" 200 13601 "https://dev-ebfactory-site.pantheonsite.io/" "Mozilla/5.0 (Unknown; Linux x86_64) AppleWebKit/538.1 (KHTML, like Gecko) PhantomJS/2.1.1 Safari/538.1" 0.000 "34.136.140.253, 34.136.140.253, 10.1.69.118"
10.1.68.187 - - [07/Jun/2022:19:09:31 +0000]  "GET /core/themes/bartik/logo.svg HTTP/1.1" 200 1971 "https://dev-ebfactory-site.pantheonsite.io/" "Mozilla/5.0 (Unknown; Linux x86_64) AppleWebKit/538.1 (KHTML, like Gecko) PhantomJS/2.1.1 Safari/538.1" 0.000 "34.136.140.253, 34.136.140.253, 10.1.68.187"
10.1.68.189 - - [07/Jun/2022:19:09:31 +0000]  "GET /core/misc/feed.svg HTTP/1.1" 200 308 "https://dev-ebfactory-site.pantheonsite.io/" "Mozilla/5.0 (Unknown; Linux x86_64) AppleWebKit/538.1 (KHTML, like Gecko) PhantomJS/2.1.1 Safari/538.1" 0.000 "34.136.140.253, 34.136.140.253, 10.1.68.189"
10.1.0.169 - - [07/Jun/2022:19:09:31 +0000]  "GET /core/misc/icons/505050/loupe.svg HTTP/1.1" 200 311 "https://dev-ebfactory-site.pantheonsite.io/" "Mozilla/5.0 (Unknown; Linux x86_64) AppleWebKit/538.1 (KHTML, like Gecko) PhantomJS/2.1.1 Safari/538.1" 0.000 "34.136.140.253, 34.136.140.253, 10.1.0.169"
10.1.0.180 - - [07/Jun/2022:19:09:31 +0000]  "GET /sites/default/files/css/css_Z5jMg7P_bjcW9iUzujI7oaechMyxQTUqZhHJ_aYSq04.css HTTP/1.1" 200 290 "https://dev-ebfactory-site.pantheonsite.io/" "Mozilla/5.0 (Unknown; Linux x86_64) AppleWebKit/538.1 (KHTML, like Gecko) PhantomJS/2.1.1 Safari/538.1" 0.000 "34.136.140.253, 34.136.140.253, 10.1.0.180"
10.1.68.189 - - [07/Jun/2022:19:09:32 +0000]  "POST /private/scripts/quicksilver/quicksilver-pushback/push-back.php HTTP/1.1" 200 303 "-" "python-requests/2.9.1" 0.157 "35.171.20.209, 35.171.20.209, 10.1.68.189"
10.1.69.118 - - [07/Jun/2022:19:10:02 +0000]  "GET / HTTP/1.1" 200 2748 "-" "Mozilla/5.0 (Unknown; Linux x86_64) AppleWebKit/538.1 (KHTML, like Gecko) PhantomJS/2.1.1 Safari/538.1" 1.824 "34.122.195.170, 34.122.195.170, 10.1.69.118"
10.1.4.122 - - [07/Jun/2022:19:10:02 +0000]  "GET /sites/default/files/css/css_v18WUm75dSk_A-DeLZcRjivGVxxUXl9PCwLE_JJpyIk.css HTTP/1.1" 200 2938 "https://dev-ebfactory-site.pantheonsite.io/" "Mozilla/5.0 (Unknown; Linux x86_64) AppleWebKit/538.1 (KHTML, like Gecko) PhantomJS/2.1.1 Safari/538.1" 0.000 "34.122.195.170, 34.122.195.170, 10.1.4.122"
10.1.5.105 - - [07/Jun/2022:19:10:02 +0000]  "GET /core/themes/bartik/logo.svg HTTP/1.1" 200 1971 "https://dev-ebfactory-site.pantheonsite.io/" "Mozilla/5.0 (Unknown; Linux x86_64) AppleWebKit/538.1 (KHTML, like Gecko) PhantomJS/2.1.1 Safari/538.1" 0.000 "34.122.195.170, 34.122.195.170, 10.1.5.105"
