10.1.4.121 - - [08/Jun/2022:18:45:18 +0000]  "GET /sites/default/files/css/css_Z5jMg7P_bjcW9iUzujI7oaechMyxQTUqZhHJ_aYSq04.css HTTP/1.1" 200 290 "https://dev-ebfactory-site.pantheonsite.io/" "Mozilla/5.0 (Unknown; Linux x86_64) AppleWebKit/538.1 (KHTML, like Gecko) PhantomJS/2.1.1 Safari/538.1" 0.000 "35.224.242.83, 35.224.242.83, 10.1.4.121"
10.1.0.132 - - [08/Jun/2022:18:45:59 +0000]  "GET /user HTTP/1.1" 302 470 "-" "Mozilla/5.0 (X11; Linux x86_64) AppleWebKit/537.36 (KHTML, like Gecko) HeadlessChrome/96.0.4664.110 Safari/537.36" 0.046 "18.208.199.247, 18.208.199.247, 10.1.0.132"
10.1.0.211 - - [08/Jun/2022:18:45:59 +0000]  "GET /user/login HTTP/1.1" 200 3231 "-" "Mozilla/5.0 (X11; Linux x86_64) AppleWebKit/537.36 (KHTML, like Gecko) HeadlessChrome/96.0.4664.110 Safari/537.36" 0.288 "18.208.199.247, 18.208.199.247, 10.1.0.211"
10.1.67.146 - - [08/Jun/2022:18:45:59 +0000]  "GET /sites/default/files/css/css_QVAG5D3Tjgmzc55dRjVpYlhI02sBiqX5b0VAkKLpSGg.css HTTP/1.1" 200 13601 "https://dev-ebfactory-site.pantheonsite.io/user/login" "Mozilla/5.0 (X11; Linux x86_64) AppleWebKit/537.36 (KHTML, like Gecko) HeadlessChrome/96.0.4664.110 Safari/537.36" 0.000 "18.208.199.247, 18.208.199.247, 10.1.67.146"
10.1.67.88 - - [08/Jun/2022:18:45:59 +0000]  "GET /core/themes/bartik/logo.svg HTTP/1.1" 200 1971 "https://dev-ebfactory-site.pantheonsite.io/user/login" "Mozilla/5.0 (X11; Linux x86_64) AppleWebKit/537.36 (KHTML, like Gecko) HeadlessChrome/96.0.4664.110 Safari/537.36" 0.000 "18.208.199.247, 18.208.199.247, 10.1.67.88"
10.1.68.187 - - [08/Jun/2022:18:45:59 +0000]  "GET /sites/default/files/css/css_ae7UPIbd_IVJyK4q6Bo1deBGLSQmYVfqayVz97QzYwU.css HTTP/1.1" 200 2861 "https://dev-ebfactory-site.pantheonsite.io/user/login" "Mozilla/5.0 (X11; Linux x86_64) AppleWebKit/537.36 (KHTML, like Gecko) HeadlessChrome/96.0.4664.110 Safari/537.36" 0.000 "18.208.199.247, 18.208.199.247, 10.1.68.187"
10.1.68.189 - - [08/Jun/2022:18:45:59 +0000]  "GET /sites/default/files/css/css_Z5jMg7P_bjcW9iUzujI7oaechMyxQTUqZhHJ_aYSq04.css HTTP/1.1" 200 290 "https://dev-ebfactory-site.pantheonsite.io/user/login" "Mozilla/5.0 (X11; Linux x86_64) AppleWebKit/537.36 (KHTML, like Gecko) HeadlessChrome/96.0.4664.110 Safari/537.36" 0.000 "18.208.199.247, 18.208.199.247, 10.1.68.189"
10.1.4.122 - - [08/Jun/2022:18:46:00 +0000]  "GET /core/themes/bartik/images/tabs-border.png HTTP/1.1" 200 83 "https://dev-ebfactory-site.pantheonsite.io/sites/default/files/css/css_QVAG5D3Tjgmzc55dRjVpYlhI02sBiqX5b0VAkKLpSGg.css" "Mozilla/5.0 (X11; Linux x86_64) AppleWebKit/537.36 (KHTML, like Gecko) HeadlessChrome/96.0.4664.110 Safari/537.36" 0.000 "18.208.199.247, 18.208.199.247, 10.1.4.122"
10.1.67.146 - - [08/Jun/2022:18:46:00 +0000]  "GET /core/misc/icons/505050/loupe.svg HTTP/1.1" 200 311 "https://dev-ebfactory-site.pantheonsite.io/sites/default/files/css/css_QVAG5D3Tjgmzc55dRjVpYlhI02sBiqX5b0VAkKLpSGg.css" "Mozilla/5.0 (X11; Linux x86_64) AppleWebKit/537.36 (KHTML, like Gecko) HeadlessChrome/96.0.4664.110 Safari/537.36" 0.000 "18.208.199.247, 18.208.199.247, 10.1.67.146"
10.1.67.146 - - [08/Jun/2022:18:46:00 +0000]  "GET /core/misc/icons/ee0000/required.svg HTTP/1.1" 200 356 "https://dev-ebfactory-site.pantheonsite.io/sites/default/files/css/css_QVAG5D3Tjgmzc55dRjVpYlhI02sBiqX5b0VAkKLpSGg.css" "Mozilla/5.0 (X11; Linux x86_64) AppleWebKit/537.36 (KHTML, like Gecko) HeadlessChrome/96.0.4664.110 Safari/537.36" 0.000 "18.208.199.247, 18.208.199.247, 10.1.67.146"
10.1.67.88 - - [08/Jun/2022:18:46:00 +0000]  "POST /user/login HTTP/1.1" 303 526 "https://dev-ebfactory-site.pantheonsite.io/user/login" "Mozilla/5.0 (X11; Linux x86_64) AppleWebKit/537.36 (KHTML, like Gecko) HeadlessChrome/96.0.4664.110 Safari/537.36" 0.174 "18.208.199.247, 18.208.199.247, 10.1.67.88"
10.1.67.146 - - [08/Jun/2022:18:46:00 +0000]  "GET /sites/default/files/css/css_7IjgI5WxidIcbs-6CW-lTVGmwx8FtkkUdLojZlmsRLU.css HTTP/1.1" 200 3780 "https://dev-ebfactory-site.pantheonsite.io/user/9?check_logged_in=1" "Mozilla/5.0 (X11; Linux x86_64) AppleWebKit/537.36 (KHTML, like Gecko) HeadlessChrome/96.0.4664.110 Safari/537.36" 0.000 "18.208.199.247, 18.208.199.247, 10.1.67.146"
10.1.4.122 - - [08/Jun/2022:18:46:00 +0000]  "GET /sites/default/files/css/css_NNpNhvSTb-vNlSNjEcDLXtQgEchYekLb1iRF9kNx14w.css HTTP/1.1" 200 3742 "https://dev-ebfactory-site.pantheonsite.io/user/9?check_logged_in=1" "Mozilla/5.0 (X11; Linux x86_64) AppleWebKit/537.36 (KHTML, like Gecko) HeadlessChrome/96.0.4664.110 Safari/537.36" 0.000 "18.208.199.247, 18.208.199.247, 10.1.4.122"
10.1.67.88 - - [08/Jun/2022:18:46:00 +0000]  "GET /core/misc/modernizr-additional-tests.js?v=3.11.7 HTTP/1.1" 200 428 "https://dev-ebfactory-site.pantheonsite.io/user/9?check_logged_in=1" "Mozilla/5.0 (X11; Linux x86_64) AppleWebKit/537.36 (KHTML, like Gecko) HeadlessChrome/96.0.4664.110 Safari/537.36" 0.000 "18.208.199.247, 18.208.199.247, 10.1.67.88"
10.1.4.121 - - [08/Jun/2022:18:46:00 +0000]  "GET /sites/default/files/css/css_YNfXAqbiQl6e6Ix88246QsGGQQSmP_5maJGdSZ15hPs.css HTTP/1.1" 200 14076 "https://dev-ebfactory-site.pantheonsite.io/user/9?check_logged_in=1" "Mozilla/5.0 (X11; Linux x86_64) AppleWebKit/537.36 (KHTML, like Gecko) HeadlessChrome/96.0.4664.110 Safari/537.36" 0.000 "18.208.199.247, 18.208.199.247, 10.1.4.121"
10.1.5.126 - - [08/Jun/2022:18:46:01 +0000]  "GET /core/assets/vendor/modernizr/modernizr.min.js?v=3.11.7 HTTP/1.1" 200 3261 "https://dev-ebfactory-site.pantheonsite.io/user/9?check_logged_in=1" "Mozilla/5.0 (X11; Linux x86_64) AppleWebKit/537.36 (KHTML, like Gecko) HeadlessChrome/96.0.4664.110 Safari/537.36" 0.000 "18.208.199.247, 18.208.199.247, 10.1.5.126"
10.1.69.83 - - [08/Jun/2022:18:46:01 +0000]  "GET /sites/default/files/css/css_6ZKsRQgXQv0GdFrFhdy2R1wB2hj7quLpzZ6t307DdSo.css HTTP/1.1" 200 774 "https://dev-ebfactory-site.pantheonsite.io/user/9?check_logged_in=1" "Mozilla/5.0 (X11; Linux x86_64) AppleWebKit/537.36 (KHTML, like Gecko) HeadlessChrome/96.0.4664.110 Safari/537.36" 0.000 "18.208.199.247, 18.208.199.247, 10.1.69.83"
10.1.5.126 - - [08/Jun/2022:18:46:01 +0000]  "GET /user/9?check_logged_in=1 HTTP/1.1" 200 6922 "https://dev-ebfactory-site.pantheonsite.io/user/login" "Mozilla/5.0 (X11; Linux x86_64) AppleWebKit/537.36 (KHTML, like Gecko) HeadlessChrome/96.0.4664.110 Safari/537.36" 0.663 "18.208.199.247, 18.208.199.247, 10.1.5.126"
10.1.0.132 - - [08/Jun/2022:18:46:01 +0000]  "GET /sites/default/files/css/css_Z5jMg7P_bjcW9iUzujI7oaechMyxQTUqZhHJ_aYSq04.css HTTP/1.1" 200 290 "https://dev-ebfactory-site.pantheonsite.io/user/9?check_logged_in=1" "Mozilla/5.0 (X11; Linux x86_64) AppleWebKit/537.36 (KHTML, like Gecko) HeadlessChrome/96.0.4664.110 Safari/537.36" 0.000 "18.208.199.247, 18.208.199.247, 10.1.0.132"
10.1.5.64 - - [08/Jun/2022:18:46:01 +0000]  "GET /sites/default/files/js/js_hPNTcua489uA-I6bm3I0J5o0_G9svZNOcx989W0Hdr8.js HTTP/1.1" 200 102893 "https://dev-ebfactory-site.pantheonsite.io/user/9?check_logged_in=1" "Mozilla/5.0 (X11; Linux x86_64) AppleWebKit/537.36 (KHTML, like Gecko) HeadlessChrome/96.0.4664.110 Safari/537.36" 0.000 "18.208.199.247, 18.208.199.247, 10.1.5.64"
10.1.4.122 - - [08/Jun/2022:18:46:01 +0000]  "GET /core/misc/icons/bebebe/star.svg HTTP/1.1" 200 351 "https://dev-ebfactory-site.pantheonsite.io/sites/default/files/css/css_NNpNhvSTb-vNlSNjEcDLXtQgEchYekLb1iRF9kNx14w.css" "Mozilla/5.0 (X11; Linux x86_64) AppleWebKit/537.36 (KHTML, like Gecko) HeadlessChrome/96.0.4664.110 Safari/537.36" 0.000 "18.208.199.247, 18.208.199.247, 10.1.4.122"
10.1.68.189 - - [08/Jun/2022:18:46:01 +0000]  "GET /core/misc/icons/505050/loupe.svg HTTP/1.1" 200 311 "https://dev-ebfactory-site.pantheonsite.io/sites/default/files/css/css_YNfXAqbiQl6e6Ix88246QsGGQQSmP_5maJGdSZ15hPs.css" "Mozilla/5.0 (X11; Linux x86_64) AppleWebKit/537.36 (KHTML, like Gecko) HeadlessChrome/96.0.4664.110 Safari/537.36" 0.000 "18.208.199.247, 18.208.199.247, 10.1.68.189"
10.1.5.126 - - [08/Jun/2022:18:46:01 +0000]  "GET /core/misc/icons/bebebe/person.svg HTTP/1.1" 200 376 "https://dev-ebfactory-site.pantheonsite.io/sites/default/files/css/css_NNpNhvSTb-vNlSNjEcDLXtQgEchYekLb1iRF9kNx14w.css" "Mozilla/5.0 (X11; Linux x86_64) AppleWebKit/537.36 (KHTML, like Gecko) HeadlessChrome/96.0.4664.110 Safari/537.36" 0.000 "18.208.199.247, 18.208.199.247, 10.1.5.126"
10.1.5.126 - - [08/Jun/2022:18:46:01 +0000]  "GET /core/misc/icons/bebebe/hamburger.svg HTTP/1.1" 200 218 "https://dev-ebfactory-site.pantheonsite.io/sites/default/files/css/css_NNpNhvSTb-vNlSNjEcDLXtQgEchYekLb1iRF9kNx14w.css" "Mozilla/5.0 (X11; Linux x86_64) AppleWebKit/537.36 (KHTML, like Gecko) HeadlessChrome/96.0.4664.110 Safari/537.36" 0.000 "18.208.199.247, 18.208.199.247, 10.1.5.126"
10.1.67.147 - - [08/Jun/2022:18:46:01 +0000]  "GET /core/themes/bartik/logo.svg HTTP/1.1" 200 1971 "https://dev-ebfactory-site.pantheonsite.io/user/9?check_logged_in=1" "Mozilla/5.0 (X11; Linux x86_64) AppleWebKit/537.36 (KHTML, like Gecko) HeadlessChrome/96.0.4664.110 Safari/537.36" 0.000 "18.208.199.247, 18.208.199.247, 10.1.67.147"
10.1.5.126 - - [08/Jun/2022:18:46:01 +0000]  "GET /core/misc/icons/bebebe/chevron-disc-left.svg HTTP/1.1" 200 284 "https://dev-ebfactory-site.pantheonsite.io/sites/default/files/css/css_NNpNhvSTb-vNlSNjEcDLXtQgEchYekLb1iRF9kNx14w.css" "Mozilla/5.0 (X11; Linux x86_64) AppleWebKit/537.36 (KHTML, like Gecko) HeadlessChrome/96.0.4664.110 Safari/537.36" 0.000 "18.208.199.247, 18.208.199.247, 10.1.5.126"
10.1.68.187 - - [08/Jun/2022:18:46:01 +0000]  "GET /core/themes/bartik/images/tabs-border.png HTTP/1.1" 200 83 "https://dev-ebfactory-site.pantheonsite.io/sites/default/files/css/css_YNfXAqbiQl6e6Ix88246QsGGQQSmP_5maJGdSZ15hPs.css" "Mozilla/5.0 (X11; Linux x86_64) AppleWebKit/537.36 (KHTML, like Gecko) HeadlessChrome/96.0.4664.110 Safari/537.36" 0.000 "18.208.199.247, 18.208.199.247, 10.1.68.187"
10.1.5.126 - - [08/Jun/2022:18:46:01 +0000]  "POST /contextual/render HTTP/1.1" 200 211 "https://dev-ebfactory-site.pantheonsite.io/user/9?check_logged_in=1" "Mozilla/5.0 (X11; Linux x86_64) AppleWebKit/537.36 (KHTML, like Gecko) HeadlessChrome/96.0.4664.110 Safari/537.36" 0.056 "18.208.199.247, 18.208.199.247, 10.1.5.126"
10.1.69.83 - - [08/Jun/2022:18:46:01 +0000]  "POST /contextual/render HTTP/1.1" 200 465 "https://dev-ebfactory-site.pantheonsite.io/user/9?check_logged_in=1" "Mozilla/5.0 (X11; Linux x86_64) AppleWebKit/537.36 (KHTML, like Gecko) HeadlessChrome/96.0.4664.110 Safari/537.36" 0.110 "18.208.199.247, 18.208.199.247, 10.1.69.83"
10.1.5.126 - - [08/Jun/2022:18:46:01 +0000]  "GET /core/misc/icons/bebebe/pencil.svg HTTP/1.1" 200 291 "https://dev-ebfactory-site.pantheonsite.io/sites/default/files/css/css_NNpNhvSTb-vNlSNjEcDLXtQgEchYekLb1iRF9kNx14w.css" "Mozilla/5.0 (X11; Linux x86_64) AppleWebKit/537.36 (KHTML, like Gecko) HeadlessChrome/96.0.4664.110 Safari/537.36" 0.000 "18.208.199.247, 18.208.199.247, 10.1.5.126"
10.1.4.122 - - [08/Jun/2022:18:46:02 +0000]  "GET /admin/content HTTP/1.1" 200 7295 "-" "Mozilla/5.0 (X11; Linux x86_64) AppleWebKit/537.36 (KHTML, like Gecko) HeadlessChrome/96.0.4664.110 Safari/537.36" 1.109 "18.208.199.247, 18.208.199.247, 10.1.4.122"
10.1.5.126 - - [08/Jun/2022:18:46:02 +0000]  "GET /sites/default/files/css/css_6iepeH1B0qmVniz_HZXpk3HXNA8VI8yu-9DMAjFet8w.css HTTP/1.1" 200 4085 "https://dev-ebfactory-site.pantheonsite.io/admin/content" "Mozilla/5.0 (X11; Linux x86_64) AppleWebKit/537.36 (KHTML, like Gecko) HeadlessChrome/96.0.4664.110 Safari/537.36" 0.000 "18.208.199.247, 18.208.199.247, 10.1.5.126"
10.1.68.187 - - [08/Jun/2022:18:46:02 +0000]  "GET /core/assets/vendor/modernizr/modernizr.min.js?v=3.11.7 HTTP/1.1" 200 3261 "https://dev-ebfactory-site.pantheonsite.io/admin/content" "Mozilla/5.0 (X11; Linux x86_64) AppleWebKit/537.36 (KHTML, like Gecko) HeadlessChrome/96.0.4664.110 Safari/537.36" 0.000 "18.208.199.247, 18.208.199.247, 10.1.68.187"
10.1.5.64 - - [08/Jun/2022:18:46:02 +0000]  "GET /sites/default/files/css/css_Zm5VEcSVkLBl7Zt-3Wsvbd12Ab8gkh2EwuNzRf0zXGQ.css HTTP/1.1" 200 5365 "https://dev-ebfactory-site.pantheonsite.io/admin/content" "Mozilla/5.0 (X11; Linux x86_64) AppleWebKit/537.36 (KHTML, like Gecko) HeadlessChrome/96.0.4664.110 Safari/537.36" 0.000 "18.208.199.247, 18.208.199.247, 10.1.5.64"
10.1.69.152 - - [08/Jun/2022:18:46:02 +0000]  "GET /sites/default/files/css/css_6ZKsRQgXQv0GdFrFhdy2R1wB2hj7quLpzZ6t307DdSo.css HTTP/1.1" 200 774 "https://dev-ebfactory-site.pantheonsite.io/admin/content" "Mozilla/5.0 (X11; Linux x86_64) AppleWebKit/537.36 (KHTML, like Gecko) HeadlessChrome/96.0.4664.110 Safari/537.36" 0.000 "18.208.199.247, 18.208.199.247, 10.1.69.152"
10.1.67.146 - - [08/Jun/2022:18:46:02 +0000]  "GET /core/misc/modernizr-additional-tests.js?v=3.11.7 HTTP/1.1" 200 428 "https://dev-ebfactory-site.pantheonsite.io/admin/content" "Mozilla/5.0 (X11; Linux x86_64) AppleWebKit/537.36 (KHTML, like Gecko) HeadlessChrome/96.0.4664.110 Safari/537.36" 0.000 "18.208.199.247, 18.208.199.247, 10.1.67.146"
10.1.67.147 - - [08/Jun/2022:18:46:02 +0000]  "GET /sites/default/files/js/js_3UhmdSpm4UzE0EvlZGMrh8QDwiml2p4T1YcXj0cEHhI.js HTTP/1.1" 200 107289 "https://dev-ebfactory-site.pantheonsite.io/admin/content" "Mozilla/5.0 (X11; Linux x86_64) AppleWebKit/537.36 (KHTML, like Gecko) HeadlessChrome/96.0.4664.110 Safari/537.36" 0.000 "18.208.199.247, 18.208.199.247, 10.1.67.147"
10.1.69.152 - - [08/Jun/2022:18:46:02 +0000]  "GET /sites/default/files/css/css_IZiEhFfP_QPX02hx2cQD992rI6ip0ddftCNGpBI94Fs.css HTTP/1.1" 200 17942 "https://dev-ebfactory-site.pantheonsite.io/admin/content" "Mozilla/5.0 (X11; Linux x86_64) AppleWebKit/537.36 (KHTML, like Gecko) HeadlessChrome/96.0.4664.110 Safari/537.36" 0.000 "18.208.199.247, 18.208.199.247, 10.1.69.152"
10.1.5.64 - - [08/Jun/2022:18:46:02 +0000]  "GET /core/misc/icons/bebebe/star.svg HTTP/1.1" 200 351 "https://dev-ebfactory-site.pantheonsite.io/sites/default/files/css/css_Zm5VEcSVkLBl7Zt-3Wsvbd12Ab8gkh2EwuNzRf0zXGQ.css" "Mozilla/5.0 (X11; Linux x86_64) AppleWebKit/537.36 (KHTML, like Gecko) HeadlessChrome/96.0.4664.110 Safari/537.36" 0.000 "18.208.199.247, 18.208.199.247, 10.1.5.64"
10.1.68.187 - - [08/Jun/2022:18:46:02 +0000]  "GET /core/misc/icons/bebebe/person.svg HTTP/1.1" 200 376 "https://dev-ebfactory-site.pantheonsite.io/sites/default/files/css/css_Zm5VEcSVkLBl7Zt-3Wsvbd12Ab8gkh2EwuNzRf0zXGQ.css" "Mozilla/5.0 (X11; Linux x86_64) AppleWebKit/537.36 (KHTML, like Gecko) HeadlessChrome/96.0.4664.110 Safari/537.36" 0.000 "18.208.199.247, 18.208.199.247, 10.1.68.187"
10.1.0.211 - - [08/Jun/2022:18:46:02 +0000]  "GET /core/misc/icons/bebebe/chevron-disc-left.svg HTTP/1.1" 200 284 "https://dev-ebfactory-site.pantheonsite.io/sites/default/files/css/css_Zm5VEcSVkLBl7Zt-3Wsvbd12Ab8gkh2EwuNzRf0zXGQ.css" "Mozilla/5.0 (X11; Linux x86_64) AppleWebKit/537.36 (KHTML, like Gecko) HeadlessChrome/96.0.4664.110 Safari/537.36" 0.000 "18.208.199.247, 18.208.199.247, 10.1.0.211"
10.1.4.122 - - [08/Jun/2022:18:46:02 +0000]  "GET /core/modules/shortcut/images/favstar.svg HTTP/1.1" 200 1854 "https://dev-ebfactory-site.pantheonsite.io/sites/default/files/css/css_Zm5VEcSVkLBl7Zt-3Wsvbd12Ab8gkh2EwuNzRf0zXGQ.css" "Mozilla/5.0 (X11; Linux x86_64) AppleWebKit/537.36 (KHTML, like Gecko) HeadlessChrome/96.0.4664.110 Safari/537.36" 0.000 "18.208.199.247, 18.208.199.247, 10.1.4.122"
10.1.5.126 - - [08/Jun/2022:18:46:02 +0000]  "GET /core/misc/icons/bebebe/hamburger.svg HTTP/1.1" 200 218 "https://dev-ebfactory-site.pantheonsite.io/sites/default/files/css/css_Zm5VEcSVkLBl7Zt-3Wsvbd12Ab8gkh2EwuNzRf0zXGQ.css" "Mozilla/5.0 (X11; Linux x86_64) AppleWebKit/537.36 (KHTML, like Gecko) HeadlessChrome/96.0.4664.110 Safari/537.36" 0.000 "18.208.199.247, 18.208.199.247, 10.1.5.126"
10.1.4.122 - - [08/Jun/2022:18:46:02 +0000]  "GET /core/misc/icons/333333/caret-down.svg HTTP/1.1" 200 182 "https://dev-ebfactory-site.pantheonsite.io/sites/default/files/css/css_IZiEhFfP_QPX02hx2cQD992rI6ip0ddftCNGpBI94Fs.css" "Mozilla/5.0 (X11; Linux x86_64) AppleWebKit/537.36 (KHTML, like Gecko) HeadlessChrome/96.0.4664.110 Safari/537.36" 0.000 "18.208.199.247, 18.208.199.247, 10.1.4.122"
10.1.5.126 - - [08/Jun/2022:18:46:09 +0000]  "GET /pantheon_healthcheck HTTP/1.1" 200 34 "-" "Terminus/3.0.6 (php_version=7.4.27&script=/usr/local/bin/terminus)" 0.002 "50.19.185.84, 50.19.185.84, 10.1.5.126"
10.1.67.88 - - [08/Jun/2022:18:46:32 +0000]  "GET / HTTP/1.1" 200 2749 "-" "Mozilla/5.0 (Unknown; Linux x86_64) AppleWebKit/538.1 (KHTML, like Gecko) PhantomJS/2.1.1 Safari/538.1" 1.277 "34.71.150.4, 34.71.150.4, 10.1.67.88"
10.1.4.121 - - [08/Jun/2022:18:46:32 +0000]  "GET /sites/default/files/css/css_v18WUm75dSk_A-DeLZcRjivGVxxUXl9PCwLE_JJpyIk.css HTTP/1.1" 200 2938 "https://dev-ebfactory-site.pantheonsite.io/" "Mozilla/5.0 (Unknown; Linux x86_64) AppleWebKit/538.1 (KHTML, like Gecko) PhantomJS/2.1.1 Safari/538.1" 0.000 "34.71.150.4, 34.71.150.4, 10.1.4.121"
10.1.4.121 - - [08/Jun/2022:18:46:32 +0000]  "GET /core/themes/bartik/logo.svg HTTP/1.1" 200 1971 "https://dev-ebfactory-site.pantheonsite.io/" "Mozilla/5.0 (Unknown; Linux x86_64) AppleWebKit/538.1 (KHTML, like Gecko) PhantomJS/2.1.1 Safari/538.1" 0.000 "34.71.150.4, 34.71.150.4, 10.1.4.121"
10.1.4.121 - - [08/Jun/2022:18:46:32 +0000]  "GET /sites/default/files/css/css_QVAG5D3Tjgmzc55dRjVpYlhI02sBiqX5b0VAkKLpSGg.css HTTP/1.1" 200 13601 "https://dev-ebfactory-site.pantheonsite.io/" "Mozilla/5.0 (Unknown; Linux x86_64) AppleWebKit/538.1 (KHTML, like Gecko) PhantomJS/2.1.1 Safari/538.1" 0.000 "34.71.150.4, 34.71.150.4, 10.1.4.121"
10.1.67.88 - - [08/Jun/2022:18:46:32 +0000]  "GET /core/misc/icons/505050/loupe.svg HTTP/1.1" 200 311 "https://dev-ebfactory-site.pantheonsite.io/" "Mozilla/5.0 (Unknown; Linux x86_64) AppleWebKit/538.1 (KHTML, like Gecko) PhantomJS/2.1.1 Safari/538.1" 0.000 "34.71.150.4, 34.71.150.4, 10.1.67.88"
10.1.67.147 - - [08/Jun/2022:18:46:32 +0000]  "GET /core/misc/feed.svg HTTP/1.1" 200 308 "https://dev-ebfactory-site.pantheonsite.io/" "Mozilla/5.0 (Unknown; Linux x86_64) AppleWebKit/538.1 (KHTML, like Gecko) PhantomJS/2.1.1 Safari/538.1" 0.000 "34.71.150.4, 34.71.150.4, 10.1.67.147"
10.1.67.147 - - [08/Jun/2022:18:46:32 +0000]  "GET /sites/default/files/css/css_Z5jMg7P_bjcW9iUzujI7oaechMyxQTUqZhHJ_aYSq04.css HTTP/1.1" 200 290 "https://dev-ebfactory-site.pantheonsite.io/" "Mozilla/5.0 (Unknown; Linux x86_64) AppleWebKit/538.1 (KHTML, like Gecko) PhantomJS/2.1.1 Safari/538.1" 0.000 "34.71.150.4, 34.71.150.4, 10.1.67.147"
10.1.5.126 - - [08/Jun/2022:18:46:36 +0000]  "GET /user HTTP/1.1" 302 470 "-" "Mozilla/5.0 (X11; Linux x86_64) AppleWebKit/537.36 (KHTML, like Gecko) HeadlessChrome/96.0.4664.110 Safari/537.36" 0.033 "18.208.199.247, 18.208.199.247, 10.1.5.126"
10.1.68.189 - - [08/Jun/2022:18:46:36 +0000]  "GET /user/login HTTP/1.1" 200 3236 "-" "Mozilla/5.0 (X11; Linux x86_64) AppleWebKit/537.36 (KHTML, like Gecko) HeadlessChrome/96.0.4664.110 Safari/537.36" 0.242 "18.208.199.247, 18.208.199.247, 10.1.68.189"
10.1.0.132 - - [08/Jun/2022:18:46:36 +0000]  "GET /sites/default/files/css/css_ae7UPIbd_IVJyK4q6Bo1deBGLSQmYVfqayVz97QzYwU.css HTTP/1.1" 200 2861 "https://dev-ebfactory-site.pantheonsite.io/user/login" "Mozilla/5.0 (X11; Linux x86_64) AppleWebKit/537.36 (KHTML, like Gecko) HeadlessChrome/96.0.4664.110 Safari/537.36" 0.000 "18.208.199.247, 18.208.199.247, 10.1.0.132"
10.1.4.121 - - [08/Jun/2022:18:46:36 +0000]  "GET /sites/default/files/css/css_QVAG5D3Tjgmzc55dRjVpYlhI02sBiqX5b0VAkKLpSGg.css HTTP/1.1" 200 13601 "https://dev-ebfactory-site.pantheonsite.io/user/login" "Mozilla/5.0 (X11; Linux x86_64) AppleWebKit/537.36 (KHTML, like Gecko) HeadlessChrome/96.0.4664.110 Safari/537.36" 0.000 "18.208.199.247, 18.208.199.247, 10.1.4.121"
10.1.69.152 - - [08/Jun/2022:18:46:36 +0000]  "GET /sites/default/files/css/css_Z5jMg7P_bjcW9iUzujI7oaechMyxQTUqZhHJ_aYSq04.css HTTP/1.1" 200 290 "https://dev-ebfactory-site.pantheonsite.io/user/login" "Mozilla/5.0 (X11; Linux x86_64) AppleWebKit/537.36 (KHTML, like Gecko) HeadlessChrome/96.0.4664.110 Safari/537.36" 0.000 "18.208.199.247, 18.208.199.247, 10.1.69.152"
10.1.5.64 - - [08/Jun/2022:18:46:36 +0000]  "GET /core/themes/bartik/logo.svg HTTP/1.1" 200 1971 "https://dev-ebfactory-site.pantheonsite.io/user/login" "Mozilla/5.0 (X11; Linux x86_64) AppleWebKit/537.36 (KHTML, like Gecko) HeadlessChrome/96.0.4664.110 Safari/537.36" 0.000 "18.208.199.247, 18.208.199.247, 10.1.5.64"
10.1.69.152 - - [08/Jun/2022:18:46:36 +0000]  "GET /core/misc/icons/505050/loupe.svg HTTP/1.1" 200 311 "https://dev-ebfactory-site.pantheonsite.io/sites/default/files/css/css_QVAG5D3Tjgmzc55dRjVpYlhI02sBiqX5b0VAkKLpSGg.css" "Mozilla/5.0 (X11; Linux x86_64) AppleWebKit/537.36 (KHTML, like Gecko) HeadlessChrome/96.0.4664.110 Safari/537.36" 0.000 "18.208.199.247, 18.208.199.247, 10.1.69.152"
10.1.69.152 - - [08/Jun/2022:18:46:36 +0000]  "GET /core/themes/bartik/images/tabs-border.png HTTP/1.1" 200 83 "https://dev-ebfactory-site.pantheonsite.io/sites/default/files/css/css_QVAG5D3Tjgmzc55dRjVpYlhI02sBiqX5b0VAkKLpSGg.css" "Mozilla/5.0 (X11; Linux x86_64) AppleWebKit/537.36 (KHTML, like Gecko) HeadlessChrome/96.0.4664.110 Safari/537.36" 0.000 "18.208.199.247, 18.208.199.247, 10.1.69.152"
10.1.5.126 - - [08/Jun/2022:18:46:36 +0000]  "GET /core/misc/icons/ee0000/required.svg HTTP/1.1" 200 356 "https://dev-ebfactory-site.pantheonsite.io/sites/default/files/css/css_QVAG5D3Tjgmzc55dRjVpYlhI02sBiqX5b0VAkKLpSGg.css" "Mozilla/5.0 (X11; Linux x86_64) AppleWebKit/537.36 (KHTML, like Gecko) HeadlessChrome/96.0.4664.110 Safari/537.36" 0.000 "18.208.199.247, 18.208.199.247, 10.1.5.126"
10.1.0.132 - - [08/Jun/2022:18:46:37 +0000]  "POST /user/login HTTP/1.1" 303 530 "https://dev-ebfactory-site.pantheonsite.io/user/login" "Mozilla/5.0 (X11; Linux x86_64) AppleWebKit/537.36 (KHTML, like Gecko) HeadlessChrome/96.0.4664.110 Safari/537.36" 0.200 "18.208.199.247, 18.208.199.247, 10.1.0.132"
10.1.0.132 - - [08/Jun/2022:18:46:37 +0000]  "GET /sites/default/files/css/css_7IjgI5WxidIcbs-6CW-lTVGmwx8FtkkUdLojZlmsRLU.css HTTP/1.1" 200 3780 "https://dev-ebfactory-site.pantheonsite.io/user/11?check_logged_in=1" "Mozilla/5.0 (X11; Linux x86_64) AppleWebKit/537.36 (KHTML, like Gecko) HeadlessChrome/96.0.4664.110 Safari/537.36" 0.000 "18.208.199.247, 18.208.199.247, 10.1.0.132"
10.1.5.126 - - [08/Jun/2022:18:46:37 +0000]  "GET /sites/default/files/css/css_NNpNhvSTb-vNlSNjEcDLXtQgEchYekLb1iRF9kNx14w.css HTTP/1.1" 200 3742 "https://dev-ebfactory-site.pantheonsite.io/user/11?check_logged_in=1" "Mozilla/5.0 (X11; Linux x86_64) AppleWebKit/537.36 (KHTML, like Gecko) HeadlessChrome/96.0.4664.110 Safari/537.36" 0.000 "18.208.199.247, 18.208.199.247, 10.1.5.126"
10.1.5.64 - - [08/Jun/2022:18:46:37 +0000]  "GET /core/misc/modernizr-additional-tests.js?v=3.11.7 HTTP/1.1" 200 428 "https://dev-ebfactory-site.pantheonsite.io/user/11?check_logged_in=1" "Mozilla/5.0 (X11; Linux x86_64) AppleWebKit/537.36 (KHTML, like Gecko) HeadlessChrome/96.0.4664.110 Safari/537.36" 0.000 "18.208.199.247, 18.208.199.247, 10.1.5.64"
10.1.4.121 - - [08/Jun/2022:18:46:37 +0000]  "GET /core/assets/vendor/modernizr/modernizr.min.js?v=3.11.7 HTTP/1.1" 200 3261 "https://dev-ebfactory-site.pantheonsite.io/user/11?check_logged_in=1" "Mozilla/5.0 (X11; Linux x86_64) AppleWebKit/537.36 (KHTML, like Gecko) HeadlessChrome/96.0.4664.110 Safari/537.36" 0.000 "18.208.199.247, 18.208.199.247, 10.1.4.121"
10.1.69.152 - - [08/Jun/2022:18:46:37 +0000]  "GET /sites/default/files/css/css_YNfXAqbiQl6e6Ix88246QsGGQQSmP_5maJGdSZ15hPs.css HTTP/1.1" 200 14076 "https://dev-ebfactory-site.pantheonsite.io/user/11?check_logged_in=1" "Mozilla/5.0 (X11; Linux x86_64) AppleWebKit/537.36 (KHTML, like Gecko) HeadlessChrome/96.0.4664.110 Safari/537.36" 0.000 "18.208.199.247, 18.208.199.247, 10.1.69.152"
10.1.68.187 - - [08/Jun/2022:18:46:37 +0000]  "GET /sites/default/files/css/css_6ZKsRQgXQv0GdFrFhdy2R1wB2hj7quLpzZ6t307DdSo.css HTTP/1.1" 200 774 "https://dev-ebfactory-site.pantheonsite.io/user/11?check_logged_in=1" "Mozilla/5.0 (X11; Linux x86_64) AppleWebKit/537.36 (KHTML, like Gecko) HeadlessChrome/96.0.4664.110 Safari/537.36" 0.000 "18.208.199.247, 18.208.199.247, 10.1.68.187"
10.1.5.126 - - [08/Jun/2022:18:46:37 +0000]  "GET /user/11?check_logged_in=1 HTTP/1.1" 200 6924 "https://dev-ebfactory-site.pantheonsite.io/user/login" "Mozilla/5.0 (X11; Linux x86_64) AppleWebKit/537.36 (KHTML, like Gecko) HeadlessChrome/96.0.4664.110 Safari/537.36" 0.632 "18.208.199.247, 18.208.199.247, 10.1.5.126"
10.1.67.146 - - [08/Jun/2022:18:46:37 +0000]  "GET /sites/default/files/css/css_Z5jMg7P_bjcW9iUzujI7oaechMyxQTUqZhHJ_aYSq04.css HTTP/1.1" 200 290 "https://dev-ebfactory-site.pantheonsite.io/user/11?check_logged_in=1" "Mozilla/5.0 (X11; Linux x86_64) AppleWebKit/537.36 (KHTML, like Gecko) HeadlessChrome/96.0.4664.110 Safari/537.36" 0.000 "18.208.199.247, 18.208.199.247, 10.1.67.146"
10.1.5.64 - - [08/Jun/2022:18:46:37 +0000]  "GET /core/themes/bartik/logo.svg HTTP/1.1" 200 1971 "https://dev-ebfactory-site.pantheonsite.io/user/11?check_logged_in=1" "Mozilla/5.0 (X11; Linux x86_64) AppleWebKit/537.36 (KHTML, like Gecko) HeadlessChrome/96.0.4664.110 Safari/537.36" 0.000 "18.208.199.247, 18.208.199.247, 10.1.5.64"
10.1.0.132 - - [08/Jun/2022:18:46:37 +0000]  "GET /core/misc/icons/505050/loupe.svg HTTP/1.1" 200 311 "https://dev-ebfactory-site.pantheonsite.io/sites/default/files/css/css_YNfXAqbiQl6e6Ix88246QsGGQQSmP_5maJGdSZ15hPs.css" "Mozilla/5.0 (X11; Linux x86_64) AppleWebKit/537.36 (KHTML, like Gecko) HeadlessChrome/96.0.4664.110 Safari/537.36" 0.000 "18.208.199.247, 18.208.199.247, 10.1.0.132"
10.1.67.88 - - [08/Jun/2022:18:46:37 +0000]  "GET /core/misc/icons/bebebe/hamburger.svg HTTP/1.1" 200 218 "https://dev-ebfactory-site.pantheonsite.io/sites/default/files/css/css_NNpNhvSTb-vNlSNjEcDLXtQgEchYekLb1iRF9kNx14w.css" "Mozilla/5.0 (X11; Linux x86_64) AppleWebKit/537.36 (KHTML, like Gecko) HeadlessChrome/96.0.4664.110 Safari/537.36" 0.000 "18.208.199.247, 18.208.199.247, 10.1.67.88"
10.1.67.146 - - [08/Jun/2022:18:46:37 +0000]  "GET /core/misc/icons/bebebe/person.svg HTTP/1.1" 200 376 "https://dev-ebfactory-site.pantheonsite.io/sites/default/files/css/css_NNpNhvSTb-vNlSNjEcDLXtQgEchYekLb1iRF9kNx14w.css" "Mozilla/5.0 (X11; Linux x86_64) AppleWebKit/537.36 (KHTML, like Gecko) HeadlessChrome/96.0.4664.110 Safari/537.36" 0.000 "18.208.199.247, 18.208.199.247, 10.1.67.146"
10.1.68.187 - - [08/Jun/2022:18:46:37 +0000]  "GET /sites/default/files/js/js_hPNTcua489uA-I6bm3I0J5o0_G9svZNOcx989W0Hdr8.js HTTP/1.1" 200 102893 "https://dev-ebfactory-site.pantheonsite.io/user/11?check_logged_in=1" "Mozilla/5.0 (X11; Linux x86_64) AppleWebKit/537.36 (KHTML, like Gecko) HeadlessChrome/96.0.4664.110 Safari/537.36" 0.000 "18.208.199.247, 18.208.199.247, 10.1.68.187"
10.1.4.122 - - [08/Jun/2022:18:46:37 +0000]  "GET /core/misc/icons/bebebe/star.svg HTTP/1.1" 200 351 "https://dev-ebfactory-site.pantheonsite.io/sites/default/files/css/css_NNpNhvSTb-vNlSNjEcDLXtQgEchYekLb1iRF9kNx14w.css" "Mozilla/5.0 (X11; Linux x86_64) AppleWebKit/537.36 (KHTML, like Gecko) HeadlessChrome/96.0.4664.110 Safari/537.36" 0.000 "18.208.199.247, 18.208.199.247, 10.1.4.122"
10.1.68.187 - - [08/Jun/2022:18:46:37 +0000]  "GET /core/misc/icons/bebebe/chevron-disc-left.svg HTTP/1.1" 200 284 "https://dev-ebfactory-site.pantheonsite.io/sites/default/files/css/css_NNpNhvSTb-vNlSNjEcDLXtQgEchYekLb1iRF9kNx14w.css" "Mozilla/5.0 (X11; Linux x86_64) AppleWebKit/537.36 (KHTML, like Gecko) HeadlessChrome/96.0.4664.110 Safari/537.36" 0.000 "18.208.199.247, 18.208.199.247, 10.1.68.187"
10.1.4.122 - - [08/Jun/2022:18:46:37 +0000]  "GET /core/misc/icons/bebebe/pencil.svg HTTP/1.1" 200 291 "https://dev-ebfactory-site.pantheonsite.io/sites/default/files/css/css_NNpNhvSTb-vNlSNjEcDLXtQgEchYekLb1iRF9kNx14w.css" "Mozilla/5.0 (X11; Linux x86_64) AppleWebKit/537.36 (KHTML, like Gecko) HeadlessChrome/96.0.4664.110 Safari/537.36" 0.000 "18.208.199.247, 18.208.199.247, 10.1.4.122"
10.1.0.211 - - [08/Jun/2022:18:46:37 +0000]  "GET /core/themes/bartik/images/tabs-border.png HTTP/1.1" 200 83 "https://dev-ebfactory-site.pantheonsite.io/sites/default/files/css/css_YNfXAqbiQl6e6Ix88246QsGGQQSmP_5maJGdSZ15hPs.css" "Mozilla/5.0 (X11; Linux x86_64) AppleWebKit/537.36 (KHTML, like Gecko) HeadlessChrome/96.0.4664.110 Safari/537.36" 0.000 "18.208.199.247, 18.208.199.247, 10.1.0.211"
10.1.5.64 - - [08/Jun/2022:18:46:38 +0000]  "GET /admin/people HTTP/1.1" 200 8855 "-" "Mozilla/5.0 (X11; Linux x86_64) AppleWebKit/537.36 (KHTML, like Gecko) HeadlessChrome/96.0.4664.110 Safari/537.36" 0.743 "18.208.199.247, 18.208.199.247, 10.1.5.64"
10.1.69.152 - - [08/Jun/2022:18:46:38 +0000]  "GET /sites/default/files/css/css_6ZKsRQgXQv0GdFrFhdy2R1wB2hj7quLpzZ6t307DdSo.css HTTP/1.1" 200 774 "https://dev-ebfactory-site.pantheonsite.io/admin/people" "Mozilla/5.0 (X11; Linux x86_64) AppleWebKit/537.36 (KHTML, like Gecko) HeadlessChrome/96.0.4664.110 Safari/537.36" 0.000 "18.208.199.247, 18.208.199.247, 10.1.69.152"
10.1.5.64 - - [08/Jun/2022:18:46:38 +0000]  "GET /sites/default/files/css/css_Zm5VEcSVkLBl7Zt-3Wsvbd12Ab8gkh2EwuNzRf0zXGQ.css HTTP/1.1" 200 5365 "https://dev-ebfactory-site.pantheonsite.io/admin/people" "Mozilla/5.0 (X11; Linux x86_64) AppleWebKit/537.36 (KHTML, like Gecko) HeadlessChrome/96.0.4664.110 Safari/537.36" 0.000 "18.208.199.247, 18.208.199.247, 10.1.5.64"
10.1.67.146 - - [08/Jun/2022:18:46:38 +0000]  "GET /sites/default/files/css/css_6iepeH1B0qmVniz_HZXpk3HXNA8VI8yu-9DMAjFet8w.css HTTP/1.1" 200 4085 "https://dev-ebfactory-site.pantheonsite.io/admin/people" "Mozilla/5.0 (X11; Linux x86_64) AppleWebKit/537.36 (KHTML, like Gecko) HeadlessChrome/96.0.4664.110 Safari/537.36" 0.000 "18.208.199.247, 18.208.199.247, 10.1.67.146"
10.1.4.122 - - [08/Jun/2022:18:46:38 +0000]  "GET /core/assets/vendor/modernizr/modernizr.min.js?v=3.11.7 HTTP/1.1" 200 3261 "https://dev-ebfactory-site.pantheonsite.io/admin/people" "Mozilla/5.0 (X11; Linux x86_64) AppleWebKit/537.36 (KHTML, like Gecko) HeadlessChrome/96.0.4664.110 Safari/537.36" 0.000 "18.208.199.247, 18.208.199.247, 10.1.4.122"
10.1.4.121 - - [08/Jun/2022:18:46:38 +0000]  "GET /core/misc/modernizr-additional-tests.js?v=3.11.7 HTTP/1.1" 200 428 "https://dev-ebfactory-site.pantheonsite.io/admin/people" "Mozilla/5.0 (X11; Linux x86_64) AppleWebKit/537.36 (KHTML, like Gecko) HeadlessChrome/96.0.4664.110 Safari/537.36" 0.000 "18.208.199.247, 18.208.199.247, 10.1.4.121"
10.1.0.132 - - [08/Jun/2022:18:46:38 +0000]  "GET /sites/default/files/js/js_YU5KXli0WDWUeBVykw0pR8TwOS-em2EKXRlgoWDV6-U.js HTTP/1.1" 200 105826 "https://dev-ebfactory-site.pantheonsite.io/admin/people" "Mozilla/5.0 (X11; Linux x86_64) AppleWebKit/537.36 (KHTML, like Gecko) HeadlessChrome/96.0.4664.110 Safari/537.36" 0.000 "18.208.199.247, 18.208.199.247, 10.1.0.132"
10.1.4.122 - - [08/Jun/2022:18:46:38 +0000]  "GET /sites/default/files/css/css_IZiEhFfP_QPX02hx2cQD992rI6ip0ddftCNGpBI94Fs.css HTTP/1.1" 200 17942 "https://dev-ebfactory-site.pantheonsite.io/admin/people" "Mozilla/5.0 (X11; Linux x86_64) AppleWebKit/537.36 (KHTML, like Gecko) HeadlessChrome/96.0.4664.110 Safari/537.36" 0.000 "18.208.199.247, 18.208.199.247, 10.1.4.122"
10.1.4.122 - - [08/Jun/2022:18:46:38 +0000]  "GET /core/misc/icons/bebebe/hamburger.svg HTTP/1.1" 200 218 "https://dev-ebfactory-site.pantheonsite.io/sites/default/files/css/css_Zm5VEcSVkLBl7Zt-3Wsvbd12Ab8gkh2EwuNzRf0zXGQ.css" "Mozilla/5.0 (X11; Linux x86_64) AppleWebKit/537.36 (KHTML, like Gecko) HeadlessChrome/96.0.4664.110 Safari/537.36" 0.000 "18.208.199.247, 18.208.199.247, 10.1.4.122"
10.1.0.211 - - [08/Jun/2022:18:46:38 +0000]  "GET /core/misc/icons/bebebe/person.svg HTTP/1.1" 200 376 "https://dev-ebfactory-site.pantheonsite.io/sites/default/files/css/css_Zm5VEcSVkLBl7Zt-3Wsvbd12Ab8gkh2EwuNzRf0zXGQ.css" "Mozilla/5.0 (X11; Linux x86_64) AppleWebKit/537.36 (KHTML, like Gecko) HeadlessChrome/96.0.4664.110 Safari/537.36" 0.000 "18.208.199.247, 18.208.199.247, 10.1.0.211"
10.1.67.146 - - [08/Jun/2022:18:46:38 +0000]  "GET /core/misc/icons/333333/caret-down.svg HTTP/1.1" 200 182 "https://dev-ebfactory-site.pantheonsite.io/sites/default/files/css/css_IZiEhFfP_QPX02hx2cQD992rI6ip0ddftCNGpBI94Fs.css" "Mozilla/5.0 (X11; Linux x86_64) AppleWebKit/537.36 (KHTML, like Gecko) HeadlessChrome/96.0.4664.110 Safari/537.36" 0.000 "18.208.199.247, 18.208.199.247, 10.1.67.146"
10.1.69.152 - - [08/Jun/2022:18:46:38 +0000]  "GET /core/misc/icons/bebebe/chevron-disc-left.svg HTTP/1.1" 200 284 "https://dev-ebfactory-site.pantheonsite.io/sites/default/files/css/css_Zm5VEcSVkLBl7Zt-3Wsvbd12Ab8gkh2EwuNzRf0zXGQ.css" "Mozilla/5.0 (X11; Linux x86_64) AppleWebKit/537.36 (KHTML, like Gecko) HeadlessChrome/96.0.4664.110 Safari/537.36" 0.000 "18.208.199.247, 18.208.199.247, 10.1.69.152"
10.1.69.152 - - [08/Jun/2022:18:46:38 +0000]  "GET /core/misc/icons/bebebe/star.svg HTTP/1.1" 200 351 "https://dev-ebfactory-site.pantheonsite.io/sites/default/files/css/css_Zm5VEcSVkLBl7Zt-3Wsvbd12Ab8gkh2EwuNzRf0zXGQ.css" "Mozilla/5.0 (X11; Linux x86_64) AppleWebKit/537.36 (KHTML, like Gecko) HeadlessChrome/96.0.4664.110 Safari/537.36" 0.000 "18.208.199.247, 18.208.199.247, 10.1.69.152"
10.1.4.121 - - [08/Jun/2022:18:46:38 +0000]  "GET /core/modules/shortcut/images/favstar.svg HTTP/1.1" 200 1854 "https://dev-ebfactory-site.pantheonsite.io/sites/default/files/css/css_Zm5VEcSVkLBl7Zt-3Wsvbd12Ab8gkh2EwuNzRf0zXGQ.css" "Mozilla/5.0 (X11; Linux x86_64) AppleWebKit/537.36 (KHTML, like Gecko) HeadlessChrome/96.0.4664.110 Safari/537.36" 0.000 "18.208.199.247, 18.208.199.247, 10.1.4.121"
10.1.67.147 - - [08/Jun/2022:18:46:50 +0000]  "GET /user HTTP/1.1" 302 470 "-" "Mozilla/5.0 (X11; Linux x86_64) AppleWebKit/537.36 (KHTML, like Gecko) HeadlessChrome/96.0.4664.110 Safari/537.36" 0.012 "18.208.199.247, 18.208.199.247, 10.1.67.147"
10.1.0.132 - - [08/Jun/2022:18:46:50 +0000]  "GET /user/login HTTP/1.1" 200 3236 "-" "Mozilla/5.0 (X11; Linux x86_64) AppleWebKit/537.36 (KHTML, like Gecko) HeadlessChrome/96.0.4664.110 Safari/537.36" 0.010 "18.208.199.247, 18.208.199.247, 10.1.0.132"
10.1.5.64 - - [08/Jun/2022:18:46:50 +0000]  "GET /sites/default/files/css/css_QVAG5D3Tjgmzc55dRjVpYlhI02sBiqX5b0VAkKLpSGg.css HTTP/1.1" 200 13601 "https://dev-ebfactory-site.pantheonsite.io/user/login" "Mozilla/5.0 (X11; Linux x86_64) AppleWebKit/537.36 (KHTML, like Gecko) HeadlessChrome/96.0.4664.110 Safari/537.36" 0.000 "18.208.199.247, 18.208.199.247, 10.1.5.64"
10.1.68.187 - - [08/Jun/2022:18:46:50 +0000]  "GET /core/themes/bartik/logo.svg HTTP/1.1" 200 1971 "https://dev-ebfactory-site.pantheonsite.io/user/login" "Mozilla/5.0 (X11; Linux x86_64) AppleWebKit/537.36 (KHTML, like Gecko) HeadlessChrome/96.0.4664.110 Safari/537.36" 0.000 "18.208.199.247, 18.208.199.247, 10.1.68.187"
10.1.4.122 - - [08/Jun/2022:18:46:50 +0000]  "GET /sites/default/files/css/css_Z5jMg7P_bjcW9iUzujI7oaechMyxQTUqZhHJ_aYSq04.css HTTP/1.1" 200 290 "https://dev-ebfactory-site.pantheonsite.io/user/login" "Mozilla/5.0 (X11; Linux x86_64) AppleWebKit/537.36 (KHTML, like Gecko) HeadlessChrome/96.0.4664.110 Safari/537.36" 0.000 "18.208.199.247, 18.208.199.247, 10.1.4.122"
10.1.69.83 - - [08/Jun/2022:18:46:50 +0000]  "GET /sites/default/files/css/css_ae7UPIbd_IVJyK4q6Bo1deBGLSQmYVfqayVz97QzYwU.css HTTP/1.1" 200 2861 "https://dev-ebfactory-site.pantheonsite.io/user/login" "Mozilla/5.0 (X11; Linux x86_64) AppleWebKit/537.36 (KHTML, like Gecko) HeadlessChrome/96.0.4664.110 Safari/537.36" 0.000 "18.208.199.247, 18.208.199.247, 10.1.69.83"
10.1.4.122 - - [08/Jun/2022:18:46:50 +0000]  "GET /core/misc/icons/ee0000/required.svg HTTP/1.1" 200 356 "https://dev-ebfactory-site.pantheonsite.io/sites/default/files/css/css_QVAG5D3Tjgmzc55dRjVpYlhI02sBiqX5b0VAkKLpSGg.css" "Mozilla/5.0 (X11; Linux x86_64) AppleWebKit/537.36 (KHTML, like Gecko) HeadlessChrome/96.0.4664.110 Safari/537.36" 0.000 "18.208.199.247, 18.208.199.247, 10.1.4.122"
10.1.0.132 - - [08/Jun/2022:18:46:50 +0000]  "GET /core/themes/bartik/images/tabs-border.png HTTP/1.1" 200 83 "https://dev-ebfactory-site.pantheonsite.io/sites/default/files/css/css_QVAG5D3Tjgmzc55dRjVpYlhI02sBiqX5b0VAkKLpSGg.css" "Mozilla/5.0 (X11; Linux x86_64) AppleWebKit/537.36 (KHTML, like Gecko) HeadlessChrome/96.0.4664.110 Safari/537.36" 0.000 "18.208.199.247, 18.208.199.247, 10.1.0.132"
10.1.67.146 - - [08/Jun/2022:18:46:50 +0000]  "GET /core/misc/icons/505050/loupe.svg HTTP/1.1" 200 311 "https://dev-ebfactory-site.pantheonsite.io/sites/default/files/css/css_QVAG5D3Tjgmzc55dRjVpYlhI02sBiqX5b0VAkKLpSGg.css" "Mozilla/5.0 (X11; Linux x86_64) AppleWebKit/537.36 (KHTML, like Gecko) HeadlessChrome/96.0.4664.110 Safari/537.36" 0.000 "18.208.199.247, 18.208.199.247, 10.1.67.146"
10.1.5.126 - - [08/Jun/2022:18:46:51 +0000]  "POST /user/login HTTP/1.1" 303 530 "https://dev-ebfactory-site.pantheonsite.io/user/login" "Mozilla/5.0 (X11; Linux x86_64) AppleWebKit/537.36 (KHTML, like Gecko) HeadlessChrome/96.0.4664.110 Safari/537.36" 0.140 "18.208.199.247, 18.208.199.247, 10.1.5.126"
10.1.4.122 - - [08/Jun/2022:18:46:51 +0000]  "GET /user/12?check_logged_in=1 HTTP/1.1" 200 4105 "https://dev-ebfactory-site.pantheonsite.io/user/login" "Mozilla/5.0 (X11; Linux x86_64) AppleWebKit/537.36 (KHTML, like Gecko) HeadlessChrome/96.0.4664.110 Safari/537.36" 0.263 "18.208.199.247, 18.208.199.247, 10.1.4.122"
10.1.67.146 - - [08/Jun/2022:18:46:51 +0000]  "GET /sites/default/files/css/css_ae7UPIbd_IVJyK4q6Bo1deBGLSQmYVfqayVz97QzYwU.css HTTP/1.1" 200 2861 "https://dev-ebfactory-site.pantheonsite.io/user/12?check_logged_in=1" "Mozilla/5.0 (X11; Linux x86_64) AppleWebKit/537.36 (KHTML, like Gecko) HeadlessChrome/96.0.4664.110 Safari/537.36" 0.000 "18.208.199.247, 18.208.199.247, 10.1.67.146"
10.1.67.147 - - [08/Jun/2022:18:46:51 +0000]  "GET /sites/default/files/css/css_Ns1I5oQ_EuXxnP0hf9Yw3HB1weRmfgPa30tk0NQs_xQ.css HTTP/1.1" 200 14055 "https://dev-ebfactory-site.pantheonsite.io/user/12?check_logged_in=1" "Mozilla/5.0 (X11; Linux x86_64) AppleWebKit/537.36 (KHTML, like Gecko) HeadlessChrome/96.0.4664.110 Safari/537.36" 0.000 "18.208.199.247, 18.208.199.247, 10.1.67.147"
10.1.5.64 - - [08/Jun/2022:18:46:51 +0000]  "GET /core/themes/bartik/logo.svg HTTP/1.1" 200 1971 "https://dev-ebfactory-site.pantheonsite.io/user/12?check_logged_in=1" "Mozilla/5.0 (X11; Linux x86_64) AppleWebKit/537.36 (KHTML, like Gecko) HeadlessChrome/96.0.4664.110 Safari/537.36" 0.000 "18.208.199.247, 18.208.199.247, 10.1.5.64"
10.1.5.126 - - [08/Jun/2022:18:46:51 +0000]  "GET /sites/default/files/js/js_hmOQ3KOzLKVndXsKuZCPrWPrMxI2beyoTiWHEyp3KMY.js HTTP/1.1" 200 51069 "https://dev-ebfactory-site.pantheonsite.io/user/12?check_logged_in=1" "Mozilla/5.0 (X11; Linux x86_64) AppleWebKit/537.36 (KHTML, like Gecko) HeadlessChrome/96.0.4664.110 Safari/537.36" 0.000 "18.208.199.247, 18.208.199.247, 10.1.5.126"
10.1.67.146 - - [08/Jun/2022:18:46:51 +0000]  "GET /sites/default/files/css/css_Z5jMg7P_bjcW9iUzujI7oaechMyxQTUqZhHJ_aYSq04.css HTTP/1.1" 304 0 "https://dev-ebfactory-site.pantheonsite.io/user/12?check_logged_in=1" "Mozilla/5.0 (X11; Linux x86_64) AppleWebKit/537.36 (KHTML, like Gecko) HeadlessChrome/96.0.4664.110 Safari/537.36" 0.000 "18.208.199.247, 18.208.199.247, 10.1.67.146"
10.1.5.126 - - [08/Jun/2022:18:46:51 +0000]  "GET /core/misc/icons/505050/loupe.svg HTTP/1.1" 200 311 "https://dev-ebfactory-site.pantheonsite.io/sites/default/files/css/css_Ns1I5oQ_EuXxnP0hf9Yw3HB1weRmfgPa30tk0NQs_xQ.css" "Mozilla/5.0 (X11; Linux x86_64) AppleWebKit/537.36 (KHTML, like Gecko) HeadlessChrome/96.0.4664.110 Safari/537.36" 0.000 "18.208.199.247, 18.208.199.247, 10.1.5.126"
10.1.0.132 - - [08/Jun/2022:18:46:51 +0000]  "GET /core/themes/bartik/images/tabs-border.png HTTP/1.1" 200 83 "https://dev-ebfactory-site.pantheonsite.io/sites/default/files/css/css_Ns1I5oQ_EuXxnP0hf9Yw3HB1weRmfgPa30tk0NQs_xQ.css" "Mozilla/5.0 (X11; Linux x86_64) AppleWebKit/537.36 (KHTML, like Gecko) HeadlessChrome/96.0.4664.110 Safari/537.36" 0.000 "18.208.199.247, 18.208.199.247, 10.1.0.132"
10.1.67.147 - - [08/Jun/2022:18:47:04 +0000]  "GET /user HTTP/1.1" 302 470 "-" "Mozilla/5.0 (X11; Linux x86_64) AppleWebKit/537.36 (KHTML, like Gecko) HeadlessChrome/96.0.4664.110 Safari/537.36" 0.010 "50.19.185.84, 50.19.185.84, 10.1.67.147"
10.1.0.132 - - [08/Jun/2022:18:47:04 +0000]  "GET /user/login HTTP/1.1" 200 3236 "-" "Mozilla/5.0 (X11; Linux x86_64) AppleWebKit/537.36 (KHTML, like Gecko) HeadlessChrome/96.0.4664.110 Safari/537.36" 0.009 "50.19.185.84, 50.19.185.84, 10.1.0.132"
10.1.0.132 - - [08/Jun/2022:18:47:04 +0000]  "GET /sites/default/files/css/css_QVAG5D3Tjgmzc55dRjVpYlhI02sBiqX5b0VAkKLpSGg.css HTTP/1.1" 200 13601 "https://dev-ebfactory-site.pantheonsite.io/user/login" "Mozilla/5.0 (X11; Linux x86_64) AppleWebKit/537.36 (KHTML, like Gecko) HeadlessChrome/96.0.4664.110 Safari/537.36" 0.000 "50.19.185.84, 50.19.185.84, 10.1.0.132"
10.1.67.147 - - [08/Jun/2022:18:47:04 +0000]  "GET /sites/default/files/css/css_ae7UPIbd_IVJyK4q6Bo1deBGLSQmYVfqayVz97QzYwU.css HTTP/1.1" 200 2861 "https://dev-ebfactory-site.pantheonsite.io/user/login" "Mozilla/5.0 (X11; Linux x86_64) AppleWebKit/537.36 (KHTML, like Gecko) HeadlessChrome/96.0.4664.110 Safari/537.36" 0.000 "50.19.185.84, 50.19.185.84, 10.1.67.147"
10.1.4.122 - - [08/Jun/2022:18:47:04 +0000]  "GET /core/themes/bartik/logo.svg HTTP/1.1" 200 1971 "https://dev-ebfactory-site.pantheonsite.io/user/login" "Mozilla/5.0 (X11; Linux x86_64) AppleWebKit/537.36 (KHTML, like Gecko) HeadlessChrome/96.0.4664.110 Safari/537.36" 0.000 "50.19.185.84, 50.19.185.84, 10.1.4.122"
10.1.68.187 - - [08/Jun/2022:18:47:04 +0000]  "GET /sites/default/files/css/css_Z5jMg7P_bjcW9iUzujI7oaechMyxQTUqZhHJ_aYSq04.css HTTP/1.1" 200 290 "https://dev-ebfactory-site.pantheonsite.io/user/login" "Mozilla/5.0 (X11; Linux x86_64) AppleWebKit/537.36 (KHTML, like Gecko) HeadlessChrome/96.0.4664.110 Safari/537.36" 0.000 "50.19.185.84, 50.19.185.84, 10.1.68.187"
10.1.67.146 - - [08/Jun/2022:18:47:04 +0000]  "GET /core/themes/bartik/images/tabs-border.png HTTP/1.1" 200 83 "https://dev-ebfactory-site.pantheonsite.io/sites/default/files/css/css_QVAG5D3Tjgmzc55dRjVpYlhI02sBiqX5b0VAkKLpSGg.css" "Mozilla/5.0 (X11; Linux x86_64) AppleWebKit/537.36 (KHTML, like Gecko) HeadlessChrome/96.0.4664.110 Safari/537.36" 0.000 "50.19.185.84, 50.19.185.84, 10.1.67.146"
10.1.67.88 - - [08/Jun/2022:18:47:04 +0000]  "GET /core/misc/icons/ee0000/required.svg HTTP/1.1" 200 356 "https://dev-ebfactory-site.pantheonsite.io/sites/default/files/css/css_QVAG5D3Tjgmzc55dRjVpYlhI02sBiqX5b0VAkKLpSGg.css" "Mozilla/5.0 (X11; Linux x86_64) AppleWebKit/537.36 (KHTML, like Gecko) HeadlessChrome/96.0.4664.110 Safari/537.36" 0.000 "50.19.185.84, 50.19.185.84, 10.1.67.88"
10.1.68.187 - - [08/Jun/2022:18:47:04 +0000]  "GET /core/misc/icons/505050/loupe.svg HTTP/1.1" 200 311 "https://dev-ebfactory-site.pantheonsite.io/sites/default/files/css/css_QVAG5D3Tjgmzc55dRjVpYlhI02sBiqX5b0VAkKLpSGg.css" "Mozilla/5.0 (X11; Linux x86_64) AppleWebKit/537.36 (KHTML, like Gecko) HeadlessChrome/96.0.4664.110 Safari/537.36" 0.000 "50.19.185.84, 50.19.185.84, 10.1.68.187"
10.1.69.152 - - [08/Jun/2022:18:47:05 +0000]  "POST /user/login HTTP/1.1" 303 530 "https://dev-ebfactory-site.pantheonsite.io/user/login" "Mozilla/5.0 (X11; Linux x86_64) AppleWebKit/537.36 (KHTML, like Gecko) HeadlessChrome/96.0.4664.110 Safari/537.36" 0.144 "50.19.185.84, 50.19.185.84, 10.1.69.152"
10.1.67.88 - - [08/Jun/2022:18:47:05 +0000]  "GET /user/13?check_logged_in=1 HTTP/1.1" 200 6924 "https://dev-ebfactory-site.pantheonsite.io/user/login" "Mozilla/5.0 (X11; Linux x86_64) AppleWebKit/537.36 (KHTML, like Gecko) HeadlessChrome/96.0.4664.110 Safari/537.36" 0.188 "50.19.185.84, 50.19.185.84, 10.1.67.88"
10.1.0.211 - - [08/Jun/2022:18:47:05 +0000]  "GET /sites/default/files/css/css_6ZKsRQgXQv0GdFrFhdy2R1wB2hj7quLpzZ6t307DdSo.css HTTP/1.1" 200 774 "https://dev-ebfactory-site.pantheonsite.io/user/13?check_logged_in=1" "Mozilla/5.0 (X11; Linux x86_64) AppleWebKit/537.36 (KHTML, like Gecko) HeadlessChrome/96.0.4664.110 Safari/537.36" 0.000 "50.19.185.84, 50.19.185.84, 10.1.0.211"
10.1.0.132 - - [08/Jun/2022:18:47:05 +0000]  "GET /sites/default/files/css/css_7IjgI5WxidIcbs-6CW-lTVGmwx8FtkkUdLojZlmsRLU.css HTTP/1.1" 200 3780 "https://dev-ebfactory-site.pantheonsite.io/user/13?check_logged_in=1" "Mozilla/5.0 (X11; Linux x86_64) AppleWebKit/537.36 (KHTML, like Gecko) HeadlessChrome/96.0.4664.110 Safari/537.36" 0.000 "50.19.185.84, 50.19.185.84, 10.1.0.132"
10.1.5.64 - - [08/Jun/2022:18:47:05 +0000]  "GET /core/assets/vendor/modernizr/modernizr.min.js?v=3.11.7 HTTP/1.1" 200 3261 "https://dev-ebfactory-site.pantheonsite.io/user/13?check_logged_in=1" "Mozilla/5.0 (X11; Linux x86_64) AppleWebKit/537.36 (KHTML, like Gecko) HeadlessChrome/96.0.4664.110 Safari/537.36" 0.000 "50.19.185.84, 50.19.185.84, 10.1.5.64"
10.1.67.88 - - [08/Jun/2022:18:47:05 +0000]  "GET /sites/default/files/css/css_NNpNhvSTb-vNlSNjEcDLXtQgEchYekLb1iRF9kNx14w.css HTTP/1.1" 200 3742 "https://dev-ebfactory-site.pantheonsite.io/user/13?check_logged_in=1" "Mozilla/5.0 (X11; Linux x86_64) AppleWebKit/537.36 (KHTML, like Gecko) HeadlessChrome/96.0.4664.110 Safari/537.36" 0.000 "50.19.185.84, 50.19.185.84, 10.1.67.88"
10.1.5.64 - - [08/Jun/2022:18:47:05 +0000]  "GET /sites/default/files/css/css_YNfXAqbiQl6e6Ix88246QsGGQQSmP_5maJGdSZ15hPs.css HTTP/1.1" 200 14076 "https://dev-ebfactory-site.pantheonsite.io/user/13?check_logged_in=1" "Mozilla/5.0 (X11; Linux x86_64) AppleWebKit/537.36 (KHTML, like Gecko) HeadlessChrome/96.0.4664.110 Safari/537.36" 0.000 "50.19.185.84, 50.19.185.84, 10.1.5.64"
10.1.67.88 - - [08/Jun/2022:18:47:05 +0000]  "GET /core/misc/modernizr-additional-tests.js?v=3.11.7 HTTP/1.1" 200 428 "https://dev-ebfactory-site.pantheonsite.io/user/13?check_logged_in=1" "Mozilla/5.0 (X11; Linux x86_64) AppleWebKit/537.36 (KHTML, like Gecko) HeadlessChrome/96.0.4664.110 Safari/537.36" 0.000 "50.19.185.84, 50.19.185.84, 10.1.67.88"
10.1.5.126 - - [08/Jun/2022:18:47:05 +0000]  "GET /core/themes/bartik/logo.svg HTTP/1.1" 200 1971 "https://dev-ebfactory-site.pantheonsite.io/user/13?check_logged_in=1" "Mozilla/5.0 (X11; Linux x86_64) AppleWebKit/537.36 (KHTML, like Gecko) HeadlessChrome/96.0.4664.110 Safari/537.36" 0.000 "50.19.185.84, 50.19.185.84, 10.1.5.126"
10.1.69.152 - - [08/Jun/2022:18:47:05 +0000]  "GET /sites/default/files/js/js_hPNTcua489uA-I6bm3I0J5o0_G9svZNOcx989W0Hdr8.js HTTP/1.1" 200 102893 "https://dev-ebfactory-site.pantheonsite.io/user/13?check_logged_in=1" "Mozilla/5.0 (X11; Linux x86_64) AppleWebKit/537.36 (KHTML, like Gecko) HeadlessChrome/96.0.4664.110 Safari/537.36" 0.000 "50.19.185.84, 50.19.185.84, 10.1.69.152"
10.1.5.126 - - [08/Jun/2022:18:47:05 +0000]  "GET /sites/default/files/css/css_Z5jMg7P_bjcW9iUzujI7oaechMyxQTUqZhHJ_aYSq04.css HTTP/1.1" 200 290 "https://dev-ebfactory-site.pantheonsite.io/user/13?check_logged_in=1" "Mozilla/5.0 (X11; Linux x86_64) AppleWebKit/537.36 (KHTML, like Gecko) HeadlessChrome/96.0.4664.110 Safari/537.36" 0.000 "50.19.185.84, 50.19.185.84, 10.1.5.126"
10.1.0.211 - - [08/Jun/2022:18:47:05 +0000]  "GET /core/misc/icons/bebebe/person.svg HTTP/1.1" 200 376 "https://dev-ebfactory-site.pantheonsite.io/sites/default/files/css/css_NNpNhvSTb-vNlSNjEcDLXtQgEchYekLb1iRF9kNx14w.css" "Mozilla/5.0 (X11; Linux x86_64) AppleWebKit/537.36 (KHTML, like Gecko) HeadlessChrome/96.0.4664.110 Safari/537.36" 0.000 "50.19.185.84, 50.19.185.84, 10.1.0.211"
10.1.4.122 - - [08/Jun/2022:18:47:05 +0000]  "GET /core/misc/icons/505050/loupe.svg HTTP/1.1" 200 311 "https://dev-ebfactory-site.pantheonsite.io/sites/default/files/css/css_YNfXAqbiQl6e6Ix88246QsGGQQSmP_5maJGdSZ15hPs.css" "Mozilla/5.0 (X11; Linux x86_64) AppleWebKit/537.36 (KHTML, like Gecko) HeadlessChrome/96.0.4664.110 Safari/537.36" 0.000 "50.19.185.84, 50.19.185.84, 10.1.4.122"
10.1.69.152 - - [08/Jun/2022:18:47:05 +0000]  "GET /core/misc/icons/bebebe/hamburger.svg HTTP/1.1" 200 218 "https://dev-ebfactory-site.pantheonsite.io/sites/default/files/css/css_NNpNhvSTb-vNlSNjEcDLXtQgEchYekLb1iRF9kNx14w.css" "Mozilla/5.0 (X11; Linux x86_64) AppleWebKit/537.36 (KHTML, like Gecko) HeadlessChrome/96.0.4664.110 Safari/537.36" 0.000 "50.19.185.84, 50.19.185.84, 10.1.69.152"
10.1.4.122 - - [08/Jun/2022:18:47:05 +0000]  "GET /core/misc/icons/bebebe/star.svg HTTP/1.1" 200 351 "https://dev-ebfactory-site.pantheonsite.io/sites/default/files/css/css_NNpNhvSTb-vNlSNjEcDLXtQgEchYekLb1iRF9kNx14w.css" "Mozilla/5.0 (X11; Linux x86_64) AppleWebKit/537.36 (KHTML, like Gecko) HeadlessChrome/96.0.4664.110 Safari/537.36" 0.000 "50.19.185.84, 50.19.185.84, 10.1.4.122"
10.1.5.64 - - [08/Jun/2022:18:47:05 +0000]  "GET /admin/content HTTP/1.1" 200 7303 "-" "Mozilla/5.0 (X11; Linux x86_64) AppleWebKit/537.36 (KHTML, like Gecko) HeadlessChrome/96.0.4664.110 Safari/537.36" 0.336 "50.19.185.84, 50.19.185.84, 10.1.5.64"
10.1.4.122 - - [08/Jun/2022:18:47:05 +0000]  "GET /sites/default/files/css/css_6iepeH1B0qmVniz_HZXpk3HXNA8VI8yu-9DMAjFet8w.css HTTP/1.1" 200 4085 "https://dev-ebfactory-site.pantheonsite.io/admin/content" "Mozilla/5.0 (X11; Linux x86_64) AppleWebKit/537.36 (KHTML, like Gecko) HeadlessChrome/96.0.4664.110 Safari/537.36" 0.000 "50.19.185.84, 50.19.185.84, 10.1.4.122"
10.1.68.187 - - [08/Jun/2022:18:47:05 +0000]  "GET /sites/default/files/js/js_3UhmdSpm4UzE0EvlZGMrh8QDwiml2p4T1YcXj0cEHhI.js HTTP/1.1" 200 107289 "https://dev-ebfactory-site.pantheonsite.io/admin/content" "Mozilla/5.0 (X11; Linux x86_64) AppleWebKit/537.36 (KHTML, like Gecko) HeadlessChrome/96.0.4664.110 Safari/537.36" 0.000 "50.19.185.84, 50.19.185.84, 10.1.68.187"
10.1.5.126 - - [08/Jun/2022:18:47:05 +0000]  "GET /core/assets/vendor/modernizr/modernizr.min.js?v=3.11.7 HTTP/1.1" 200 3261 "https://dev-ebfactory-site.pantheonsite.io/admin/content" "Mozilla/5.0 (X11; Linux x86_64) AppleWebKit/537.36 (KHTML, like Gecko) HeadlessChrome/96.0.4664.110 Safari/537.36" 0.000 "50.19.185.84, 50.19.185.84, 10.1.5.126"
