10.1.5.64 - - [07/Jun/2022:19:10:02 +0000]  "GET /sites/default/files/css/css_QVAG5D3Tjgmzc55dRjVpYlhI02sBiqX5b0VAkKLpSGg.css HTTP/1.1" 200 13601 "https://dev-ebfactory-site.pantheonsite.io/" "Mozilla/5.0 (Unknown; Linux x86_64) AppleWebKit/538.1 (KHTML, like Gecko) PhantomJS/2.1.1 Safari/538.1" 0.000 "34.122.195.170, 34.122.195.170, 10.1.5.64"
10.1.0.180 - - [07/Jun/2022:19:10:49 +0000]  "GET /pantheon_healthcheck HTTP/1.1" 200 34 "-" "Terminus/3.0.6 (php_version=7.4.27&script=/usr/local/bin/terminus)" 0.013 "54.163.214.163, 54.163.214.163, 10.1.0.180"
10.1.69.118 - - [07/Jun/2022:19:11:27 +0000]  "GET / HTTP/1.1" 200 2750 "-" "Mozilla/5.0 (Unknown; Linux x86_64) AppleWebKit/538.1 (KHTML, like Gecko) PhantomJS/2.1.1 Safari/538.1" 1.274 "34.122.195.170, 34.122.195.170, 10.1.69.118"
10.1.67.127 - - [07/Jun/2022:19:11:28 +0000]  "GET /sites/default/files/css/css_v18WUm75dSk_A-DeLZcRjivGVxxUXl9PCwLE_JJpyIk.css HTTP/1.1" 200 2938 "https://dev-ebfactory-site.pantheonsite.io/" "Mozilla/5.0 (Unknown; Linux x86_64) AppleWebKit/538.1 (KHTML, like Gecko) PhantomJS/2.1.1 Safari/538.1" 0.000 "34.122.195.170, 34.122.195.170, 10.1.67.127"
10.1.69.118 - - [07/Jun/2022:19:11:28 +0000]  "GET /sites/default/files/css/css_QVAG5D3Tjgmzc55dRjVpYlhI02sBiqX5b0VAkKLpSGg.css HTTP/1.1" 200 13601 "https://dev-ebfactory-site.pantheonsite.io/" "Mozilla/5.0 (Unknown; Linux x86_64) AppleWebKit/538.1 (KHTML, like Gecko) PhantomJS/2.1.1 Safari/538.1" 0.000 "34.122.195.170, 34.122.195.170, 10.1.69.118"
10.1.68.189 - - [07/Jun/2022:19:11:28 +0000]  "GET /core/themes/bartik/logo.svg HTTP/1.1" 200 1971 "https://dev-ebfactory-site.pantheonsite.io/" "Mozilla/5.0 (Unknown; Linux x86_64) AppleWebKit/538.1 (KHTML, like Gecko) PhantomJS/2.1.1 Safari/538.1" 0.000 "34.122.195.170, 34.122.195.170, 10.1.68.189"
10.1.69.118 - - [07/Jun/2022:19:11:28 +0000]  "GET /core/misc/icons/505050/loupe.svg HTTP/1.1" 200 311 "https://dev-ebfactory-site.pantheonsite.io/" "Mozilla/5.0 (Unknown; Linux x86_64) AppleWebKit/538.1 (KHTML, like Gecko) PhantomJS/2.1.1 Safari/538.1" 0.000 "34.122.195.170, 34.122.195.170, 10.1.69.118"
10.1.4.121 - - [07/Jun/2022:19:11:28 +0000]  "GET /core/misc/feed.svg HTTP/1.1" 200 308 "https://dev-ebfactory-site.pantheonsite.io/" "Mozilla/5.0 (Unknown; Linux x86_64) AppleWebKit/538.1 (KHTML, like Gecko) PhantomJS/2.1.1 Safari/538.1" 0.000 "34.122.195.170, 34.122.195.170, 10.1.4.121"
10.1.69.118 - - [07/Jun/2022:19:11:28 +0000]  "GET /sites/default/files/css/css_Z5jMg7P_bjcW9iUzujI7oaechMyxQTUqZhHJ_aYSq04.css HTTP/1.1" 200 290 "https://dev-ebfactory-site.pantheonsite.io/" "Mozilla/5.0 (Unknown; Linux x86_64) AppleWebKit/538.1 (KHTML, like Gecko) PhantomJS/2.1.1 Safari/538.1" 0.000 "34.122.195.170, 34.122.195.170, 10.1.69.118"
10.1.5.105 - - [07/Jun/2022:19:12:01 +0000]  "GET /user HTTP/1.1" 302 470 "-" "Mozilla/5.0 (X11; Linux x86_64) AppleWebKit/537.36 (KHTML, like Gecko) HeadlessChrome/96.0.4664.110 Safari/537.36" 0.044 "54.163.214.163, 54.163.214.163, 10.1.5.105"
10.1.0.169 - - [07/Jun/2022:19:12:01 +0000]  "GET /user/login HTTP/1.1" 200 3227 "-" "Mozilla/5.0 (X11; Linux x86_64) AppleWebKit/537.36 (KHTML, like Gecko) HeadlessChrome/96.0.4664.110 Safari/537.36" 0.750 "54.163.214.163, 54.163.214.163, 10.1.0.169"
10.1.67.88 - - [07/Jun/2022:19:12:02 +0000]  "GET /sites/default/files/css/css_QVAG5D3Tjgmzc55dRjVpYlhI02sBiqX5b0VAkKLpSGg.css HTTP/1.1" 200 13601 "https://dev-ebfactory-site.pantheonsite.io/user/login" "Mozilla/5.0 (X11; Linux x86_64) AppleWebKit/537.36 (KHTML, like Gecko) HeadlessChrome/96.0.4664.110 Safari/537.36" 0.000 "54.163.214.163, 54.163.214.163, 10.1.67.88"
10.1.0.180 - - [07/Jun/2022:19:12:02 +0000]  "GET /sites/default/files/css/css_ae7UPIbd_IVJyK4q6Bo1deBGLSQmYVfqayVz97QzYwU.css HTTP/1.1" 200 2861 "https://dev-ebfactory-site.pantheonsite.io/user/login" "Mozilla/5.0 (X11; Linux x86_64) AppleWebKit/537.36 (KHTML, like Gecko) HeadlessChrome/96.0.4664.110 Safari/537.36" 0.000 "54.163.214.163, 54.163.214.163, 10.1.0.180"
10.1.67.88 - - [07/Jun/2022:19:12:02 +0000]  "GET /core/themes/bartik/logo.svg HTTP/1.1" 200 1971 "https://dev-ebfactory-site.pantheonsite.io/user/login" "Mozilla/5.0 (X11; Linux x86_64) AppleWebKit/537.36 (KHTML, like Gecko) HeadlessChrome/96.0.4664.110 Safari/537.36" 0.000 "54.163.214.163, 54.163.214.163, 10.1.67.88"
10.1.68.189 - - [07/Jun/2022:19:12:02 +0000]  "GET /core/themes/bartik/images/tabs-border.png HTTP/1.1" 200 83 "https://dev-ebfactory-site.pantheonsite.io/sites/default/files/css/css_QVAG5D3Tjgmzc55dRjVpYlhI02sBiqX5b0VAkKLpSGg.css" "Mozilla/5.0 (X11; Linux x86_64) AppleWebKit/537.36 (KHTML, like Gecko) HeadlessChrome/96.0.4664.110 Safari/537.36" 0.000 "54.163.214.163, 54.163.214.163, 10.1.68.189"
10.1.68.189 - - [07/Jun/2022:19:12:02 +0000]  "GET /core/misc/icons/505050/loupe.svg HTTP/1.1" 200 311 "https://dev-ebfactory-site.pantheonsite.io/sites/default/files/css/css_QVAG5D3Tjgmzc55dRjVpYlhI02sBiqX5b0VAkKLpSGg.css" "Mozilla/5.0 (X11; Linux x86_64) AppleWebKit/537.36 (KHTML, like Gecko) HeadlessChrome/96.0.4664.110 Safari/537.36" 0.000 "54.163.214.163, 54.163.214.163, 10.1.68.189"
10.1.69.83 - - [07/Jun/2022:19:12:02 +0000]  "GET /core/misc/icons/ee0000/required.svg HTTP/1.1" 200 356 "https://dev-ebfactory-site.pantheonsite.io/sites/default/files/css/css_QVAG5D3Tjgmzc55dRjVpYlhI02sBiqX5b0VAkKLpSGg.css" "Mozilla/5.0 (X11; Linux x86_64) AppleWebKit/537.36 (KHTML, like Gecko) HeadlessChrome/96.0.4664.110 Safari/537.36" 0.000 "54.163.214.163, 54.163.214.163, 10.1.69.83"
10.1.0.132 - - [07/Jun/2022:19:12:02 +0000]  "GET /sites/default/files/css/css_Z5jMg7P_bjcW9iUzujI7oaechMyxQTUqZhHJ_aYSq04.css HTTP/1.1" 200 290 "https://dev-ebfactory-site.pantheonsite.io/user/login" "Mozilla/5.0 (X11; Linux x86_64) AppleWebKit/537.36 (KHTML, like Gecko) HeadlessChrome/96.0.4664.110 Safari/537.36" 0.000 "54.163.214.163, 54.163.214.163, 10.1.0.132"
10.1.67.88 - - [07/Jun/2022:19:12:02 +0000]  "POST /user/login HTTP/1.1" 303 526 "https://dev-ebfactory-site.pantheonsite.io/user/login" "Mozilla/5.0 (X11; Linux x86_64) AppleWebKit/537.36 (KHTML, like Gecko) HeadlessChrome/96.0.4664.110 Safari/537.36" 0.146 "54.163.214.163, 54.163.214.163, 10.1.67.88"
10.1.0.169 - - [07/Jun/2022:19:12:05 +0000]  "GET /core/assets/vendor/modernizr/modernizr.min.js?v=3.11.7 HTTP/1.1" 200 3261 "https://dev-ebfactory-site.pantheonsite.io/user/2?check_logged_in=1" "Mozilla/5.0 (X11; Linux x86_64) AppleWebKit/537.36 (KHTML, like Gecko) HeadlessChrome/96.0.4664.110 Safari/537.36" 0.000 "54.163.214.163, 54.163.214.163, 10.1.0.169"
10.1.0.132 - - [07/Jun/2022:19:12:05 +0000]  "GET /sites/default/files/css/css_YNfXAqbiQl6e6Ix88246QsGGQQSmP_5maJGdSZ15hPs.css HTTP/1.1" 200 14076 "https://dev-ebfactory-site.pantheonsite.io/user/2?check_logged_in=1" "Mozilla/5.0 (X11; Linux x86_64) AppleWebKit/537.36 (KHTML, like Gecko) HeadlessChrome/96.0.4664.110 Safari/537.36" 0.000 "54.163.214.163, 54.163.214.163, 10.1.0.132"
10.1.67.127 - - [07/Jun/2022:19:12:05 +0000]  "GET /sites/default/files/css/css_NNpNhvSTb-vNlSNjEcDLXtQgEchYekLb1iRF9kNx14w.css HTTP/1.1" 200 3742 "https://dev-ebfactory-site.pantheonsite.io/user/2?check_logged_in=1" "Mozilla/5.0 (X11; Linux x86_64) AppleWebKit/537.36 (KHTML, like Gecko) HeadlessChrome/96.0.4664.110 Safari/537.36" 0.000 "54.163.214.163, 54.163.214.163, 10.1.67.127"
10.1.0.132 - - [07/Jun/2022:19:12:05 +0000]  "GET /sites/default/files/css/css_7IjgI5WxidIcbs-6CW-lTVGmwx8FtkkUdLojZlmsRLU.css HTTP/1.1" 200 3780 "https://dev-ebfactory-site.pantheonsite.io/user/2?check_logged_in=1" "Mozilla/5.0 (X11; Linux x86_64) AppleWebKit/537.36 (KHTML, like Gecko) HeadlessChrome/96.0.4664.110 Safari/537.36" 0.000 "54.163.214.163, 54.163.214.163, 10.1.0.132"
10.1.67.127 - - [07/Jun/2022:19:12:05 +0000]  "GET /core/misc/modernizr-additional-tests.js?v=3.11.7 HTTP/1.1" 200 428 "https://dev-ebfactory-site.pantheonsite.io/user/2?check_logged_in=1" "Mozilla/5.0 (X11; Linux x86_64) AppleWebKit/537.36 (KHTML, like Gecko) HeadlessChrome/96.0.4664.110 Safari/537.36" 0.000 "54.163.214.163, 54.163.214.163, 10.1.67.127"
10.1.68.246 - - [07/Jun/2022:19:12:05 +0000]  "GET /sites/default/files/css/css_6ZKsRQgXQv0GdFrFhdy2R1wB2hj7quLpzZ6t307DdSo.css HTTP/1.1" 200 774 "https://dev-ebfactory-site.pantheonsite.io/user/2?check_logged_in=1" "Mozilla/5.0 (X11; Linux x86_64) AppleWebKit/537.36 (KHTML, like Gecko) HeadlessChrome/96.0.4664.110 Safari/537.36" 0.000 "54.163.214.163, 54.163.214.163, 10.1.68.246"
10.1.69.118 - - [07/Jun/2022:19:12:05 +0000]  "GET /user/2?check_logged_in=1 HTTP/1.1" 200 6922 "https://dev-ebfactory-site.pantheonsite.io/user/login" "Mozilla/5.0 (X11; Linux x86_64) AppleWebKit/537.36 (KHTML, like Gecko) HeadlessChrome/96.0.4664.110 Safari/537.36" 3.146 "54.163.214.163, 54.163.214.163, 10.1.69.118"
10.1.5.105 - - [07/Jun/2022:19:12:05 +0000]  "GET /sites/default/files/css/css_Z5jMg7P_bjcW9iUzujI7oaechMyxQTUqZhHJ_aYSq04.css HTTP/1.1" 200 290 "https://dev-ebfactory-site.pantheonsite.io/user/2?check_logged_in=1" "Mozilla/5.0 (X11; Linux x86_64) AppleWebKit/537.36 (KHTML, like Gecko) HeadlessChrome/96.0.4664.110 Safari/537.36" 0.000 "54.163.214.163, 54.163.214.163, 10.1.5.105"
10.1.67.127 - - [07/Jun/2022:19:12:05 +0000]  "GET /core/misc/icons/bebebe/person.svg HTTP/1.1" 200 376 "https://dev-ebfactory-site.pantheonsite.io/sites/default/files/css/css_NNpNhvSTb-vNlSNjEcDLXtQgEchYekLb1iRF9kNx14w.css" "Mozilla/5.0 (X11; Linux x86_64) AppleWebKit/537.36 (KHTML, like Gecko) HeadlessChrome/96.0.4664.110 Safari/537.36" 0.000 "54.163.214.163, 54.163.214.163, 10.1.67.127"
10.1.0.180 - - [07/Jun/2022:19:12:05 +0000]  "GET /core/misc/icons/bebebe/hamburger.svg HTTP/1.1" 200 218 "https://dev-ebfactory-site.pantheonsite.io/sites/default/files/css/css_NNpNhvSTb-vNlSNjEcDLXtQgEchYekLb1iRF9kNx14w.css" "Mozilla/5.0 (X11; Linux x86_64) AppleWebKit/537.36 (KHTML, like Gecko) HeadlessChrome/96.0.4664.110 Safari/537.36" 0.000 "54.163.214.163, 54.163.214.163, 10.1.0.180"
10.1.4.121 - - [07/Jun/2022:19:12:05 +0000]  "GET /sites/default/files/js/js_hPNTcua489uA-I6bm3I0J5o0_G9svZNOcx989W0Hdr8.js HTTP/1.1" 200 102893 "https://dev-ebfactory-site.pantheonsite.io/user/2?check_logged_in=1" "Mozilla/5.0 (X11; Linux x86_64) AppleWebKit/537.36 (KHTML, like Gecko) HeadlessChrome/96.0.4664.110 Safari/537.36" 0.000 "54.163.214.163, 54.163.214.163, 10.1.4.121"
10.1.67.127 - - [07/Jun/2022:19:12:05 +0000]  "GET /core/misc/icons/bebebe/star.svg HTTP/1.1" 200 351 "https://dev-ebfactory-site.pantheonsite.io/sites/default/files/css/css_NNpNhvSTb-vNlSNjEcDLXtQgEchYekLb1iRF9kNx14w.css" "Mozilla/5.0 (X11; Linux x86_64) AppleWebKit/537.36 (KHTML, like Gecko) HeadlessChrome/96.0.4664.110 Safari/537.36" 0.000 "54.163.214.163, 54.163.214.163, 10.1.67.127"
10.1.68.189 - - [07/Jun/2022:19:12:05 +0000]  "GET /core/themes/bartik/logo.svg HTTP/1.1" 200 1971 "https://dev-ebfactory-site.pantheonsite.io/user/2?check_logged_in=1" "Mozilla/5.0 (X11; Linux x86_64) AppleWebKit/537.36 (KHTML, like Gecko) HeadlessChrome/96.0.4664.110 Safari/537.36" 0.000 "54.163.214.163, 54.163.214.163, 10.1.68.189"
10.1.69.118 - - [07/Jun/2022:19:12:05 +0000]  "GET /core/misc/icons/505050/loupe.svg HTTP/1.1" 200 311 "https://dev-ebfactory-site.pantheonsite.io/sites/default/files/css/css_YNfXAqbiQl6e6Ix88246QsGGQQSmP_5maJGdSZ15hPs.css" "Mozilla/5.0 (X11; Linux x86_64) AppleWebKit/537.36 (KHTML, like Gecko) HeadlessChrome/96.0.4664.110 Safari/537.36" 0.000 "54.163.214.163, 54.163.214.163, 10.1.69.118"
10.1.5.105 - - [07/Jun/2022:19:12:05 +0000]  "GET /core/misc/icons/bebebe/chevron-disc-left.svg HTTP/1.1" 200 284 "https://dev-ebfactory-site.pantheonsite.io/sites/default/files/css/css_NNpNhvSTb-vNlSNjEcDLXtQgEchYekLb1iRF9kNx14w.css" "Mozilla/5.0 (X11; Linux x86_64) AppleWebKit/537.36 (KHTML, like Gecko) HeadlessChrome/96.0.4664.110 Safari/537.36" 0.000 "54.163.214.163, 54.163.214.163, 10.1.5.105"
10.1.67.127 - - [07/Jun/2022:19:12:05 +0000]  "GET /core/themes/bartik/images/tabs-border.png HTTP/1.1" 200 83 "https://dev-ebfactory-site.pantheonsite.io/sites/default/files/css/css_YNfXAqbiQl6e6Ix88246QsGGQQSmP_5maJGdSZ15hPs.css" "Mozilla/5.0 (X11; Linux x86_64) AppleWebKit/537.36 (KHTML, like Gecko) HeadlessChrome/96.0.4664.110 Safari/537.36" 0.000 "54.163.214.163, 54.163.214.163, 10.1.67.127"
10.1.68.246 - - [07/Jun/2022:19:12:05 +0000]  "POST /contextual/render HTTP/1.1" 200 465 "https://dev-ebfactory-site.pantheonsite.io/user/2?check_logged_in=1" "Mozilla/5.0 (X11; Linux x86_64) AppleWebKit/537.36 (KHTML, like Gecko) HeadlessChrome/96.0.4664.110 Safari/537.36" 0.091 "54.163.214.163, 54.163.214.163, 10.1.68.246"
10.1.69.118 - - [07/Jun/2022:19:12:05 +0000]  "POST /contextual/render HTTP/1.1" 200 211 "https://dev-ebfactory-site.pantheonsite.io/user/2?check_logged_in=1" "Mozilla/5.0 (X11; Linux x86_64) AppleWebKit/537.36 (KHTML, like Gecko) HeadlessChrome/96.0.4664.110 Safari/537.36" 0.047 "54.163.214.163, 54.163.214.163, 10.1.69.118"
10.1.68.187 - - [07/Jun/2022:19:12:05 +0000]  "GET /core/misc/icons/bebebe/pencil.svg HTTP/1.1" 200 291 "https://dev-ebfactory-site.pantheonsite.io/sites/default/files/css/css_NNpNhvSTb-vNlSNjEcDLXtQgEchYekLb1iRF9kNx14w.css" "Mozilla/5.0 (X11; Linux x86_64) AppleWebKit/537.36 (KHTML, like Gecko) HeadlessChrome/96.0.4664.110 Safari/537.36" 0.000 "54.163.214.163, 54.163.214.163, 10.1.68.187"
10.1.0.132 - - [07/Jun/2022:19:12:09 +0000]  "GET /admin/content HTTP/1.1" 200 7296 "-" "Mozilla/5.0 (X11; Linux x86_64) AppleWebKit/537.36 (KHTML, like Gecko) HeadlessChrome/96.0.4664.110 Safari/537.36" 3.162 "54.163.214.163, 54.163.214.163, 10.1.0.132"
10.1.68.189 - - [07/Jun/2022:19:12:09 +0000]  "GET /sites/default/files/css/css_6iepeH1B0qmVniz_HZXpk3HXNA8VI8yu-9DMAjFet8w.css HTTP/1.1" 200 4085 "https://dev-ebfactory-site.pantheonsite.io/admin/content" "Mozilla/5.0 (X11; Linux x86_64) AppleWebKit/537.36 (KHTML, like Gecko) HeadlessChrome/96.0.4664.110 Safari/537.36" 0.000 "54.163.214.163, 54.163.214.163, 10.1.68.189"
10.1.0.132 - - [07/Jun/2022:19:12:09 +0000]  "GET /sites/default/files/css/css_Zm5VEcSVkLBl7Zt-3Wsvbd12Ab8gkh2EwuNzRf0zXGQ.css HTTP/1.1" 200 5365 "https://dev-ebfactory-site.pantheonsite.io/admin/content" "Mozilla/5.0 (X11; Linux x86_64) AppleWebKit/537.36 (KHTML, like Gecko) HeadlessChrome/96.0.4664.110 Safari/537.36" 0.000 "54.163.214.163, 54.163.214.163, 10.1.0.132"
10.1.4.122 - - [07/Jun/2022:19:12:09 +0000]  "GET /sites/default/files/css/css_IZiEhFfP_QPX02hx2cQD992rI6ip0ddftCNGpBI94Fs.css HTTP/1.1" 200 17942 "https://dev-ebfactory-site.pantheonsite.io/admin/content" "Mozilla/5.0 (X11; Linux x86_64) AppleWebKit/537.36 (KHTML, like Gecko) HeadlessChrome/96.0.4664.110 Safari/537.36" 0.000 "54.163.214.163, 54.163.214.163, 10.1.4.122"
10.1.4.122 - - [07/Jun/2022:19:12:09 +0000]  "GET /sites/default/files/css/css_6ZKsRQgXQv0GdFrFhdy2R1wB2hj7quLpzZ6t307DdSo.css HTTP/1.1" 200 774 "https://dev-ebfactory-site.pantheonsite.io/admin/content" "Mozilla/5.0 (X11; Linux x86_64) AppleWebKit/537.36 (KHTML, like Gecko) HeadlessChrome/96.0.4664.110 Safari/537.36" 0.000 "54.163.214.163, 54.163.214.163, 10.1.4.122"
10.1.4.122 - - [07/Jun/2022:19:12:09 +0000]  "GET /core/misc/modernizr-additional-tests.js?v=3.11.7 HTTP/1.1" 200 428 "https://dev-ebfactory-site.pantheonsite.io/admin/content" "Mozilla/5.0 (X11; Linux x86_64) AppleWebKit/537.36 (KHTML, like Gecko) HeadlessChrome/96.0.4664.110 Safari/537.36" 0.000 "54.163.214.163, 54.163.214.163, 10.1.4.122"
10.1.68.189 - - [07/Jun/2022:19:12:09 +0000]  "GET /core/assets/vendor/modernizr/modernizr.min.js?v=3.11.7 HTTP/1.1" 200 3261 "https://dev-ebfactory-site.pantheonsite.io/admin/content" "Mozilla/5.0 (X11; Linux x86_64) AppleWebKit/537.36 (KHTML, like Gecko) HeadlessChrome/96.0.4664.110 Safari/537.36" 0.000 "54.163.214.163, 54.163.214.163, 10.1.68.189"
10.1.68.187 - - [07/Jun/2022:19:12:09 +0000]  "GET /sites/default/files/js/js_3UhmdSpm4UzE0EvlZGMrh8QDwiml2p4T1YcXj0cEHhI.js HTTP/1.1" 200 107289 "https://dev-ebfactory-site.pantheonsite.io/admin/content" "Mozilla/5.0 (X11; Linux x86_64) AppleWebKit/537.36 (KHTML, like Gecko) HeadlessChrome/96.0.4664.110 Safari/537.36" 0.000 "54.163.214.163, 54.163.214.163, 10.1.68.187"
10.1.0.180 - - [07/Jun/2022:19:12:09 +0000]  "GET /core/modules/shortcut/images/favstar.svg HTTP/1.1" 200 1854 "https://dev-ebfactory-site.pantheonsite.io/sites/default/files/css/css_Zm5VEcSVkLBl7Zt-3Wsvbd12Ab8gkh2EwuNzRf0zXGQ.css" "Mozilla/5.0 (X11; Linux x86_64) AppleWebKit/537.36 (KHTML, like Gecko) HeadlessChrome/96.0.4664.110 Safari/537.36" 0.000 "54.163.214.163, 54.163.214.163, 10.1.0.180"
10.1.68.189 - - [07/Jun/2022:19:12:09 +0000]  "GET /core/misc/icons/bebebe/chevron-disc-left.svg HTTP/1.1" 200 284 "https://dev-ebfactory-site.pantheonsite.io/sites/default/files/css/css_Zm5VEcSVkLBl7Zt-3Wsvbd12Ab8gkh2EwuNzRf0zXGQ.css" "Mozilla/5.0 (X11; Linux x86_64) AppleWebKit/537.36 (KHTML, like Gecko) HeadlessChrome/96.0.4664.110 Safari/537.36" 0.000 "54.163.214.163, 54.163.214.163, 10.1.68.189"
10.1.68.246 - - [07/Jun/2022:19:12:09 +0000]  "GET /core/misc/icons/bebebe/star.svg HTTP/1.1" 200 351 "https://dev-ebfactory-site.pantheonsite.io/sites/default/files/css/css_Zm5VEcSVkLBl7Zt-3Wsvbd12Ab8gkh2EwuNzRf0zXGQ.css" "Mozilla/5.0 (X11; Linux x86_64) AppleWebKit/537.36 (KHTML, like Gecko) HeadlessChrome/96.0.4664.110 Safari/537.36" 0.000 "54.163.214.163, 54.163.214.163, 10.1.68.246"
10.1.0.132 - - [07/Jun/2022:19:12:09 +0000]  "GET /core/misc/icons/333333/caret-down.svg HTTP/1.1" 200 182 "https://dev-ebfactory-site.pantheonsite.io/sites/default/files/css/css_IZiEhFfP_QPX02hx2cQD992rI6ip0ddftCNGpBI94Fs.css" "Mozilla/5.0 (X11; Linux x86_64) AppleWebKit/537.36 (KHTML, like Gecko) HeadlessChrome/96.0.4664.110 Safari/537.36" 0.000 "54.163.214.163, 54.163.214.163, 10.1.0.132"
10.1.69.83 - - [07/Jun/2022:19:12:09 +0000]  "GET /core/misc/icons/bebebe/hamburger.svg HTTP/1.1" 200 218 "https://dev-ebfactory-site.pantheonsite.io/sites/default/files/css/css_Zm5VEcSVkLBl7Zt-3Wsvbd12Ab8gkh2EwuNzRf0zXGQ.css" "Mozilla/5.0 (X11; Linux x86_64) AppleWebKit/537.36 (KHTML, like Gecko) HeadlessChrome/96.0.4664.110 Safari/537.36" 0.000 "54.163.214.163, 54.163.214.163, 10.1.69.83"
10.1.5.64 - - [07/Jun/2022:19:12:09 +0000]  "GET /core/misc/icons/bebebe/person.svg HTTP/1.1" 304 0 "https://dev-ebfactory-site.pantheonsite.io/sites/default/files/css/css_Zm5VEcSVkLBl7Zt-3Wsvbd12Ab8gkh2EwuNzRf0zXGQ.css" "Mozilla/5.0 (X11; Linux x86_64) AppleWebKit/537.36 (KHTML, like Gecko) HeadlessChrome/96.0.4664.110 Safari/537.36" 0.000 "54.163.214.163, 54.163.214.163, 10.1.5.64"
10.1.5.105 - - [07/Jun/2022:19:12:36 +0000]  "GET /user HTTP/1.1" 302 470 "-" "Mozilla/5.0 (X11; Linux x86_64) AppleWebKit/537.36 (KHTML, like Gecko) HeadlessChrome/96.0.4664.110 Safari/537.36" 0.014 "54.163.214.163, 54.163.214.163, 10.1.5.105"
10.1.68.189 - - [07/Jun/2022:19:12:36 +0000]  "GET /user/login HTTP/1.1" 200 3227 "-" "Mozilla/5.0 (X11; Linux x86_64) AppleWebKit/537.36 (KHTML, like Gecko) HeadlessChrome/96.0.4664.110 Safari/537.36" 0.010 "54.163.214.163, 54.163.214.163, 10.1.68.189"
10.1.0.169 - - [07/Jun/2022:19:12:36 +0000]  "GET /sites/default/files/css/css_Z5jMg7P_bjcW9iUzujI7oaechMyxQTUqZhHJ_aYSq04.css HTTP/1.1" 200 290 "https://dev-ebfactory-site.pantheonsite.io/user/login" "Mozilla/5.0 (X11; Linux x86_64) AppleWebKit/537.36 (KHTML, like Gecko) HeadlessChrome/96.0.4664.110 Safari/537.36" 0.000 "54.163.214.163, 54.163.214.163, 10.1.0.169"
10.1.69.118 - - [07/Jun/2022:19:12:36 +0000]  "GET /sites/default/files/css/css_QVAG5D3Tjgmzc55dRjVpYlhI02sBiqX5b0VAkKLpSGg.css HTTP/1.1" 200 13601 "https://dev-ebfactory-site.pantheonsite.io/user/login" "Mozilla/5.0 (X11; Linux x86_64) AppleWebKit/537.36 (KHTML, like Gecko) HeadlessChrome/96.0.4664.110 Safari/537.36" 0.000 "54.163.214.163, 54.163.214.163, 10.1.69.118"
10.1.68.189 - - [07/Jun/2022:19:12:36 +0000]  "GET /core/themes/bartik/logo.svg HTTP/1.1" 200 1971 "https://dev-ebfactory-site.pantheonsite.io/user/login" "Mozilla/5.0 (X11; Linux x86_64) AppleWebKit/537.36 (KHTML, like Gecko) HeadlessChrome/96.0.4664.110 Safari/537.36" 0.000 "54.163.214.163, 54.163.214.163, 10.1.68.189"
10.1.67.88 - - [07/Jun/2022:19:12:36 +0000]  "GET /sites/default/files/css/css_ae7UPIbd_IVJyK4q6Bo1deBGLSQmYVfqayVz97QzYwU.css HTTP/1.1" 200 2861 "https://dev-ebfactory-site.pantheonsite.io/user/login" "Mozilla/5.0 (X11; Linux x86_64) AppleWebKit/537.36 (KHTML, like Gecko) HeadlessChrome/96.0.4664.110 Safari/537.36" 0.000 "54.163.214.163, 54.163.214.163, 10.1.67.88"
10.1.68.187 - - [07/Jun/2022:19:12:36 +0000]  "GET /core/themes/bartik/images/tabs-border.png HTTP/1.1" 200 83 "https://dev-ebfactory-site.pantheonsite.io/sites/default/files/css/css_QVAG5D3Tjgmzc55dRjVpYlhI02sBiqX5b0VAkKLpSGg.css" "Mozilla/5.0 (X11; Linux x86_64) AppleWebKit/537.36 (KHTML, like Gecko) HeadlessChrome/96.0.4664.110 Safari/537.36" 0.000 "54.163.214.163, 54.163.214.163, 10.1.68.187"
10.1.5.105 - - [07/Jun/2022:19:12:36 +0000]  "GET /core/misc/icons/505050/loupe.svg HTTP/1.1" 200 311 "https://dev-ebfactory-site.pantheonsite.io/sites/default/files/css/css_QVAG5D3Tjgmzc55dRjVpYlhI02sBiqX5b0VAkKLpSGg.css" "Mozilla/5.0 (X11; Linux x86_64) AppleWebKit/537.36 (KHTML, like Gecko) HeadlessChrome/96.0.4664.110 Safari/537.36" 0.000 "54.163.214.163, 54.163.214.163, 10.1.5.105"
10.1.69.118 - - [07/Jun/2022:19:12:36 +0000]  "GET /core/misc/icons/ee0000/required.svg HTTP/1.1" 200 356 "https://dev-ebfactory-site.pantheonsite.io/sites/default/files/css/css_QVAG5D3Tjgmzc55dRjVpYlhI02sBiqX5b0VAkKLpSGg.css" "Mozilla/5.0 (X11; Linux x86_64) AppleWebKit/537.36 (KHTML, like Gecko) HeadlessChrome/96.0.4664.110 Safari/537.36" 0.000 "54.163.214.163, 54.163.214.163, 10.1.69.118"
10.1.4.122 - - [07/Jun/2022:19:12:36 +0000]  "POST /user/login HTTP/1.1" 303 526 "https://dev-ebfactory-site.pantheonsite.io/user/login" "Mozilla/5.0 (X11; Linux x86_64) AppleWebKit/537.36 (KHTML, like Gecko) HeadlessChrome/96.0.4664.110 Safari/537.36" 0.127 "54.163.214.163, 54.163.214.163, 10.1.4.122"
10.1.68.187 - - [07/Jun/2022:19:12:36 +0000]  "GET /sites/default/files/css/css_6ZKsRQgXQv0GdFrFhdy2R1wB2hj7quLpzZ6t307DdSo.css HTTP/1.1" 200 774 "https://dev-ebfactory-site.pantheonsite.io/user/4?check_logged_in=1" "Mozilla/5.0 (X11; Linux x86_64) AppleWebKit/537.36 (KHTML, like Gecko) HeadlessChrome/96.0.4664.110 Safari/537.36" 0.000 "54.163.214.163, 54.163.214.163, 10.1.68.187"
10.1.4.122 - - [07/Jun/2022:19:12:36 +0000]  "GET /sites/default/files/css/css_7IjgI5WxidIcbs-6CW-lTVGmwx8FtkkUdLojZlmsRLU.css HTTP/1.1" 200 3780 "https://dev-ebfactory-site.pantheonsite.io/user/4?check_logged_in=1" "Mozilla/5.0 (X11; Linux x86_64) AppleWebKit/537.36 (KHTML, like Gecko) HeadlessChrome/96.0.4664.110 Safari/537.36" 0.000 "54.163.214.163, 54.163.214.163, 10.1.4.122"
10.1.4.121 - - [07/Jun/2022:19:12:36 +0000]  "GET /sites/default/files/css/css_NNpNhvSTb-vNlSNjEcDLXtQgEchYekLb1iRF9kNx14w.css HTTP/1.1" 200 3742 "https://dev-ebfactory-site.pantheonsite.io/user/4?check_logged_in=1" "Mozilla/5.0 (X11; Linux x86_64) AppleWebKit/537.36 (KHTML, like Gecko) HeadlessChrome/96.0.4664.110 Safari/537.36" 0.000 "54.163.214.163, 54.163.214.163, 10.1.4.121"
10.1.5.64 - - [07/Jun/2022:19:12:36 +0000]  "GET /core/assets/vendor/modernizr/modernizr.min.js?v=3.11.7 HTTP/1.1" 304 0 "https://dev-ebfactory-site.pantheonsite.io/user/4?check_logged_in=1" "Mozilla/5.0 (X11; Linux x86_64) AppleWebKit/537.36 (KHTML, like Gecko) HeadlessChrome/96.0.4664.110 Safari/537.36" 0.000 "54.163.214.163, 54.163.214.163, 10.1.5.64"
10.1.4.122 - - [07/Jun/2022:19:12:36 +0000]  "GET /core/misc/modernizr-additional-tests.js?v=3.11.7 HTTP/1.1" 200 428 "https://dev-ebfactory-site.pantheonsite.io/user/4?check_logged_in=1" "Mozilla/5.0 (X11; Linux x86_64) AppleWebKit/537.36 (KHTML, like Gecko) HeadlessChrome/96.0.4664.110 Safari/537.36" 0.000 "54.163.214.163, 54.163.214.163, 10.1.4.122"
10.1.69.118 - - [07/Jun/2022:19:12:36 +0000]  "GET /user/4?check_logged_in=1 HTTP/1.1" 200 6922 "https://dev-ebfactory-site.pantheonsite.io/user/login" "Mozilla/5.0 (X11; Linux x86_64) AppleWebKit/537.36 (KHTML, like Gecko) HeadlessChrome/96.0.4664.110 Safari/537.36" 0.282 "54.163.214.163, 54.163.214.163, 10.1.69.118"
10.1.68.246 - - [07/Jun/2022:19:12:36 +0000]  "GET /sites/default/files/css/css_YNfXAqbiQl6e6Ix88246QsGGQQSmP_5maJGdSZ15hPs.css HTTP/1.1" 200 14076 "https://dev-ebfactory-site.pantheonsite.io/user/4?check_logged_in=1" "Mozilla/5.0 (X11; Linux x86_64) AppleWebKit/537.36 (KHTML, like Gecko) HeadlessChrome/96.0.4664.110 Safari/537.36" 0.000 "54.163.214.163, 54.163.214.163, 10.1.68.246"
10.1.4.122 - - [07/Jun/2022:19:12:36 +0000]  "GET /sites/default/files/css/css_Z5jMg7P_bjcW9iUzujI7oaechMyxQTUqZhHJ_aYSq04.css HTTP/1.1" 304 0 "https://dev-ebfactory-site.pantheonsite.io/user/4?check_logged_in=1" "Mozilla/5.0 (X11; Linux x86_64) AppleWebKit/537.36 (KHTML, like Gecko) HeadlessChrome/96.0.4664.110 Safari/537.36" 0.000 "54.163.214.163, 54.163.214.163, 10.1.4.122"
10.1.67.127 - - [07/Jun/2022:19:12:36 +0000]  "GET /sites/default/files/js/js_hPNTcua489uA-I6bm3I0J5o0_G9svZNOcx989W0Hdr8.js HTTP/1.1" 200 102893 "https://dev-ebfactory-site.pantheonsite.io/user/4?check_logged_in=1" "Mozilla/5.0 (X11; Linux x86_64) AppleWebKit/537.36 (KHTML, like Gecko) HeadlessChrome/96.0.4664.110 Safari/537.36" 0.000 "54.163.214.163, 54.163.214.163, 10.1.67.127"
10.1.67.127 - - [07/Jun/2022:19:12:37 +0000]  "GET /core/themes/bartik/logo.svg HTTP/1.1" 200 1971 "https://dev-ebfactory-site.pantheonsite.io/user/4?check_logged_in=1" "Mozilla/5.0 (X11; Linux x86_64) AppleWebKit/537.36 (KHTML, like Gecko) HeadlessChrome/96.0.4664.110 Safari/537.36" 0.000 "54.163.214.163, 54.163.214.163, 10.1.67.127"
10.1.0.132 - - [07/Jun/2022:19:12:37 +0000]  "GET /core/misc/icons/bebebe/person.svg HTTP/1.1" 200 376 "https://dev-ebfactory-site.pantheonsite.io/sites/default/files/css/css_NNpNhvSTb-vNlSNjEcDLXtQgEchYekLb1iRF9kNx14w.css" "Mozilla/5.0 (X11; Linux x86_64) AppleWebKit/537.36 (KHTML, like Gecko) HeadlessChrome/96.0.4664.110 Safari/537.36" 0.000 "54.163.214.163, 54.163.214.163, 10.1.0.132"
10.1.0.169 - - [07/Jun/2022:19:12:37 +0000]  "GET /core/misc/icons/bebebe/hamburger.svg HTTP/1.1" 200 218 "https://dev-ebfactory-site.pantheonsite.io/sites/default/files/css/css_NNpNhvSTb-vNlSNjEcDLXtQgEchYekLb1iRF9kNx14w.css" "Mozilla/5.0 (X11; Linux x86_64) AppleWebKit/537.36 (KHTML, like Gecko) HeadlessChrome/96.0.4664.110 Safari/537.36" 0.000 "54.163.214.163, 54.163.214.163, 10.1.0.169"
10.1.69.118 - - [07/Jun/2022:19:12:37 +0000]  "GET /core/misc/icons/505050/loupe.svg HTTP/1.1" 304 0 "https://dev-ebfactory-site.pantheonsite.io/sites/default/files/css/css_YNfXAqbiQl6e6Ix88246QsGGQQSmP_5maJGdSZ15hPs.css" "Mozilla/5.0 (X11; Linux x86_64) AppleWebKit/537.36 (KHTML, like Gecko) HeadlessChrome/96.0.4664.110 Safari/537.36" 0.000 "54.163.214.163, 54.163.214.163, 10.1.69.118"
10.1.0.169 - - [07/Jun/2022:19:12:37 +0000]  "GET /core/misc/icons/bebebe/star.svg HTTP/1.1" 200 351 "https://dev-ebfactory-site.pantheonsite.io/sites/default/files/css/css_NNpNhvSTb-vNlSNjEcDLXtQgEchYekLb1iRF9kNx14w.css" "Mozilla/5.0 (X11; Linux x86_64) AppleWebKit/537.36 (KHTML, like Gecko) HeadlessChrome/96.0.4664.110 Safari/537.36" 0.000 "54.163.214.163, 54.163.214.163, 10.1.0.169"
10.1.69.118 - - [07/Jun/2022:19:12:37 +0000]  "GET /core/misc/icons/bebebe/chevron-disc-left.svg HTTP/1.1" 200 284 "https://dev-ebfactory-site.pantheonsite.io/sites/default/files/css/css_NNpNhvSTb-vNlSNjEcDLXtQgEchYekLb1iRF9kNx14w.css" "Mozilla/5.0 (X11; Linux x86_64) AppleWebKit/537.36 (KHTML, like Gecko) HeadlessChrome/96.0.4664.110 Safari/537.36" 0.000 "54.163.214.163, 54.163.214.163, 10.1.69.118"
10.1.4.122 - - [07/Jun/2022:19:12:37 +0000]  "GET /core/misc/icons/bebebe/pencil.svg HTTP/1.1" 200 291 "https://dev-ebfactory-site.pantheonsite.io/sites/default/files/css/css_NNpNhvSTb-vNlSNjEcDLXtQgEchYekLb1iRF9kNx14w.css" "Mozilla/5.0 (X11; Linux x86_64) AppleWebKit/537.36 (KHTML, like Gecko) HeadlessChrome/96.0.4664.110 Safari/537.36" 0.000 "54.163.214.163, 54.163.214.163, 10.1.4.122"
10.1.68.187 - - [07/Jun/2022:19:12:37 +0000]  "GET /core/themes/bartik/images/tabs-border.png HTTP/1.1" 200 83 "https://dev-ebfactory-site.pantheonsite.io/sites/default/files/css/css_YNfXAqbiQl6e6Ix88246QsGGQQSmP_5maJGdSZ15hPs.css" "Mozilla/5.0 (X11; Linux x86_64) AppleWebKit/537.36 (KHTML, like Gecko) HeadlessChrome/96.0.4664.110 Safari/537.36" 0.000 "54.163.214.163, 54.163.214.163, 10.1.68.187"
10.1.5.64 - - [07/Jun/2022:19:12:38 +0000]  "GET /admin/people HTTP/1.1" 200 8839 "-" "Mozilla/5.0 (X11; Linux x86_64) AppleWebKit/537.36 (KHTML, like Gecko) HeadlessChrome/96.0.4664.110 Safari/537.36" 0.895 "54.163.214.163, 54.163.214.163, 10.1.5.64"
10.1.0.132 - - [07/Jun/2022:19:12:38 +0000]  "GET /sites/default/files/css/css_6ZKsRQgXQv0GdFrFhdy2R1wB2hj7quLpzZ6t307DdSo.css HTTP/1.1" 200 774 "https://dev-ebfactory-site.pantheonsite.io/admin/people" "Mozilla/5.0 (X11; Linux x86_64) AppleWebKit/537.36 (KHTML, like Gecko) HeadlessChrome/96.0.4664.110 Safari/537.36" 0.000 "54.163.214.163, 54.163.214.163, 10.1.0.132"
10.1.4.122 - - [07/Jun/2022:19:12:38 +0000]  "GET /sites/default/files/css/css_6iepeH1B0qmVniz_HZXpk3HXNA8VI8yu-9DMAjFet8w.css HTTP/1.1" 200 4085 "https://dev-ebfactory-site.pantheonsite.io/admin/people" "Mozilla/5.0 (X11; Linux x86_64) AppleWebKit/537.36 (KHTML, like Gecko) HeadlessChrome/96.0.4664.110 Safari/537.36" 0.000 "54.163.214.163, 54.163.214.163, 10.1.4.122"
10.1.4.122 - - [07/Jun/2022:19:12:38 +0000]  "GET /sites/default/files/css/css_IZiEhFfP_QPX02hx2cQD992rI6ip0ddftCNGpBI94Fs.css HTTP/1.1" 200 17942 "https://dev-ebfactory-site.pantheonsite.io/admin/people" "Mozilla/5.0 (X11; Linux x86_64) AppleWebKit/537.36 (KHTML, like Gecko) HeadlessChrome/96.0.4664.110 Safari/537.36" 0.000 "54.163.214.163, 54.163.214.163, 10.1.4.122"
10.1.68.189 - - [07/Jun/2022:19:12:38 +0000]  "GET /sites/default/files/css/css_Zm5VEcSVkLBl7Zt-3Wsvbd12Ab8gkh2EwuNzRf0zXGQ.css HTTP/1.1" 200 5365 "https://dev-ebfactory-site.pantheonsite.io/admin/people" "Mozilla/5.0 (X11; Linux x86_64) AppleWebKit/537.36 (KHTML, like Gecko) HeadlessChrome/96.0.4664.110 Safari/537.36" 0.000 "54.163.214.163, 54.163.214.163, 10.1.68.189"
10.1.69.83 - - [07/Jun/2022:19:12:38 +0000]  "GET /core/assets/vendor/modernizr/modernizr.min.js?v=3.11.7 HTTP/1.1" 200 3261 "https://dev-ebfactory-site.pantheonsite.io/admin/people" "Mozilla/5.0 (X11; Linux x86_64) AppleWebKit/537.36 (KHTML, like Gecko) HeadlessChrome/96.0.4664.110 Safari/537.36" 0.000 "54.163.214.163, 54.163.214.163, 10.1.69.83"
10.1.67.88 - - [07/Jun/2022:19:12:38 +0000]  "GET /core/misc/modernizr-additional-tests.js?v=3.11.7 HTTP/1.1" 200 428 "https://dev-ebfactory-site.pantheonsite.io/admin/people" "Mozilla/5.0 (X11; Linux x86_64) AppleWebKit/537.36 (KHTML, like Gecko) HeadlessChrome/96.0.4664.110 Safari/537.36" 0.000 "54.163.214.163, 54.163.214.163, 10.1.67.88"
10.1.69.118 - - [07/Jun/2022:19:12:38 +0000]  "GET /sites/default/files/js/js_YU5KXli0WDWUeBVykw0pR8TwOS-em2EKXRlgoWDV6-U.js HTTP/1.1" 200 105826 "https://dev-ebfactory-site.pantheonsite.io/admin/people" "Mozilla/5.0 (X11; Linux x86_64) AppleWebKit/537.36 (KHTML, like Gecko) HeadlessChrome/96.0.4664.110 Safari/537.36" 0.000 "54.163.214.163, 54.163.214.163, 10.1.69.118"
10.1.68.246 - - [07/Jun/2022:19:12:38 +0000]  "GET /core/misc/icons/bebebe/hamburger.svg HTTP/1.1" 200 218 "https://dev-ebfactory-site.pantheonsite.io/sites/default/files/css/css_Zm5VEcSVkLBl7Zt-3Wsvbd12Ab8gkh2EwuNzRf0zXGQ.css" "Mozilla/5.0 (X11; Linux x86_64) AppleWebKit/537.36 (KHTML, like Gecko) HeadlessChrome/96.0.4664.110 Safari/537.36" 0.000 "54.163.214.163, 54.163.214.163, 10.1.68.246"
10.1.69.118 - - [07/Jun/2022:19:12:38 +0000]  "GET /core/misc/icons/bebebe/star.svg HTTP/1.1" 200 351 "https://dev-ebfactory-site.pantheonsite.io/sites/default/files/css/css_Zm5VEcSVkLBl7Zt-3Wsvbd12Ab8gkh2EwuNzRf0zXGQ.css" "Mozilla/5.0 (X11; Linux x86_64) AppleWebKit/537.36 (KHTML, like Gecko) HeadlessChrome/96.0.4664.110 Safari/537.36" 0.000 "54.163.214.163, 54.163.214.163, 10.1.69.118"
10.1.5.105 - - [07/Jun/2022:19:12:38 +0000]  "GET /core/misc/icons/bebebe/person.svg HTTP/1.1" 200 376 "https://dev-ebfactory-site.pantheonsite.io/sites/default/files/css/css_Zm5VEcSVkLBl7Zt-3Wsvbd12Ab8gkh2EwuNzRf0zXGQ.css" "Mozilla/5.0 (X11; Linux x86_64) AppleWebKit/537.36 (KHTML, like Gecko) HeadlessChrome/96.0.4664.110 Safari/537.36" 0.000 "54.163.214.163, 54.163.214.163, 10.1.5.105"
10.1.5.64 - - [07/Jun/2022:19:12:38 +0000]  "GET /core/misc/icons/333333/caret-down.svg HTTP/1.1" 200 182 "https://dev-ebfactory-site.pantheonsite.io/sites/default/files/css/css_IZiEhFfP_QPX02hx2cQD992rI6ip0ddftCNGpBI94Fs.css" "Mozilla/5.0 (X11; Linux x86_64) AppleWebKit/537.36 (KHTML, like Gecko) HeadlessChrome/96.0.4664.110 Safari/537.36" 0.000 "54.163.214.163, 54.163.214.163, 10.1.5.64"
10.1.5.64 - - [07/Jun/2022:19:12:38 +0000]  "GET /core/modules/shortcut/images/favstar.svg HTTP/1.1" 200 1854 "https://dev-ebfactory-site.pantheonsite.io/sites/default/files/css/css_Zm5VEcSVkLBl7Zt-3Wsvbd12Ab8gkh2EwuNzRf0zXGQ.css" "Mozilla/5.0 (X11; Linux x86_64) AppleWebKit/537.36 (KHTML, like Gecko) HeadlessChrome/96.0.4664.110 Safari/537.36" 0.000 "54.163.214.163, 54.163.214.163, 10.1.5.64"
10.1.68.246 - - [07/Jun/2022:19:12:38 +0000]  "GET /core/misc/icons/bebebe/chevron-disc-left.svg HTTP/1.1" 200 284 "https://dev-ebfactory-site.pantheonsite.io/sites/default/files/css/css_Zm5VEcSVkLBl7Zt-3Wsvbd12Ab8gkh2EwuNzRf0zXGQ.css" "Mozilla/5.0 (X11; Linux x86_64) AppleWebKit/537.36 (KHTML, like Gecko) HeadlessChrome/96.0.4664.110 Safari/537.36" 0.000 "54.163.214.163, 54.163.214.163, 10.1.68.246"
10.1.68.246 - - [07/Jun/2022:19:12:49 +0000]  "GET /user HTTP/1.1" 302 470 "-" "Mozilla/5.0 (X11; Linux x86_64) AppleWebKit/537.36 (KHTML, like Gecko) HeadlessChrome/96.0.4664.110 Safari/537.36" 0.013 "54.163.214.163, 54.163.214.163, 10.1.68.246"
10.1.68.246 - - [07/Jun/2022:19:12:49 +0000]  "GET /user/login HTTP/1.1" 200 3227 "-" "Mozilla/5.0 (X11; Linux x86_64) AppleWebKit/537.36 (KHTML, like Gecko) HeadlessChrome/96.0.4664.110 Safari/537.36" 0.010 "54.163.214.163, 54.163.214.163, 10.1.68.246"
10.1.67.127 - - [07/Jun/2022:19:12:49 +0000]  "GET /sites/default/files/css/css_QVAG5D3Tjgmzc55dRjVpYlhI02sBiqX5b0VAkKLpSGg.css HTTP/1.1" 200 13601 "https://dev-ebfactory-site.pantheonsite.io/user/login" "Mozilla/5.0 (X11; Linux x86_64) AppleWebKit/537.36 (KHTML, like Gecko) HeadlessChrome/96.0.4664.110 Safari/537.36" 0.000 "54.163.214.163, 54.163.214.163, 10.1.67.127"
10.1.0.180 - - [07/Jun/2022:19:12:49 +0000]  "GET /sites/default/files/css/css_ae7UPIbd_IVJyK4q6Bo1deBGLSQmYVfqayVz97QzYwU.css HTTP/1.1" 200 2861 "https://dev-ebfactory-site.pantheonsite.io/user/login" "Mozilla/5.0 (X11; Linux x86_64) AppleWebKit/537.36 (KHTML, like Gecko) HeadlessChrome/96.0.4664.110 Safari/537.36" 0.000 "54.163.214.163, 54.163.214.163, 10.1.0.180"
10.1.68.189 - - [07/Jun/2022:19:12:49 +0000]  "GET /core/themes/bartik/logo.svg HTTP/1.1" 200 1971 "https://dev-ebfactory-site.pantheonsite.io/user/login" "Mozilla/5.0 (X11; Linux x86_64) AppleWebKit/537.36 (KHTML, like Gecko) HeadlessChrome/96.0.4664.110 Safari/537.36" 0.000 "54.163.214.163, 54.163.214.163, 10.1.68.189"
10.1.68.187 - - [07/Jun/2022:19:12:49 +0000]  "GET /sites/default/files/css/css_Z5jMg7P_bjcW9iUzujI7oaechMyxQTUqZhHJ_aYSq04.css HTTP/1.1" 200 290 "https://dev-ebfactory-site.pantheonsite.io/user/login" "Mozilla/5.0 (X11; Linux x86_64) AppleWebKit/537.36 (KHTML, like Gecko) HeadlessChrome/96.0.4664.110 Safari/537.36" 0.000 "54.163.214.163, 54.163.214.163, 10.1.68.187"
10.1.5.64 - - [07/Jun/2022:19:12:49 +0000]  "GET /core/misc/icons/ee0000/required.svg HTTP/1.1" 304 0 "https://dev-ebfactory-site.pantheonsite.io/sites/default/files/css/css_QVAG5D3Tjgmzc55dRjVpYlhI02sBiqX5b0VAkKLpSGg.css" "Mozilla/5.0 (X11; Linux x86_64) AppleWebKit/537.36 (KHTML, like Gecko) HeadlessChrome/96.0.4664.110 Safari/537.36" 0.000 "54.163.214.163, 54.163.214.163, 10.1.5.64"
10.1.0.132 - - [07/Jun/2022:19:12:49 +0000]  "GET /core/themes/bartik/images/tabs-border.png HTTP/1.1" 200 83 "https://dev-ebfactory-site.pantheonsite.io/sites/default/files/css/css_QVAG5D3Tjgmzc55dRjVpYlhI02sBiqX5b0VAkKLpSGg.css" "Mozilla/5.0 (X11; Linux x86_64) AppleWebKit/537.36 (KHTML, like Gecko) HeadlessChrome/96.0.4664.110 Safari/537.36" 0.000 "54.163.214.163, 54.163.214.163, 10.1.0.132"
10.1.4.121 - - [07/Jun/2022:19:12:49 +0000]  "GET /core/misc/icons/505050/loupe.svg HTTP/1.1" 200 311 "https://dev-ebfactory-site.pantheonsite.io/sites/default/files/css/css_QVAG5D3Tjgmzc55dRjVpYlhI02sBiqX5b0VAkKLpSGg.css" "Mozilla/5.0 (X11; Linux x86_64) AppleWebKit/537.36 (KHTML, like Gecko) HeadlessChrome/96.0.4664.110 Safari/537.36" 0.000 "54.163.214.163, 54.163.214.163, 10.1.4.121"
10.1.69.118 - - [07/Jun/2022:19:12:49 +0000]  "POST /user/login HTTP/1.1" 303 526 "https://dev-ebfactory-site.pantheonsite.io/user/login" "Mozilla/5.0 (X11; Linux x86_64) AppleWebKit/537.36 (KHTML, like Gecko) HeadlessChrome/96.0.4664.110 Safari/537.36" 0.150 "54.163.214.163, 54.163.214.163, 10.1.69.118"
10.1.69.118 - - [07/Jun/2022:19:12:50 +0000]  "GET /user/5?check_logged_in=1 HTTP/1.1" 200 4105 "https://dev-ebfactory-site.pantheonsite.io/user/login" "Mozilla/5.0 (X11; Linux x86_64) AppleWebKit/537.36 (KHTML, like Gecko) HeadlessChrome/96.0.4664.110 Safari/537.36" 1.259 "54.163.214.163, 54.163.214.163, 10.1.69.118"
10.1.0.169 - - [07/Jun/2022:19:12:50 +0000]  "GET /sites/default/files/css/css_ae7UPIbd_IVJyK4q6Bo1deBGLSQmYVfqayVz97QzYwU.css HTTP/1.1" 200 2861 "https://dev-ebfactory-site.pantheonsite.io/user/5?check_logged_in=1" "Mozilla/5.0 (X11; Linux x86_64) AppleWebKit/537.36 (KHTML, like Gecko) HeadlessChrome/96.0.4664.110 Safari/537.36" 0.000 "54.163.214.163, 54.163.214.163, 10.1.0.169"
10.1.69.118 - - [07/Jun/2022:19:12:50 +0000]  "GET /sites/default/files/css/css_Z5jMg7P_bjcW9iUzujI7oaechMyxQTUqZhHJ_aYSq04.css HTTP/1.1" 304 0 "https://dev-ebfactory-site.pantheonsite.io/user/5?check_logged_in=1" "Mozilla/5.0 (X11; Linux x86_64) AppleWebKit/537.36 (KHTML, like Gecko) HeadlessChrome/96.0.4664.110 Safari/537.36" 0.000 "54.163.214.163, 54.163.214.163, 10.1.69.118"
10.1.68.189 - - [07/Jun/2022:19:12:50 +0000]  "GET /sites/default/files/js/js_hmOQ3KOzLKVndXsKuZCPrWPrMxI2beyoTiWHEyp3KMY.js HTTP/1.1" 200 51069 "https://dev-ebfactory-site.pantheonsite.io/user/5?check_logged_in=1" "Mozilla/5.0 (X11; Linux x86_64) AppleWebKit/537.36 (KHTML, like Gecko) HeadlessChrome/96.0.4664.110 Safari/537.36" 0.000 "54.163.214.163, 54.163.214.163, 10.1.68.189"
10.1.5.105 - - [07/Jun/2022:19:12:50 +0000]  "GET /core/themes/bartik/logo.svg HTTP/1.1" 200 1971 "https://dev-ebfactory-site.pantheonsite.io/user/5?check_logged_in=1" "Mozilla/5.0 (X11; Linux x86_64) AppleWebKit/537.36 (KHTML, like Gecko) HeadlessChrome/96.0.4664.110 Safari/537.36" 0.000 "54.163.214.163, 54.163.214.163, 10.1.5.105"
10.1.0.180 - - [07/Jun/2022:19:12:50 +0000]  "GET /sites/default/files/css/css_Ns1I5oQ_EuXxnP0hf9Yw3HB1weRmfgPa30tk0NQs_xQ.css HTTP/1.1" 200 14055 "https://dev-ebfactory-site.pantheonsite.io/user/5?check_logged_in=1" "Mozilla/5.0 (X11; Linux x86_64) AppleWebKit/537.36 (KHTML, like Gecko) HeadlessChrome/96.0.4664.110 Safari/537.36" 0.000 "54.163.214.163, 54.163.214.163, 10.1.0.180"
10.1.0.180 - - [07/Jun/2022:19:12:50 +0000]  "GET /core/misc/icons/505050/loupe.svg HTTP/1.1" 200 311 "https://dev-ebfactory-site.pantheonsite.io/sites/default/files/css/css_Ns1I5oQ_EuXxnP0hf9Yw3HB1weRmfgPa30tk0NQs_xQ.css" "Mozilla/5.0 (X11; Linux x86_64) AppleWebKit/537.36 (KHTML, like Gecko) HeadlessChrome/96.0.4664.110 Safari/537.36" 0.000 "54.163.214.163, 54.163.214.163, 10.1.0.180"
10.1.4.122 - - [07/Jun/2022:19:12:50 +0000]  "GET /core/themes/bartik/images/tabs-border.png HTTP/1.1" 200 83 "https://dev-ebfactory-site.pantheonsite.io/sites/default/files/css/css_Ns1I5oQ_EuXxnP0hf9Yw3HB1weRmfgPa30tk0NQs_xQ.css" "Mozilla/5.0 (X11; Linux x86_64) AppleWebKit/537.36 (KHTML, like Gecko) HeadlessChrome/96.0.4664.110 Safari/537.36" 0.000 "54.163.214.163, 54.163.214.163, 10.1.4.122"
10.1.68.189 - - [07/Jun/2022:19:13:13 +0000]  "GET /user HTTP/1.1" 302 470 "-" "Mozilla/5.0 (X11; Linux x86_64) AppleWebKit/537.36 (KHTML, like Gecko) HeadlessChrome/96.0.4664.110 Safari/537.36" 0.011 "54.163.214.163, 54.163.214.163, 10.1.68.189"
10.1.67.88 - - [07/Jun/2022:19:13:13 +0000]  "GET /user/login HTTP/1.1" 200 3227 "-" "Mozilla/5.0 (X11; Linux x86_64) AppleWebKit/537.36 (KHTML, like Gecko) HeadlessChrome/96.0.4664.110 Safari/537.36" 0.010 "54.163.214.163, 54.163.214.163, 10.1.67.88"
10.1.68.246 - - [07/Jun/2022:19:13:13 +0000]  "GET /sites/default/files/css/css_ae7UPIbd_IVJyK4q6Bo1deBGLSQmYVfqayVz97QzYwU.css HTTP/1.1" 304 0 "https://dev-ebfactory-site.pantheonsite.io/user/login" "Mozilla/5.0 (X11; Linux x86_64) AppleWebKit/537.36 (KHTML, like Gecko) HeadlessChrome/96.0.4664.110 Safari/537.36" 0.000 "54.163.214.163, 54.163.214.163, 10.1.68.246"
10.1.4.121 - - [07/Jun/2022:19:13:14 +0000]  "GET /core/themes/bartik/logo.svg HTTP/1.1" 304 0 "https://dev-ebfactory-site.pantheonsite.io/user/login" "Mozilla/5.0 (X11; Linux x86_64) AppleWebKit/537.36 (KHTML, like Gecko) HeadlessChrome/96.0.4664.110 Safari/537.36" 0.000 "54.163.214.163, 54.163.214.163, 10.1.4.121"
10.1.0.180 - - [07/Jun/2022:19:13:14 +0000]  "GET /sites/default/files/css/css_QVAG5D3Tjgmzc55dRjVpYlhI02sBiqX5b0VAkKLpSGg.css HTTP/1.1" 200 13601 "https://dev-ebfactory-site.pantheonsite.io/user/login" "Mozilla/5.0 (X11; Linux x86_64) AppleWebKit/537.36 (KHTML, like Gecko) HeadlessChrome/96.0.4664.110 Safari/537.36" 0.000 "54.163.214.163, 54.163.214.163, 10.1.0.180"
10.1.68.187 - - [07/Jun/2022:19:13:14 +0000]  "GET /core/misc/icons/ee0000/required.svg HTTP/1.1" 200 356 "https://dev-ebfactory-site.pantheonsite.io/sites/default/files/css/css_QVAG5D3Tjgmzc55dRjVpYlhI02sBiqX5b0VAkKLpSGg.css" "Mozilla/5.0 (X11; Linux x86_64) AppleWebKit/537.36 (KHTML, like Gecko) HeadlessChrome/96.0.4664.110 Safari/537.36" 0.000 "54.163.214.163, 54.163.214.163, 10.1.68.187"
10.1.69.83 - - [07/Jun/2022:19:13:14 +0000]  "GET /core/themes/bartik/images/tabs-border.png HTTP/1.1" 200 83 "https://dev-ebfactory-site.pantheonsite.io/sites/default/files/css/css_QVAG5D3Tjgmzc55dRjVpYlhI02sBiqX5b0VAkKLpSGg.css" "Mozilla/5.0 (X11; Linux x86_64) AppleWebKit/537.36 (KHTML, like Gecko) HeadlessChrome/96.0.4664.110 Safari/537.36" 0.000 "54.163.214.163, 54.163.214.163, 10.1.69.83"
10.1.5.105 - - [07/Jun/2022:19:13:14 +0000]  "GET /core/misc/icons/505050/loupe.svg HTTP/1.1" 200 311 "https://dev-ebfactory-site.pantheonsite.io/sites/default/files/css/css_QVAG5D3Tjgmzc55dRjVpYlhI02sBiqX5b0VAkKLpSGg.css" "Mozilla/5.0 (X11; Linux x86_64) AppleWebKit/537.36 (KHTML, like Gecko) HeadlessChrome/96.0.4664.110 Safari/537.36" 0.000 "54.163.214.163, 54.163.214.163, 10.1.5.105"
10.1.0.169 - - [07/Jun/2022:19:13:14 +0000]  "POST /user/login HTTP/1.1" 303 526 "https://dev-ebfactory-site.pantheonsite.io/user/login" "Mozilla/5.0 (X11; Linux x86_64) AppleWebKit/537.36 (KHTML, like Gecko) HeadlessChrome/96.0.4664.110 Safari/537.36" 0.136 "54.163.214.163, 54.163.214.163, 10.1.0.169"
10.1.0.169 - - [07/Jun/2022:19:10:02 +0000]  "GET /core/misc/feed.svg HTTP/1.1" 200 308 "https://dev-ebfactory-site.pantheonsite.io/" "Mozilla/5.0 (Unknown; Linux x86_64) AppleWebKit/538.1 (KHTML, like Gecko) PhantomJS/2.1.1 Safari/538.1" 0.000 "34.122.195.170, 34.122.195.170, 10.1.0.169"
10.1.0.169 - - [07/Jun/2022:19:10:02 +0000]  "GET /core/misc/icons/505050/loupe.svg HTTP/1.1" 200 311 "https://dev-ebfactory-site.pantheonsite.io/" "Mozilla/5.0 (Unknown; Linux x86_64) AppleWebKit/538.1 (KHTML, like Gecko) PhantomJS/2.1.1 Safari/538.1" 0.000 "34.122.195.170, 34.122.195.170, 10.1.0.169"
10.1.5.105 - - [07/Jun/2022:19:10:02 +0000]  "GET /sites/default/files/css/css_Z5jMg7P_bjcW9iUzujI7oaechMyxQTUqZhHJ_aYSq04.css HTTP/1.1" 200 290 "https://dev-ebfactory-site.pantheonsite.io/" "Mozilla/5.0 (Unknown; Linux x86_64) AppleWebKit/538.1 (KHTML, like Gecko) PhantomJS/2.1.1 Safari/538.1" 0.000 "34.122.195.170, 34.122.195.170, 10.1.5.105"
10.1.68.246 - - [07/Jun/2022:19:13:13 +0000]  "GET /sites/default/files/css/css_Z5jMg7P_bjcW9iUzujI7oaechMyxQTUqZhHJ_aYSq04.css HTTP/1.1" 200 290 "https://dev-ebfactory-site.pantheonsite.io/user/login" "Mozilla/5.0 (X11; Linux x86_64) AppleWebKit/537.36 (KHTML, like Gecko) HeadlessChrome/96.0.4664.110 Safari/537.36" 0.000 "54.163.214.163, 54.163.214.163, 10.1.68.246"
10.1.69.83 - - [07/Jun/2022:19:13:14 +0000]  "GET /core/assets/vendor/modernizr/modernizr.min.js?v=3.11.7 HTTP/1.1" 200 3261 "https://dev-ebfactory-site.pantheonsite.io/user/6?check_logged_in=1" "Mozilla/5.0 (X11; Linux x86_64) AppleWebKit/537.36 (KHTML, like Gecko) HeadlessChrome/96.0.4664.110 Safari/537.36" 0.000 "54.163.214.163, 54.163.214.163, 10.1.69.83"
10.1.4.121 - - [07/Jun/2022:19:13:14 +0000]  "GET /user/6?check_logged_in=1 HTTP/1.1" 200 6922 "https://dev-ebfactory-site.pantheonsite.io/user/login" "Mozilla/5.0 (X11; Linux x86_64) AppleWebKit/537.36 (KHTML, like Gecko) HeadlessChrome/96.0.4664.110 Safari/537.36" 0.181 "54.163.214.163, 54.163.214.163, 10.1.4.121"
10.1.68.189 - - [07/Jun/2022:19:13:14 +0000]  "GET /sites/default/files/css/css_6ZKsRQgXQv0GdFrFhdy2R1wB2hj7quLpzZ6t307DdSo.css HTTP/1.1" 304 0 "https://dev-ebfactory-site.pantheonsite.io/user/6?check_logged_in=1" "Mozilla/5.0 (X11; Linux x86_64) AppleWebKit/537.36 (KHTML, like Gecko) HeadlessChrome/96.0.4664.110 Safari/537.36" 0.000 "54.163.214.163, 54.163.214.163, 10.1.68.189"
10.1.69.83 - - [07/Jun/2022:19:13:14 +0000]  "GET /core/misc/modernizr-additional-tests.js?v=3.11.7 HTTP/1.1" 200 428 "https://dev-ebfactory-site.pantheonsite.io/user/6?check_logged_in=1" "Mozilla/5.0 (X11; Linux x86_64) AppleWebKit/537.36 (KHTML, like Gecko) HeadlessChrome/96.0.4664.110 Safari/537.36" 0.000 "54.163.214.163, 54.163.214.163, 10.1.69.83"
10.1.0.132 - - [07/Jun/2022:19:13:14 +0000]  "GET /sites/default/files/css/css_YNfXAqbiQl6e6Ix88246QsGGQQSmP_5maJGdSZ15hPs.css HTTP/1.1" 200 14076 "https://dev-ebfactory-site.pantheonsite.io/user/6?check_logged_in=1" "Mozilla/5.0 (X11; Linux x86_64) AppleWebKit/537.36 (KHTML, like Gecko) HeadlessChrome/96.0.4664.110 Safari/537.36" 0.000 "54.163.214.163, 54.163.214.163, 10.1.0.132"
10.1.5.64 - - [07/Jun/2022:19:13:14 +0000]  "GET /sites/default/files/css/css_NNpNhvSTb-vNlSNjEcDLXtQgEchYekLb1iRF9kNx14w.css HTTP/1.1" 200 3742 "https://dev-ebfactory-site.pantheonsite.io/user/6?check_logged_in=1" "Mozilla/5.0 (X11; Linux x86_64) AppleWebKit/537.36 (KHTML, like Gecko) HeadlessChrome/96.0.4664.110 Safari/537.36" 0.000 "54.163.214.163, 54.163.214.163, 10.1.5.64"
10.1.67.88 - - [07/Jun/2022:19:13:14 +0000]  "GET /sites/default/files/js/js_hPNTcua489uA-I6bm3I0J5o0_G9svZNOcx989W0Hdr8.js HTTP/1.1" 200 102893 "https://dev-ebfactory-site.pantheonsite.io/user/6?check_logged_in=1" "Mozilla/5.0 (X11; Linux x86_64) AppleWebKit/537.36 (KHTML, like Gecko) HeadlessChrome/96.0.4664.110 Safari/537.36" 0.000 "54.163.214.163, 54.163.214.163, 10.1.67.88"
10.1.4.122 - - [07/Jun/2022:19:13:14 +0000]  "GET /core/themes/bartik/logo.svg HTTP/1.1" 200 1971 "https://dev-ebfactory-site.pantheonsite.io/user/6?check_logged_in=1" "Mozilla/5.0 (X11; Linux x86_64) AppleWebKit/537.36 (KHTML, like Gecko) HeadlessChrome/96.0.4664.110 Safari/537.36" 0.000 "54.163.214.163, 54.163.214.163, 10.1.4.122"
10.1.0.180 - - [07/Jun/2022:19:13:14 +0000]  "GET /core/misc/icons/bebebe/hamburger.svg HTTP/1.1" 200 218 "https://dev-ebfactory-site.pantheonsite.io/sites/default/files/css/css_NNpNhvSTb-vNlSNjEcDLXtQgEchYekLb1iRF9kNx14w.css" "Mozilla/5.0 (X11; Linux x86_64) AppleWebKit/537.36 (KHTML, like Gecko) HeadlessChrome/96.0.4664.110 Safari/537.36" 0.000 "54.163.214.163, 54.163.214.163, 10.1.0.180"
10.1.68.187 - - [07/Jun/2022:19:13:14 +0000]  "GET /core/misc/icons/bebebe/person.svg HTTP/1.1" 200 376 "https://dev-ebfactory-site.pantheonsite.io/sites/default/files/css/css_NNpNhvSTb-vNlSNjEcDLXtQgEchYekLb1iRF9kNx14w.css" "Mozilla/5.0 (X11; Linux x86_64) AppleWebKit/537.36 (KHTML, like Gecko) HeadlessChrome/96.0.4664.110 Safari/537.36" 0.000 "54.163.214.163, 54.163.214.163, 10.1.68.187"
10.1.69.83 - - [07/Jun/2022:19:13:14 +0000]  "GET /core/misc/icons/bebebe/star.svg HTTP/1.1" 200 351 "https://dev-ebfactory-site.pantheonsite.io/sites/default/files/css/css_NNpNhvSTb-vNlSNjEcDLXtQgEchYekLb1iRF9kNx14w.css" "Mozilla/5.0 (X11; Linux x86_64) AppleWebKit/537.36 (KHTML, like Gecko) HeadlessChrome/96.0.4664.110 Safari/537.36" 0.000 "54.163.214.163, 54.163.214.163, 10.1.69.83"
10.1.0.132 - - [07/Jun/2022:19:13:14 +0000]  "GET /core/misc/icons/505050/loupe.svg HTTP/1.1" 200 311 "https://dev-ebfactory-site.pantheonsite.io/sites/default/files/css/css_YNfXAqbiQl6e6Ix88246QsGGQQSmP_5maJGdSZ15hPs.css" "Mozilla/5.0 (X11; Linux x86_64) AppleWebKit/537.36 (KHTML, like Gecko) HeadlessChrome/96.0.4664.110 Safari/537.36" 0.000 "54.163.214.163, 54.163.214.163, 10.1.0.132"
10.1.0.169 - - [07/Jun/2022:19:13:14 +0000]  "GET /core/misc/icons/bebebe/chevron-disc-left.svg HTTP/1.1" 200 284 "https://dev-ebfactory-site.pantheonsite.io/sites/default/files/css/css_NNpNhvSTb-vNlSNjEcDLXtQgEchYekLb1iRF9kNx14w.css" "Mozilla/5.0 (X11; Linux x86_64) AppleWebKit/537.36 (KHTML, like Gecko) HeadlessChrome/96.0.4664.110 Safari/537.36" 0.000 "54.163.214.163, 54.163.214.163, 10.1.0.169"
10.1.68.187 - - [07/Jun/2022:19:13:14 +0000]  "GET /core/misc/icons/bebebe/pencil.svg HTTP/1.1" 200 291 "https://dev-ebfactory-site.pantheonsite.io/sites/default/files/css/css_NNpNhvSTb-vNlSNjEcDLXtQgEchYekLb1iRF9kNx14w.css" "Mozilla/5.0 (X11; Linux x86_64) AppleWebKit/537.36 (KHTML, like Gecko) HeadlessChrome/96.0.4664.110 Safari/537.36" 0.000 "54.163.214.163, 54.163.214.163, 10.1.68.187"
10.1.5.64 - - [07/Jun/2022:19:13:14 +0000]  "GET /core/themes/bartik/images/tabs-border.png HTTP/1.1" 200 83 "https://dev-ebfactory-site.pantheonsite.io/sites/default/files/css/css_YNfXAqbiQl6e6Ix88246QsGGQQSmP_5maJGdSZ15hPs.css" "Mozilla/5.0 (X11; Linux x86_64) AppleWebKit/537.36 (KHTML, like Gecko) HeadlessChrome/96.0.4664.110 Safari/537.36" 0.000 "54.163.214.163, 54.163.214.163, 10.1.5.64"
