10.1.69.152 - - [08/Jun/2022:22:08:39 +0000]  "GET /core/misc/icons/bebebe/hamburger.svg HTTP/1.1" 200 218 "https://dev-ebfactory-site.pantheonsite.io/sites/default/files/css/css_NNpNhvSTb-vNlSNjEcDLXtQgEchYekLb1iRF9kNx14w.css" "Mozilla/5.0 (X11; Linux x86_64) AppleWebKit/537.36 (KHTML, like Gecko) HeadlessChrome/96.0.4664.110 Safari/537.36" 0.000 "34.228.7.146, 34.228.7.146, 10.1.69.152"
10.1.68.187 - - [08/Jun/2022:22:08:39 +0000]  "GET /core/misc/icons/bebebe/chevron-disc-left.svg HTTP/1.1" 304 0 "https://dev-ebfactory-site.pantheonsite.io/sites/default/files/css/css_NNpNhvSTb-vNlSNjEcDLXtQgEchYekLb1iRF9kNx14w.css" "Mozilla/5.0 (X11; Linux x86_64) AppleWebKit/537.36 (KHTML, like Gecko) HeadlessChrome/96.0.4664.110 Safari/537.36" 0.000 "34.228.7.146, 34.228.7.146, 10.1.68.187"
10.1.4.121 - - [08/Jun/2022:22:08:39 +0000]  "POST /contextual/render HTTP/1.1" 200 310 "https://dev-ebfactory-site.pantheonsite.io/" "Mozilla/5.0 (X11; Linux x86_64) AppleWebKit/537.36 (KHTML, like Gecko) HeadlessChrome/96.0.4664.110 Safari/537.36" 0.079 "34.228.7.146, 34.228.7.146, 10.1.4.121"
10.1.68.187 - - [08/Jun/2022:22:08:40 +0000]  "GET /sites/default/files/css/css_6ZKsRQgXQv0GdFrFhdy2R1wB2hj7quLpzZ6t307DdSo.css HTTP/1.1" 200 774 "https://dev-ebfactory-site.pantheonsite.io/node/19" "Mozilla/5.0 (X11; Linux x86_64) AppleWebKit/537.36 (KHTML, like Gecko) HeadlessChrome/96.0.4664.110 Safari/537.36" 0.000 "34.228.7.146, 34.228.7.146, 10.1.68.187"
10.1.69.152 - - [08/Jun/2022:22:08:40 +0000]  "GET /sites/default/files/css/css_NNpNhvSTb-vNlSNjEcDLXtQgEchYekLb1iRF9kNx14w.css HTTP/1.1" 304 0 "https://dev-ebfactory-site.pantheonsite.io/node/19" "Mozilla/5.0 (X11; Linux x86_64) AppleWebKit/537.36 (KHTML, like Gecko) HeadlessChrome/96.0.4664.110 Safari/537.36" 0.000 "34.228.7.146, 34.228.7.146, 10.1.69.152"
10.1.4.121 - - [08/Jun/2022:22:08:40 +0000]  "GET /core/assets/vendor/modernizr/modernizr.min.js?v=3.11.7 HTTP/1.1" 200 3261 "https://dev-ebfactory-site.pantheonsite.io/node/19" "Mozilla/5.0 (X11; Linux x86_64) AppleWebKit/537.36 (KHTML, like Gecko) HeadlessChrome/96.0.4664.110 Safari/537.36" 0.000 "34.228.7.146, 34.228.7.146, 10.1.4.121"
10.1.69.83 - - [08/Jun/2022:22:08:40 +0000]  "GET /sites/default/files/css/css_7IjgI5WxidIcbs-6CW-lTVGmwx8FtkkUdLojZlmsRLU.css HTTP/1.1" 200 3780 "https://dev-ebfactory-site.pantheonsite.io/node/19" "Mozilla/5.0 (X11; Linux x86_64) AppleWebKit/537.36 (KHTML, like Gecko) HeadlessChrome/96.0.4664.110 Safari/537.36" 0.000 "34.228.7.146, 34.228.7.146, 10.1.69.83"
10.1.0.132 - - [08/Jun/2022:22:08:40 +0000]  "GET /core/misc/modernizr-additional-tests.js?v=3.11.7 HTTP/1.1" 200 428 "https://dev-ebfactory-site.pantheonsite.io/node/19" "Mozilla/5.0 (X11; Linux x86_64) AppleWebKit/537.36 (KHTML, like Gecko) HeadlessChrome/96.0.4664.110 Safari/537.36" 0.000 "34.228.7.146, 34.228.7.146, 10.1.0.132"
10.1.67.88 - - [08/Jun/2022:22:08:40 +0000]  "GET /sites/default/files/js/js_xlxYijq5gf2xDR_wvgHuit2CfmG6tPjYc3bXI1O9ybE.js HTTP/1.1" 200 103576 "https://dev-ebfactory-site.pantheonsite.io/node/19" "Mozilla/5.0 (X11; Linux x86_64) AppleWebKit/537.36 (KHTML, like Gecko) HeadlessChrome/96.0.4664.110 Safari/537.36" 0.000 "34.228.7.146, 34.228.7.146, 10.1.67.88"
10.1.4.121 - - [08/Jun/2022:22:08:40 +0000]  "GET /sites/default/files/css/css_Z5jMg7P_bjcW9iUzujI7oaechMyxQTUqZhHJ_aYSq04.css HTTP/1.1" 200 290 "https://dev-ebfactory-site.pantheonsite.io/node/19" "Mozilla/5.0 (X11; Linux x86_64) AppleWebKit/537.36 (KHTML, like Gecko) HeadlessChrome/96.0.4664.110 Safari/537.36" 0.000 "34.228.7.146, 34.228.7.146, 10.1.4.121"
10.1.5.126 - - [08/Jun/2022:22:08:40 +0000]  "GET /core/themes/bartik/images/tabs-border.png HTTP/1.1" 200 83 "https://dev-ebfactory-site.pantheonsite.io/sites/default/files/css/css_LtL8KZY0QB6aR1I4q-iSQylKhlNtW1fAinhiy2J6tYs.css" "Mozilla/5.0 (X11; Linux x86_64) AppleWebKit/537.36 (KHTML, like Gecko) HeadlessChrome/96.0.4664.110 Safari/537.36" 0.000 "34.228.7.146, 34.228.7.146, 10.1.5.126"
10.1.69.152 - - [08/Jun/2022:22:08:40 +0000]  "GET /core/misc/icons/505050/loupe.svg HTTP/1.1" 200 311 "https://dev-ebfactory-site.pantheonsite.io/sites/default/files/css/css_LtL8KZY0QB6aR1I4q-iSQylKhlNtW1fAinhiy2J6tYs.css" "Mozilla/5.0 (X11; Linux x86_64) AppleWebKit/537.36 (KHTML, like Gecko) HeadlessChrome/96.0.4664.110 Safari/537.36" 0.000 "34.228.7.146, 34.228.7.146, 10.1.69.152"
10.1.0.132 - - [08/Jun/2022:22:08:39 +0000]  "GET /core/misc/icons/bebebe/pencil.svg HTTP/1.1" 200 291 "https://dev-ebfactory-site.pantheonsite.io/sites/default/files/css/css_NNpNhvSTb-vNlSNjEcDLXtQgEchYekLb1iRF9kNx14w.css" "Mozilla/5.0 (X11; Linux x86_64) AppleWebKit/537.36 (KHTML, like Gecko) HeadlessChrome/96.0.4664.110 Safari/537.36" 0.000 "34.228.7.146, 34.228.7.146, 10.1.0.132"
10.1.5.64 - - [08/Jun/2022:22:08:40 +0000]  "GET /sites/default/files/css/css_LtL8KZY0QB6aR1I4q-iSQylKhlNtW1fAinhiy2J6tYs.css HTTP/1.1" 200 14092 "https://dev-ebfactory-site.pantheonsite.io/node/19" "Mozilla/5.0 (X11; Linux x86_64) AppleWebKit/537.36 (KHTML, like Gecko) HeadlessChrome/96.0.4664.110 Safari/537.36" 0.000 "34.228.7.146, 34.228.7.146, 10.1.5.64"
10.1.5.64 - - [08/Jun/2022:22:08:40 +0000]  "GET /core/themes/bartik/logo.svg HTTP/1.1" 200 1971 "https://dev-ebfactory-site.pantheonsite.io/node/19" "Mozilla/5.0 (X11; Linux x86_64) AppleWebKit/537.36 (KHTML, like Gecko) HeadlessChrome/96.0.4664.110 Safari/537.36" 0.000 "34.228.7.146, 34.228.7.146, 10.1.5.64"
10.1.0.132 - - [08/Jun/2022:22:08:40 +0000]  "GET /node/19 HTTP/1.1" 200 10616 "https://dev-ebfactory-site.pantheonsite.io/" "Mozilla/5.0 (X11; Linux x86_64) AppleWebKit/537.36 (KHTML, like Gecko) HeadlessChrome/96.0.4664.110 Safari/537.36" 0.580 "34.228.7.146, 34.228.7.146, 10.1.0.132"
10.1.0.132 - - [08/Jun/2022:22:08:40 +0000]  "GET /sites/default/files/js/js_MPLDLKU2Ad2ahTjT9tQaZC2f5-pRiWlxzg94iaSyo3Y.js HTTP/1.1" 200 34648 "https://dev-ebfactory-site.pantheonsite.io/node/19" "Mozilla/5.0 (X11; Linux x86_64) AppleWebKit/537.36 (KHTML, like Gecko) HeadlessChrome/96.0.4664.110 Safari/537.36" 0.000 "34.228.7.146, 34.228.7.146, 10.1.0.132"
10.1.68.187 - - [08/Jun/2022:22:08:40 +0000]  "GET /sites/default/files/css/css_idgEzECuJ7QPOUe0MZjtOIyl2_a4iMPUMr7917Jr-Go.css HTTP/1.1" 200 4668 "https://dev-ebfactory-site.pantheonsite.io/node/19" "Mozilla/5.0 (X11; Linux x86_64) AppleWebKit/537.36 (KHTML, like Gecko) HeadlessChrome/96.0.4664.110 Safari/537.36" 0.000 "34.228.7.146, 34.228.7.146, 10.1.68.187"
10.1.4.121 - - [08/Jun/2022:22:08:40 +0000]  "GET /sites/default/files/css/css_FQxe34T2PUPgAZ5XUERdxv8eCxVfREI8mQE9uVnKiBw.css HTTP/1.1" 200 817 "https://dev-ebfactory-site.pantheonsite.io/node/19" "Mozilla/5.0 (X11; Linux x86_64) AppleWebKit/537.36 (KHTML, like Gecko) HeadlessChrome/96.0.4664.110 Safari/537.36" 0.000 "34.228.7.146, 34.228.7.146, 10.1.4.121"
10.1.4.121 - - [08/Jun/2022:22:08:40 +0000]  "GET /core/assets/vendor/ckeditor/ckeditor.js?v=4.18.0 HTTP/1.1" 200 232011 "https://dev-ebfactory-site.pantheonsite.io/node/19" "Mozilla/5.0 (X11; Linux x86_64) AppleWebKit/537.36 (KHTML, like Gecko) HeadlessChrome/96.0.4664.110 Safari/537.36" 0.000 "34.228.7.146, 34.228.7.146, 10.1.4.121"
10.1.69.152 - - [08/Jun/2022:22:08:40 +0000]  "POST /history/19/read HTTP/1.1" 200 41 "https://dev-ebfactory-site.pantheonsite.io/node/19" "Mozilla/5.0 (X11; Linux x86_64) AppleWebKit/537.36 (KHTML, like Gecko) HeadlessChrome/96.0.4664.110 Safari/537.36" 0.072 "34.228.7.146, 34.228.7.146, 10.1.69.152"
10.1.69.83 - - [08/Jun/2022:22:08:40 +0000]  "GET /sites/default/files/js/js_tdtxdkBllgaV3Zi8_1QcvTuGj2ii7J1ZBOcDCl1Rr94.js HTTP/1.1" 200 3208 "https://dev-ebfactory-site.pantheonsite.io/node/19" "Mozilla/5.0 (X11; Linux x86_64) AppleWebKit/537.36 (KHTML, like Gecko) HeadlessChrome/96.0.4664.110 Safari/537.36" 0.000 "34.228.7.146, 34.228.7.146, 10.1.69.83"
10.1.67.88 - - [08/Jun/2022:22:08:40 +0000]  "GET /core/misc/icons/ee0000/required.svg HTTP/1.1" 200 356 "https://dev-ebfactory-site.pantheonsite.io/sites/default/files/css/css_LtL8KZY0QB6aR1I4q-iSQylKhlNtW1fAinhiy2J6tYs.css" "Mozilla/5.0 (X11; Linux x86_64) AppleWebKit/537.36 (KHTML, like Gecko) HeadlessChrome/96.0.4664.110 Safari/537.36" 0.000 "34.228.7.146, 34.228.7.146, 10.1.67.88"
10.1.4.121 - - [08/Jun/2022:22:08:40 +0000]  "GET /core/assets/vendor/ckeditor/skins/moono-lisa/dialog.css?t=rd6ipm HTTP/1.1" 200 3529 "https://dev-ebfactory-site.pantheonsite.io/node/19" "Mozilla/5.0 (X11; Linux x86_64) AppleWebKit/537.36 (KHTML, like Gecko) HeadlessChrome/96.0.4664.110 Safari/537.36" 0.000 "34.228.7.146, 34.228.7.146, 10.1.4.121"
10.1.4.121 - - [08/Jun/2022:22:08:40 +0000]  "GET /core/misc/help.png HTTP/1.1" 200 294 "https://dev-ebfactory-site.pantheonsite.io/sites/default/files/css/css_FQxe34T2PUPgAZ5XUERdxv8eCxVfREI8mQE9uVnKiBw.css" "Mozilla/5.0 (X11; Linux x86_64) AppleWebKit/537.36 (KHTML, like Gecko) HeadlessChrome/96.0.4664.110 Safari/537.36" 0.000 "34.228.7.146, 34.228.7.146, 10.1.4.121"
10.1.68.189 - - [08/Jun/2022:22:08:40 +0000]  "GET /core/assets/vendor/ckeditor/lang/en.js?t=rd6ipm HTTP/1.1" 200 3832 "https://dev-ebfactory-site.pantheonsite.io/node/19" "Mozilla/5.0 (X11; Linux x86_64) AppleWebKit/537.36 (KHTML, like Gecko) HeadlessChrome/96.0.4664.110 Safari/537.36" 0.000 "34.228.7.146, 34.228.7.146, 10.1.68.189"
10.1.4.121 - - [08/Jun/2022:22:08:40 +0000]  "GET /core/modules/ckeditor/js/plugins/drupalimage/plugin.js?t=rd6ipm HTTP/1.1" 200 2279 "https://dev-ebfactory-site.pantheonsite.io/node/19" "Mozilla/5.0 (X11; Linux x86_64) AppleWebKit/537.36 (KHTML, like Gecko) HeadlessChrome/96.0.4664.110 Safari/537.36" 0.000 "34.228.7.146, 34.228.7.146, 10.1.4.121"
10.1.69.152 - - [08/Jun/2022:22:08:40 +0000]  "GET /core/modules/ckeditor/js/plugins/drupalimagecaption/plugin.js?t=rd6ipm HTTP/1.1" 200 2137 "https://dev-ebfactory-site.pantheonsite.io/node/19" "Mozilla/5.0 (X11; Linux x86_64) AppleWebKit/537.36 (KHTML, like Gecko) HeadlessChrome/96.0.4664.110 Safari/537.36" 0.000 "34.228.7.146, 34.228.7.146, 10.1.69.152"
10.1.4.121 - - [08/Jun/2022:22:08:40 +0000]  "GET /core/modules/ckeditor/js/plugins/drupallink/plugin.js?t=rd6ipm HTTP/1.1" 200 2521 "https://dev-ebfactory-site.pantheonsite.io/node/19" "Mozilla/5.0 (X11; Linux x86_64) AppleWebKit/537.36 (KHTML, like Gecko) HeadlessChrome/96.0.4664.110 Safari/537.36" 0.000 "34.228.7.146, 34.228.7.146, 10.1.4.121"
10.1.67.88 - - [08/Jun/2022:22:08:40 +0000]  "GET /core/assets/vendor/ckeditor/skins/moono-lisa/icons.png?t=M2GD HTTP/1.1" 200 4252 "https://dev-ebfactory-site.pantheonsite.io/core/assets/vendor/ckeditor/skins/moono-lisa/editor.css?t=rd6ipm" "Mozilla/5.0 (X11; Linux x86_64) AppleWebKit/537.36 (KHTML, like Gecko) HeadlessChrome/96.0.4664.110 Safari/537.36" 0.000 "34.228.7.146, 34.228.7.146, 10.1.67.88"
10.1.69.83 - - [08/Jun/2022:22:08:40 +0000]  "GET /core/modules/ckeditor/js/plugins/drupallink/icons/drupallink.png?t=rd6ipm HTTP/1.1" 200 328 "https://dev-ebfactory-site.pantheonsite.io/node/19" "Mozilla/5.0 (X11; Linux x86_64) AppleWebKit/537.36 (KHTML, like Gecko) HeadlessChrome/96.0.4664.110 Safari/537.36" 0.000 "34.228.7.146, 34.228.7.146, 10.1.69.83"
10.1.69.83 - - [08/Jun/2022:22:08:40 +0000]  "GET /core/modules/ckeditor/js/plugins/drupalimage/icons/drupalimage.png?t=rd6ipm HTTP/1.1" 200 470 "https://dev-ebfactory-site.pantheonsite.io/node/19" "Mozilla/5.0 (X11; Linux x86_64) AppleWebKit/537.36 (KHTML, like Gecko) HeadlessChrome/96.0.4664.110 Safari/537.36" 0.000 "34.228.7.146, 34.228.7.146, 10.1.69.83"
10.1.5.64 - - [08/Jun/2022:22:08:40 +0000]  "GET /core/assets/vendor/ckeditor/skins/moono-lisa/editor.css?t=rd6ipm HTTP/1.1" 200 6666 "https://dev-ebfactory-site.pantheonsite.io/node/19" "Mozilla/5.0 (X11; Linux x86_64) AppleWebKit/537.36 (KHTML, like Gecko) HeadlessChrome/96.0.4664.110 Safari/537.36" 0.000 "34.228.7.146, 34.228.7.146, 10.1.5.64"
10.1.5.64 - - [08/Jun/2022:22:08:40 +0000]  "GET /core/assets/vendor/ckeditor/skins/moono-lisa/editor.css?t=rd6ipm HTTP/1.1" 200 6666 "https://dev-ebfactory-site.pantheonsite.io/node/19" "Mozilla/5.0 (X11; Linux x86_64) AppleWebKit/537.36 (KHTML, like Gecko) HeadlessChrome/96.0.4664.110 Safari/537.36" 0.000 "34.228.7.146, 34.228.7.146, 10.1.5.64"
10.1.0.132 - - [08/Jun/2022:22:08:40 +0000]  "GET /core/assets/vendor/ckeditor/plugins/dialog/styles/dialog.css?t=rd6ipm HTTP/1.1" 200 168 "https://dev-ebfactory-site.pantheonsite.io/node/19" "Mozilla/5.0 (X11; Linux x86_64) AppleWebKit/537.36 (KHTML, like Gecko) HeadlessChrome/96.0.4664.110 Safari/537.36" 0.000 "34.228.7.146, 34.228.7.146, 10.1.0.132"
10.1.5.64 - - [08/Jun/2022:22:08:40 +0000]  "GET /core/modules/ckeditor/js/plugins/drupallink/icons/drupalunlink.png?t=rd6ipm HTTP/1.1" 200 312 "https://dev-ebfactory-site.pantheonsite.io/node/19" "Mozilla/5.0 (X11; Linux x86_64) AppleWebKit/537.36 (KHTML, like Gecko) HeadlessChrome/96.0.4664.110 Safari/537.36" 0.000 "34.228.7.146, 34.228.7.146, 10.1.5.64"
10.1.0.132 - - [08/Jun/2022:22:08:40 +0000]  "GET /core/themes/bartik/css/classy/components/media-embed-error.css?rd6ipm=&t=rd6ipm HTTP/1.1" 200 325 "https://dev-ebfactory-site.pantheonsite.io/node/19" "Mozilla/5.0 (X11; Linux x86_64) AppleWebKit/537.36 (KHTML, like Gecko) HeadlessChrome/96.0.4664.110 Safari/537.36" 0.000 "34.228.7.146, 34.228.7.146, 10.1.0.132"
10.1.68.189 - - [08/Jun/2022:22:08:40 +0000]  "GET /core/modules/ckeditor/css/ckeditor-iframe.css?rd6ipm=&t=rd6ipm HTTP/1.1" 200 347 "https://dev-ebfactory-site.pantheonsite.io/node/19" "Mozilla/5.0 (X11; Linux x86_64) AppleWebKit/537.36 (KHTML, like Gecko) HeadlessChrome/96.0.4664.110 Safari/537.36" 0.000 "34.228.7.146, 34.228.7.146, 10.1.68.189"
10.1.67.88 - - [08/Jun/2022:22:08:40 +0000]  "GET /core/modules/ckeditor/css/plugins/drupalimagecaption/ckeditor.drupalimagecaption.css?rd6ipm=&t=rd6ipm HTTP/1.1" 200 309 "https://dev-ebfactory-site.pantheonsite.io/node/19" "Mozilla/5.0 (X11; Linux x86_64) AppleWebKit/537.36 (KHTML, like Gecko) HeadlessChrome/96.0.4664.110 Safari/537.36" 0.000 "34.228.7.146, 34.228.7.146, 10.1.67.88"
10.1.0.132 - - [08/Jun/2022:22:08:40 +0000]  "GET /core/themes/bartik/css/base/elements.css?rd6ipm=&t=rd6ipm HTTP/1.1" 200 958 "https://dev-ebfactory-site.pantheonsite.io/node/19" "Mozilla/5.0 (X11; Linux x86_64) AppleWebKit/537.36 (KHTML, like Gecko) HeadlessChrome/96.0.4664.110 Safari/537.36" 0.000 "34.228.7.146, 34.228.7.146, 10.1.0.132"
10.1.5.126 - - [08/Jun/2022:22:08:40 +0000]  "GET /core/themes/bartik/css/components/captions.css?rd6ipm=&t=rd6ipm HTTP/1.1" 200 343 "https://dev-ebfactory-site.pantheonsite.io/node/19" "Mozilla/5.0 (X11; Linux x86_64) AppleWebKit/537.36 (KHTML, like Gecko) HeadlessChrome/96.0.4664.110 Safari/537.36" 0.000 "34.228.7.146, 34.228.7.146, 10.1.5.126"
10.1.68.187 - - [08/Jun/2022:22:08:40 +0000]  "GET /core/modules/system/css/components/align.module.css?rd6ipm=&t=rd6ipm HTTP/1.1" 200 235 "https://dev-ebfactory-site.pantheonsite.io/node/19" "Mozilla/5.0 (X11; Linux x86_64) AppleWebKit/537.36 (KHTML, like Gecko) HeadlessChrome/96.0.4664.110 Safari/537.36" 0.000 "34.228.7.146, 34.228.7.146, 10.1.68.187"
10.1.4.121 - - [08/Jun/2022:22:08:40 +0000]  "GET /core/modules/filter/css/filter.caption.css?rd6ipm=&t=rd6ipm HTTP/1.1" 200 360 "https://dev-ebfactory-site.pantheonsite.io/node/19" "Mozilla/5.0 (X11; Linux x86_64) AppleWebKit/537.36 (KHTML, like Gecko) HeadlessChrome/96.0.4664.110 Safari/537.36" 0.000 "34.228.7.146, 34.228.7.146, 10.1.4.121"
10.1.68.189 - - [08/Jun/2022:22:08:46 +0000]  "GET / HTTP/1.1" 200 2750 "-" "Mozilla/5.0 (X11; Linux x86_64) AppleWebKit/537.36 (KHTML, like Gecko) HeadlessChrome/96.0.4664.110 Safari/537.36" 0.122 "34.228.7.146, 34.228.7.146, 10.1.68.189"
10.1.68.189 - - [08/Jun/2022:22:08:46 +0000]  "GET /sites/default/files/css/css_v18WUm75dSk_A-DeLZcRjivGVxxUXl9PCwLE_JJpyIk.css HTTP/1.1" 200 2938 "https://dev-ebfactory-site.pantheonsite.io/" "Mozilla/5.0 (X11; Linux x86_64) AppleWebKit/537.36 (KHTML, like Gecko) HeadlessChrome/96.0.4664.110 Safari/537.36" 0.000 "34.228.7.146, 34.228.7.146, 10.1.68.189"
10.1.4.121 - - [08/Jun/2022:22:08:46 +0000]  "GET /sites/default/files/css/css_QVAG5D3Tjgmzc55dRjVpYlhI02sBiqX5b0VAkKLpSGg.css HTTP/1.1" 200 13601 "https://dev-ebfactory-site.pantheonsite.io/" "Mozilla/5.0 (X11; Linux x86_64) AppleWebKit/537.36 (KHTML, like Gecko) HeadlessChrome/96.0.4664.110 Safari/537.36" 0.000 "34.228.7.146, 34.228.7.146, 10.1.4.121"
10.1.69.83 - - [08/Jun/2022:22:08:46 +0000]  "GET /sites/default/files/css/css_Z5jMg7P_bjcW9iUzujI7oaechMyxQTUqZhHJ_aYSq04.css HTTP/1.1" 200 290 "https://dev-ebfactory-site.pantheonsite.io/" "Mozilla/5.0 (X11; Linux x86_64) AppleWebKit/537.36 (KHTML, like Gecko) HeadlessChrome/96.0.4664.110 Safari/537.36" 0.000 "34.228.7.146, 34.228.7.146, 10.1.69.83"
10.1.5.126 - - [08/Jun/2022:22:08:46 +0000]  "GET /core/themes/bartik/logo.svg HTTP/1.1" 304 0 "https://dev-ebfactory-site.pantheonsite.io/" "Mozilla/5.0 (X11; Linux x86_64) AppleWebKit/537.36 (KHTML, like Gecko) HeadlessChrome/96.0.4664.110 Safari/537.36" 0.000 "34.228.7.146, 34.228.7.146, 10.1.5.126"
10.1.5.64 - - [08/Jun/2022:22:08:40 +0000]  "GET /core/themes/bartik/css/components/text-formatted.css?rd6ipm=&t=rd6ipm HTTP/1.1" 200 190 "https://dev-ebfactory-site.pantheonsite.io/node/19" "Mozilla/5.0 (X11; Linux x86_64) AppleWebKit/537.36 (KHTML, like Gecko) HeadlessChrome/96.0.4664.110 Safari/537.36" 0.000 "34.228.7.146, 34.228.7.146, 10.1.5.64"
10.1.0.132 - - [08/Jun/2022:22:08:40 +0000]  "GET /core/themes/bartik/css/components/table.css?rd6ipm=&t=rd6ipm HTTP/1.1" 200 598 "https://dev-ebfactory-site.pantheonsite.io/node/19" "Mozilla/5.0 (X11; Linux x86_64) AppleWebKit/537.36 (KHTML, like Gecko) HeadlessChrome/96.0.4664.110 Safari/537.36" 0.000 "34.228.7.146, 34.228.7.146, 10.1.0.132"
10.1.0.132 - - [08/Jun/2022:22:09:00 +0000]  "GET / HTTP/1.1" 200 2752 "-" "Mozilla/5.0 (Unknown; Linux x86_64) AppleWebKit/538.1 (KHTML, like Gecko) PhantomJS/2.1.1 Safari/538.1" 1.312 "34.134.199.236, 34.134.199.236, 10.1.0.132"
10.1.67.88 - - [08/Jun/2022:22:09:00 +0000]  "GET /sites/default/files/css/css_QVAG5D3Tjgmzc55dRjVpYlhI02sBiqX5b0VAkKLpSGg.css HTTP/1.1" 200 13601 "https://dev-ebfactory-site.pantheonsite.io/" "Mozilla/5.0 (Unknown; Linux x86_64) AppleWebKit/538.1 (KHTML, like Gecko) PhantomJS/2.1.1 Safari/538.1" 0.000 "34.134.199.236, 34.134.199.236, 10.1.67.88"
10.1.0.132 - - [08/Jun/2022:22:09:00 +0000]  "GET /core/misc/feed.svg HTTP/1.1" 200 308 "https://dev-ebfactory-site.pantheonsite.io/" "Mozilla/5.0 (Unknown; Linux x86_64) AppleWebKit/538.1 (KHTML, like Gecko) PhantomJS/2.1.1 Safari/538.1" 0.000 "34.134.199.236, 34.134.199.236, 10.1.0.132"
10.1.5.64 - - [08/Jun/2022:22:09:00 +0000]  "GET /core/misc/icons/505050/loupe.svg HTTP/1.1" 200 311 "https://dev-ebfactory-site.pantheonsite.io/" "Mozilla/5.0 (Unknown; Linux x86_64) AppleWebKit/538.1 (KHTML, like Gecko) PhantomJS/2.1.1 Safari/538.1" 0.000 "34.134.199.236, 34.134.199.236, 10.1.5.64"
10.1.68.189 - - [08/Jun/2022:22:08:46 +0000]  "GET /core/misc/feed.svg HTTP/1.1" 200 308 "https://dev-ebfactory-site.pantheonsite.io/sites/default/files/css/css_QVAG5D3Tjgmzc55dRjVpYlhI02sBiqX5b0VAkKLpSGg.css" "Mozilla/5.0 (X11; Linux x86_64) AppleWebKit/537.36 (KHTML, like Gecko) HeadlessChrome/96.0.4664.110 Safari/537.36" 0.000 "34.228.7.146, 34.228.7.146, 10.1.68.189"
10.1.69.83 - - [08/Jun/2022:22:08:46 +0000]  "GET /core/misc/icons/505050/loupe.svg HTTP/1.1" 200 311 "https://dev-ebfactory-site.pantheonsite.io/sites/default/files/css/css_QVAG5D3Tjgmzc55dRjVpYlhI02sBiqX5b0VAkKLpSGg.css" "Mozilla/5.0 (X11; Linux x86_64) AppleWebKit/537.36 (KHTML, like Gecko) HeadlessChrome/96.0.4664.110 Safari/537.36" 0.000 "34.228.7.146, 34.228.7.146, 10.1.69.83"
10.1.67.88 - - [08/Jun/2022:22:09:00 +0000]  "GET /sites/default/files/css/css_v18WUm75dSk_A-DeLZcRjivGVxxUXl9PCwLE_JJpyIk.css HTTP/1.1" 200 2938 "https://dev-ebfactory-site.pantheonsite.io/" "Mozilla/5.0 (Unknown; Linux x86_64) AppleWebKit/538.1 (KHTML, like Gecko) PhantomJS/2.1.1 Safari/538.1" 0.000 "34.134.199.236, 34.134.199.236, 10.1.67.88"
10.1.5.126 - - [08/Jun/2022:22:09:00 +0000]  "GET /core/themes/bartik/logo.svg HTTP/1.1" 200 1971 "https://dev-ebfactory-site.pantheonsite.io/" "Mozilla/5.0 (Unknown; Linux x86_64) AppleWebKit/538.1 (KHTML, like Gecko) PhantomJS/2.1.1 Safari/538.1" 0.000 "34.134.199.236, 34.134.199.236, 10.1.5.126"
10.1.5.126 - - [08/Jun/2022:22:09:00 +0000]  "GET /sites/default/files/css/css_Z5jMg7P_bjcW9iUzujI7oaechMyxQTUqZhHJ_aYSq04.css HTTP/1.1" 200 290 "https://dev-ebfactory-site.pantheonsite.io/" "Mozilla/5.0 (Unknown; Linux x86_64) AppleWebKit/538.1 (KHTML, like Gecko) PhantomJS/2.1.1 Safari/538.1" 0.000 "34.134.199.236, 34.134.199.236, 10.1.5.126"
10.1.68.73 - - [10/Jun/2022:00:09:56 +0000]  "GET / HTTP/1.1" 200 2752 "-" "Mozilla/5.0 (X11; Linux x86_64) AppleWebKit/537.36 (KHTML, like Gecko) HeadlessChrome/76.0.3803.0 Safari/537.36" 0.009 "54.198.233.29, 54.198.233.29, 10.1.68.73"
10.1.4.22 - - [10/Jun/2022:00:09:56 +0000]  "GET / HTTP/1.1" 200 2752 "-" "Mozilla/5.0 (X11; Linux x86_64) AppleWebKit/537.36 (KHTML, like Gecko) HeadlessChrome/76.0.3803.0 Safari/537.36" 0.009 "54.198.233.29, 54.198.233.29, 10.1.4.22"
10.1.4.22 - - [10/Jun/2022:00:09:56 +0000]  "GET /core/themes/bartik/logo.svg HTTP/1.1" 200 1971 "https://dev-ebfactory-site.pantheonsite.io/" "Mozilla/5.0 (X11; Linux x86_64) AppleWebKit/537.36 (KHTML, like Gecko) HeadlessChrome/76.0.3803.0 Safari/537.36" 0.000 "54.198.233.29, 54.198.233.29, 10.1.4.22"
10.1.4.24 - - [10/Jun/2022:00:09:56 +0000]  "GET /sites/default/files/css/css_Z5jMg7P_bjcW9iUzujI7oaechMyxQTUqZhHJ_aYSq04.css HTTP/1.1" 200 290 "https://dev-ebfactory-site.pantheonsite.io/" "Mozilla/5.0 (X11; Linux x86_64) AppleWebKit/537.36 (KHTML, like Gecko) HeadlessChrome/76.0.3803.0 Safari/537.36" 0.000 "54.198.233.29, 54.198.233.29, 10.1.4.24"
10.1.4.24 - - [10/Jun/2022:00:09:56 +0000]  "GET /core/themes/bartik/logo.svg HTTP/1.1" 200 1971 "https://dev-ebfactory-site.pantheonsite.io/" "Mozilla/5.0 (X11; Linux x86_64) AppleWebKit/537.36 (KHTML, like Gecko) HeadlessChrome/76.0.3803.0 Safari/537.36" 0.000 "54.198.233.29, 54.198.233.29, 10.1.4.24"
10.1.5.135 - - [10/Jun/2022:00:09:56 +0000]  "GET /sites/default/files/css/css_QVAG5D3Tjgmzc55dRjVpYlhI02sBiqX5b0VAkKLpSGg.css HTTP/1.1" 200 13601 "https://dev-ebfactory-site.pantheonsite.io/" "Mozilla/5.0 (X11; Linux x86_64) AppleWebKit/537.36 (KHTML, like Gecko) HeadlessChrome/76.0.3803.0 Safari/537.36" 0.000 "54.198.233.29, 54.198.233.29, 10.1.5.135"
10.1.4.22 - - [10/Jun/2022:00:09:56 +0000]  "GET /sites/default/files/css/css_v18WUm75dSk_A-DeLZcRjivGVxxUXl9PCwLE_JJpyIk.css HTTP/1.1" 200 2938 "https://dev-ebfactory-site.pantheonsite.io/" "Mozilla/5.0 (X11; Linux x86_64) AppleWebKit/537.36 (KHTML, like Gecko) HeadlessChrome/76.0.3803.0 Safari/537.36" 0.000 "54.198.233.29, 54.198.233.29, 10.1.4.22"
10.1.68.75 - - [10/Jun/2022:00:09:56 +0000]  "GET / HTTP/1.1" 200 2752 "-" "Mozilla/5.0 (X11; Linux x86_64) AppleWebKit/537.36 (KHTML, like Gecko) HeadlessChrome/76.0.3803.0 Safari/537.36" 0.009 "54.198.233.29, 54.198.233.29, 10.1.68.75"
10.1.5.135 - - [10/Jun/2022:00:09:56 +0000]  "GET /sites/default/files/css/css_QVAG5D3Tjgmzc55dRjVpYlhI02sBiqX5b0VAkKLpSGg.css HTTP/1.1" 200 13601 "https://dev-ebfactory-site.pantheonsite.io/" "Mozilla/5.0 (X11; Linux x86_64) AppleWebKit/537.36 (KHTML, like Gecko) HeadlessChrome/76.0.3803.0 Safari/537.36" 0.000 "54.198.233.29, 54.198.233.29, 10.1.5.135"
10.1.5.135 - - [10/Jun/2022:00:09:56 +0000]  "GET /core/themes/bartik/logo.svg HTTP/1.1" 200 1971 "https://dev-ebfactory-site.pantheonsite.io/" "Mozilla/5.0 (X11; Linux x86_64) AppleWebKit/537.36 (KHTML, like Gecko) HeadlessChrome/76.0.3803.0 Safari/537.36" 0.000 "54.198.233.29, 54.198.233.29, 10.1.5.135"
10.1.5.135 - - [10/Jun/2022:00:09:56 +0000]  "GET /core/misc/icons/505050/loupe.svg HTTP/1.1" 200 311 "https://dev-ebfactory-site.pantheonsite.io/sites/default/files/css/css_QVAG5D3Tjgmzc55dRjVpYlhI02sBiqX5b0VAkKLpSGg.css" "Mozilla/5.0 (X11; Linux x86_64) AppleWebKit/537.36 (KHTML, like Gecko) HeadlessChrome/76.0.3803.0 Safari/537.36" 0.000 "54.198.233.29, 54.198.233.29, 10.1.5.135"
10.1.4.24 - - [10/Jun/2022:00:09:55 +0000]  "GET / HTTP/1.1" 200 2752 "-" "curl/7.52.1" 0.278 "54.198.233.29, 54.198.233.29, 10.1.4.24"
10.1.4.24 - - [10/Jun/2022:00:09:56 +0000]  "GET /sites/default/files/css/css_v18WUm75dSk_A-DeLZcRjivGVxxUXl9PCwLE_JJpyIk.css HTTP/1.1" 200 2938 "https://dev-ebfactory-site.pantheonsite.io/" "Mozilla/5.0 (X11; Linux x86_64) AppleWebKit/537.36 (KHTML, like Gecko) HeadlessChrome/76.0.3803.0 Safari/537.36" 0.000 "54.198.233.29, 54.198.233.29, 10.1.4.24"
10.1.67.167 - - [10/Jun/2022:00:09:56 +0000]  "GET /sites/default/files/css/css_Z5jMg7P_bjcW9iUzujI7oaechMyxQTUqZhHJ_aYSq04.css HTTP/1.1" 200 290 "https://dev-ebfactory-site.pantheonsite.io/" "Mozilla/5.0 (X11; Linux x86_64) AppleWebKit/537.36 (KHTML, like Gecko) HeadlessChrome/76.0.3803.0 Safari/537.36" 0.000 "54.198.233.29, 54.198.233.29, 10.1.67.167"
10.1.67.167 - - [10/Jun/2022:00:09:56 +0000]  "GET /sites/default/files/css/css_QVAG5D3Tjgmzc55dRjVpYlhI02sBiqX5b0VAkKLpSGg.css HTTP/1.1" 200 13601 "https://dev-ebfactory-site.pantheonsite.io/" "Mozilla/5.0 (X11; Linux x86_64) AppleWebKit/537.36 (KHTML, like Gecko) HeadlessChrome/76.0.3803.0 Safari/537.36" 0.000 "54.198.233.29, 54.198.233.29, 10.1.67.167"
10.1.67.167 - - [10/Jun/2022:00:09:56 +0000]  "GET /sites/default/files/css/css_Z5jMg7P_bjcW9iUzujI7oaechMyxQTUqZhHJ_aYSq04.css HTTP/1.1" 200 290 "https://dev-ebfactory-site.pantheonsite.io/" "Mozilla/5.0 (X11; Linux x86_64) AppleWebKit/537.36 (KHTML, like Gecko) HeadlessChrome/76.0.3803.0 Safari/537.36" 0.000 "54.198.233.29, 54.198.233.29, 10.1.67.167"
10.1.4.24 - - [10/Jun/2022:00:09:56 +0000]  "GET /core/misc/icons/ffffff/hamburger.svg HTTP/1.1" 200 217 "https://dev-ebfactory-site.pantheonsite.io/sites/default/files/css/css_QVAG5D3Tjgmzc55dRjVpYlhI02sBiqX5b0VAkKLpSGg.css" "Mozilla/5.0 (X11; Linux x86_64) AppleWebKit/537.36 (KHTML, like Gecko) HeadlessChrome/76.0.3803.0 Safari/537.36" 0.000 "54.198.233.29, 54.198.233.29, 10.1.4.24"
10.1.69.170 - - [10/Jun/2022:00:09:56 +0000]  "GET /sites/default/files/css/css_v18WUm75dSk_A-DeLZcRjivGVxxUXl9PCwLE_JJpyIk.css HTTP/1.1" 200 2938 "https://dev-ebfactory-site.pantheonsite.io/" "Mozilla/5.0 (X11; Linux x86_64) AppleWebKit/537.36 (KHTML, like Gecko) HeadlessChrome/76.0.3803.0 Safari/537.36" 0.000 "54.198.233.29, 54.198.233.29, 10.1.69.170"
10.1.68.73 - - [10/Jun/2022:00:09:56 +0000]  "GET /core/misc/feed.svg HTTP/1.1" 200 308 "https://dev-ebfactory-site.pantheonsite.io/sites/default/files/css/css_QVAG5D3Tjgmzc55dRjVpYlhI02sBiqX5b0VAkKLpSGg.css" "Mozilla/5.0 (X11; Linux x86_64) AppleWebKit/537.36 (KHTML, like Gecko) HeadlessChrome/76.0.3803.0 Safari/537.36" 0.000 "54.198.233.29, 54.198.233.29, 10.1.68.73"
10.1.5.135 - - [10/Jun/2022:00:09:56 +0000]  "GET /core/misc/icons/505050/loupe.svg HTTP/1.1" 200 311 "https://dev-ebfactory-site.pantheonsite.io/sites/default/files/css/css_QVAG5D3Tjgmzc55dRjVpYlhI02sBiqX5b0VAkKLpSGg.css" "Mozilla/5.0 (X11; Linux x86_64) AppleWebKit/537.36 (KHTML, like Gecko) HeadlessChrome/76.0.3803.0 Safari/537.36" 0.000 "54.198.233.29, 54.198.233.29, 10.1.5.135"
10.1.5.135 - - [10/Jun/2022:00:09:56 +0000]  "GET /core/misc/icons/505050/loupe.svg HTTP/1.1" 200 311 "https://dev-ebfactory-site.pantheonsite.io/sites/default/files/css/css_QVAG5D3Tjgmzc55dRjVpYlhI02sBiqX5b0VAkKLpSGg.css" "Mozilla/5.0 (X11; Linux x86_64) AppleWebKit/537.36 (KHTML, like Gecko) HeadlessChrome/76.0.3803.0 Safari/537.36" 0.000 "54.198.233.29, 54.198.233.29, 10.1.5.135"
10.1.4.22 - - [10/Jun/2022:00:09:57 +0000]  "GET /hello-world/ HTTP/1.1" 404 2546 "-" "Mozilla/5.0 (X11; Linux x86_64) AppleWebKit/537.36 (KHTML, like Gecko) HeadlessChrome/76.0.3803.0 Safari/537.36" 1.268 "54.198.233.29, 54.198.233.29, 10.1.4.22"
10.1.67.167 - - [10/Jun/2022:00:09:56 +0000]  "GET /core/misc/feed.svg HTTP/1.1" 200 308 "https://dev-ebfactory-site.pantheonsite.io/sites/default/files/css/css_QVAG5D3Tjgmzc55dRjVpYlhI02sBiqX5b0VAkKLpSGg.css" "Mozilla/5.0 (X11; Linux x86_64) AppleWebKit/537.36 (KHTML, like Gecko) HeadlessChrome/76.0.3803.0 Safari/537.36" 0.000 "54.198.233.29, 54.198.233.29, 10.1.67.167"
10.1.67.167 - - [10/Jun/2022:00:09:56 +0000]  "GET /core/misc/feed.svg HTTP/1.1" 200 308 "https://dev-ebfactory-site.pantheonsite.io/sites/default/files/css/css_QVAG5D3Tjgmzc55dRjVpYlhI02sBiqX5b0VAkKLpSGg.css" "Mozilla/5.0 (X11; Linux x86_64) AppleWebKit/537.36 (KHTML, like Gecko) HeadlessChrome/76.0.3803.0 Safari/537.36" 0.000 "54.198.233.29, 54.198.233.29, 10.1.67.167"
10.1.0.223 - - [10/Jun/2022:00:09:57 +0000]  "GET /sites/default/files/css/css_QVAG5D3Tjgmzc55dRjVpYlhI02sBiqX5b0VAkKLpSGg.css HTTP/1.1" 200 13601 "https://dev-ebfactory-site.pantheonsite.io/hello-world/" "Mozilla/5.0 (X11; Linux x86_64) AppleWebKit/537.36 (KHTML, like Gecko) HeadlessChrome/76.0.3803.0 Safari/537.36" 0.000 "54.198.233.29, 54.198.233.29, 10.1.0.223"
10.1.69.170 - - [10/Jun/2022:00:09:57 +0000]  "GET /core/themes/bartik/logo.svg HTTP/1.1" 200 1971 "https://dev-ebfactory-site.pantheonsite.io/hello-world/" "Mozilla/5.0 (X11; Linux x86_64) AppleWebKit/537.36 (KHTML, like Gecko) HeadlessChrome/76.0.3803.0 Safari/537.36" 0.000 "54.198.233.29, 54.198.233.29, 10.1.69.170"
10.1.0.223 - - [10/Jun/2022:00:09:57 +0000]  "GET /sites/default/files/css/css_QVAG5D3Tjgmzc55dRjVpYlhI02sBiqX5b0VAkKLpSGg.css HTTP/1.1" 200 13601 "https://dev-ebfactory-site.pantheonsite.io/hello-world/" "Mozilla/5.0 (X11; Linux x86_64) AppleWebKit/537.36 (KHTML, like Gecko) HeadlessChrome/76.0.3803.0 Safari/537.36" 0.000 "54.198.233.29, 54.198.233.29, 10.1.0.223"
10.1.4.22 - - [10/Jun/2022:00:09:57 +0000]  "GET /hello-world/ HTTP/1.1" 404 2546 "-" "Mozilla/5.0 (X11; Linux x86_64) AppleWebKit/537.36 (KHTML, like Gecko) HeadlessChrome/76.0.3803.0 Safari/537.36" 0.011 "54.198.233.29, 54.198.233.29, 10.1.4.22"
10.1.68.75 - - [10/Jun/2022:00:09:57 +0000]  "GET /sites/default/files/css/css_ae7UPIbd_IVJyK4q6Bo1deBGLSQmYVfqayVz97QzYwU.css HTTP/1.1" 200 2861 "https://dev-ebfactory-site.pantheonsite.io/hello-world/" "Mozilla/5.0 (X11; Linux x86_64) AppleWebKit/537.36 (KHTML, like Gecko) HeadlessChrome/76.0.3803.0 Safari/537.36" 0.000 "54.198.233.29, 54.198.233.29, 10.1.68.75"
10.1.69.170 - - [10/Jun/2022:00:09:57 +0000]  "GET /sites/default/files/css/css_Z5jMg7P_bjcW9iUzujI7oaechMyxQTUqZhHJ_aYSq04.css HTTP/1.1" 200 290 "https://dev-ebfactory-site.pantheonsite.io/hello-world/" "Mozilla/5.0 (X11; Linux x86_64) AppleWebKit/537.36 (KHTML, like Gecko) HeadlessChrome/76.0.3803.0 Safari/537.36" 0.000 "54.198.233.29, 54.198.233.29, 10.1.69.170"
10.1.69.170 - - [10/Jun/2022:00:09:57 +0000]  "GET /sites/default/files/css/css_ae7UPIbd_IVJyK4q6Bo1deBGLSQmYVfqayVz97QzYwU.css HTTP/1.1" 200 2861 "https://dev-ebfactory-site.pantheonsite.io/hello-world/" "Mozilla/5.0 (X11; Linux x86_64) AppleWebKit/537.36 (KHTML, like Gecko) HeadlessChrome/76.0.3803.0 Safari/537.36" 0.000 "54.198.233.29, 54.198.233.29, 10.1.69.170"
10.1.5.135 - - [10/Jun/2022:00:09:57 +0000]  "GET /sites/default/files/css/css_Z5jMg7P_bjcW9iUzujI7oaechMyxQTUqZhHJ_aYSq04.css HTTP/1.1" 200 290 "https://dev-ebfactory-site.pantheonsite.io/hello-world/" "Mozilla/5.0 (X11; Linux x86_64) AppleWebKit/537.36 (KHTML, like Gecko) HeadlessChrome/76.0.3803.0 Safari/537.36" 0.000 "54.198.233.29, 54.198.233.29, 10.1.5.135"
10.1.69.170 - - [10/Jun/2022:00:09:57 +0000]  "GET /core/themes/bartik/logo.svg HTTP/1.1" 200 1971 "https://dev-ebfactory-site.pantheonsite.io/hello-world/" "Mozilla/5.0 (X11; Linux x86_64) AppleWebKit/537.36 (KHTML, like Gecko) HeadlessChrome/76.0.3803.0 Safari/537.36" 0.000 "54.198.233.29, 54.198.233.29, 10.1.69.170"
10.1.4.24 - - [10/Jun/2022:00:09:57 +0000]  "GET /core/misc/icons/ffffff/hamburger.svg HTTP/1.1" 200 217 "https://dev-ebfactory-site.pantheonsite.io/sites/default/files/css/css_QVAG5D3Tjgmzc55dRjVpYlhI02sBiqX5b0VAkKLpSGg.css" "Mozilla/5.0 (X11; Linux x86_64) AppleWebKit/537.36 (KHTML, like Gecko) HeadlessChrome/76.0.3803.0 Safari/537.36" 0.000 "54.198.233.29, 54.198.233.29, 10.1.4.24"
10.1.67.167 - - [10/Jun/2022:00:09:58 +0000]  "GET /hello-world/ HTTP/1.1" 404 2546 "-" "Mozilla/5.0 (X11; Linux x86_64) AppleWebKit/537.36 (KHTML, like Gecko) HeadlessChrome/76.0.3803.0 Safari/537.36" 0.016 "54.198.233.29, 54.198.233.29, 10.1.67.167"
10.1.67.167 - - [10/Jun/2022:00:09:58 +0000]  "GET /sites/default/files/css/css_Z5jMg7P_bjcW9iUzujI7oaechMyxQTUqZhHJ_aYSq04.css HTTP/1.1" 200 290 "https://dev-ebfactory-site.pantheonsite.io/hello-world/" "Mozilla/5.0 (X11; Linux x86_64) AppleWebKit/537.36 (KHTML, like Gecko) HeadlessChrome/76.0.3803.0 Safari/537.36" 0.000 "54.198.233.29, 54.198.233.29, 10.1.67.167"
10.1.69.170 - - [10/Jun/2022:00:09:58 +0000]  "GET /sites/default/files/css/css_QVAG5D3Tjgmzc55dRjVpYlhI02sBiqX5b0VAkKLpSGg.css HTTP/1.1" 200 13601 "https://dev-ebfactory-site.pantheonsite.io/hello-world/" "Mozilla/5.0 (X11; Linux x86_64) AppleWebKit/537.36 (KHTML, like Gecko) HeadlessChrome/76.0.3803.0 Safari/537.36" 0.000 "54.198.233.29, 54.198.233.29, 10.1.69.170"
10.1.5.135 - - [10/Jun/2022:00:09:57 +0000]  "GET /core/misc/icons/505050/loupe.svg HTTP/1.1" 200 311 "https://dev-ebfactory-site.pantheonsite.io/sites/default/files/css/css_QVAG5D3Tjgmzc55dRjVpYlhI02sBiqX5b0VAkKLpSGg.css" "Mozilla/5.0 (X11; Linux x86_64) AppleWebKit/537.36 (KHTML, like Gecko) HeadlessChrome/76.0.3803.0 Safari/537.36" 0.000 "54.198.233.29, 54.198.233.29, 10.1.5.135"
10.1.5.135 - - [10/Jun/2022:00:09:57 +0000]  "GET /core/misc/icons/505050/loupe.svg HTTP/1.1" 200 311 "https://dev-ebfactory-site.pantheonsite.io/sites/default/files/css/css_QVAG5D3Tjgmzc55dRjVpYlhI02sBiqX5b0VAkKLpSGg.css" "Mozilla/5.0 (X11; Linux x86_64) AppleWebKit/537.36 (KHTML, like Gecko) HeadlessChrome/76.0.3803.0 Safari/537.36" 0.000 "54.198.233.29, 54.198.233.29, 10.1.5.135"
10.1.68.75 - - [10/Jun/2022:00:09:58 +0000]  "GET /sites/default/files/css/css_ae7UPIbd_IVJyK4q6Bo1deBGLSQmYVfqayVz97QzYwU.css HTTP/1.1" 200 2861 "https://dev-ebfactory-site.pantheonsite.io/hello-world/" "Mozilla/5.0 (X11; Linux x86_64) AppleWebKit/537.36 (KHTML, like Gecko) HeadlessChrome/76.0.3803.0 Safari/537.36" 0.000 "54.198.233.29, 54.198.233.29, 10.1.68.75"
10.1.5.135 - - [10/Jun/2022:00:09:58 +0000]  "GET /core/themes/bartik/logo.svg HTTP/1.1" 200 1971 "https://dev-ebfactory-site.pantheonsite.io/hello-world/" "Mozilla/5.0 (X11; Linux x86_64) AppleWebKit/537.36 (KHTML, like Gecko) HeadlessChrome/76.0.3803.0 Safari/537.36" 0.000 "54.198.233.29, 54.198.233.29, 10.1.5.135"
10.1.67.167 - - [10/Jun/2022:00:09:58 +0000]  "GET /core/misc/icons/505050/loupe.svg HTTP/1.1" 200 311 "https://dev-ebfactory-site.pantheonsite.io/sites/default/files/css/css_QVAG5D3Tjgmzc55dRjVpYlhI02sBiqX5b0VAkKLpSGg.css" "Mozilla/5.0 (X11; Linux x86_64) AppleWebKit/537.36 (KHTML, like Gecko) HeadlessChrome/76.0.3803.0 Safari/537.36" 0.000 "54.198.233.29, 54.198.233.29, 10.1.67.167"
10.1.5.135 - - [10/Jun/2022:21:43:54 +0000]  "GET / HTTP/1.1" 200 2751 "-" "Mozilla/5.0 (Unknown; Linux x86_64) AppleWebKit/538.1 (KHTML, like Gecko) PhantomJS/2.1.1 Safari/538.1" 2.364 "34.122.195.170, 34.122.195.170, 10.1.5.135"
10.1.67.167 - - [10/Jun/2022:21:43:55 +0000]  "GET /sites/default/files/css/css_v18WUm75dSk_A-DeLZcRjivGVxxUXl9PCwLE_JJpyIk.css HTTP/1.1" 200 2938 "https://dev-ebfactory-site.pantheonsite.io/" "Mozilla/5.0 (Unknown; Linux x86_64) AppleWebKit/538.1 (KHTML, like Gecko) PhantomJS/2.1.1 Safari/538.1" 0.000 "34.122.195.170, 34.122.195.170, 10.1.67.167"
10.1.4.22 - - [10/Jun/2022:21:43:55 +0000]  "GET /core/themes/bartik/logo.svg HTTP/1.1" 200 1971 "https://dev-ebfactory-site.pantheonsite.io/" "Mozilla/5.0 (Unknown; Linux x86_64) AppleWebKit/538.1 (KHTML, like Gecko) PhantomJS/2.1.1 Safari/538.1" 0.000 "34.122.195.170, 34.122.195.170, 10.1.4.22"
10.1.69.199 - - [10/Jun/2022:21:43:55 +0000]  "GET /sites/default/files/css/css_QVAG5D3Tjgmzc55dRjVpYlhI02sBiqX5b0VAkKLpSGg.css HTTP/1.1" 200 13601 "https://dev-ebfactory-site.pantheonsite.io/" "Mozilla/5.0 (Unknown; Linux x86_64) AppleWebKit/538.1 (KHTML, like Gecko) PhantomJS/2.1.1 Safari/538.1" 0.000 "34.122.195.170, 34.122.195.170, 10.1.69.199"
10.1.69.199 - - [10/Jun/2022:21:43:55 +0000]  "GET /core/misc/feed.svg HTTP/1.1" 200 308 "https://dev-ebfactory-site.pantheonsite.io/" "Mozilla/5.0 (Unknown; Linux x86_64) AppleWebKit/538.1 (KHTML, like Gecko) PhantomJS/2.1.1 Safari/538.1" 0.000 "34.122.195.170, 34.122.195.170, 10.1.69.199"
10.1.67.167 - - [10/Jun/2022:21:43:55 +0000]  "GET /core/misc/icons/505050/loupe.svg HTTP/1.1" 200 311 "https://dev-ebfactory-site.pantheonsite.io/" "Mozilla/5.0 (Unknown; Linux x86_64) AppleWebKit/538.1 (KHTML, like Gecko) PhantomJS/2.1.1 Safari/538.1" 0.000 "34.122.195.170, 34.122.195.170, 10.1.67.167"
10.1.69.199 - - [10/Jun/2022:21:43:55 +0000]  "GET /sites/default/files/css/css_Z5jMg7P_bjcW9iUzujI7oaechMyxQTUqZhHJ_aYSq04.css HTTP/1.1" 200 290 "https://dev-ebfactory-site.pantheonsite.io/" "Mozilla/5.0 (Unknown; Linux x86_64) AppleWebKit/538.1 (KHTML, like Gecko) PhantomJS/2.1.1 Safari/538.1" 0.000 "34.122.195.170, 34.122.195.170, 10.1.69.199"
10.1.0.223 - - [10/Jun/2022:21:45:34 +0000]  "GET /pantheon_healthcheck HTTP/1.1" 200 34 "-" "Terminus/3.0.6 (php_version=7.4.27&script=/usr/local/bin/terminus)" 0.012 "50.16.16.69, 50.16.16.69, 10.1.0.223"
10.1.68.75 - - [10/Jun/2022:21:46:09 +0000]  "GET / HTTP/1.1" 200 2750 "-" "Mozilla/5.0 (Unknown; Linux x86_64) AppleWebKit/538.1 (KHTML, like Gecko) PhantomJS/2.1.1 Safari/538.1" 1.410 "34.71.150.4, 34.71.150.4, 10.1.68.75"
10.1.5.162 - - [10/Jun/2022:21:46:09 +0000]  "GET /sites/default/files/css/css_v18WUm75dSk_A-DeLZcRjivGVxxUXl9PCwLE_JJpyIk.css HTTP/1.1" 200 2938 "https://dev-ebfactory-site.pantheonsite.io/" "Mozilla/5.0 (Unknown; Linux x86_64) AppleWebKit/538.1 (KHTML, like Gecko) PhantomJS/2.1.1 Safari/538.1" 0.000 "34.71.150.4, 34.71.150.4, 10.1.5.162"
10.1.5.135 - - [10/Jun/2022:21:46:09 +0000]  "GET /sites/default/files/css/css_QVAG5D3Tjgmzc55dRjVpYlhI02sBiqX5b0VAkKLpSGg.css HTTP/1.1" 200 13601 "https://dev-ebfactory-site.pantheonsite.io/" "Mozilla/5.0 (Unknown; Linux x86_64) AppleWebKit/538.1 (KHTML, like Gecko) PhantomJS/2.1.1 Safari/538.1" 0.000 "34.71.150.4, 34.71.150.4, 10.1.5.135"
10.1.69.199 - - [10/Jun/2022:21:46:09 +0000]  "GET /core/themes/bartik/logo.svg HTTP/1.1" 200 1971 "https://dev-ebfactory-site.pantheonsite.io/" "Mozilla/5.0 (Unknown; Linux x86_64) AppleWebKit/538.1 (KHTML, like Gecko) PhantomJS/2.1.1 Safari/538.1" 0.000 "34.71.150.4, 34.71.150.4, 10.1.69.199"
10.1.4.22 - - [10/Jun/2022:21:46:10 +0000]  "GET /core/misc/icons/505050/loupe.svg HTTP/1.1" 200 311 "https://dev-ebfactory-site.pantheonsite.io/" "Mozilla/5.0 (Unknown; Linux x86_64) AppleWebKit/538.1 (KHTML, like Gecko) PhantomJS/2.1.1 Safari/538.1" 0.000 "34.71.150.4, 34.71.150.4, 10.1.4.22"
10.1.0.223 - - [10/Jun/2022:21:46:10 +0000]  "GET /core/misc/feed.svg HTTP/1.1" 200 308 "https://dev-ebfactory-site.pantheonsite.io/" "Mozilla/5.0 (Unknown; Linux x86_64) AppleWebKit/538.1 (KHTML, like Gecko) PhantomJS/2.1.1 Safari/538.1" 0.000 "34.71.150.4, 34.71.150.4, 10.1.0.223"
10.1.0.223 - - [10/Jun/2022:21:46:10 +0000]  "GET /sites/default/files/css/css_Z5jMg7P_bjcW9iUzujI7oaechMyxQTUqZhHJ_aYSq04.css HTTP/1.1" 200 290 "https://dev-ebfactory-site.pantheonsite.io/" "Mozilla/5.0 (Unknown; Linux x86_64) AppleWebKit/538.1 (KHTML, like Gecko) PhantomJS/2.1.1 Safari/538.1" 0.000 "34.71.150.4, 34.71.150.4, 10.1.0.223"
10.1.69.199 - - [10/Jun/2022:21:47:28 +0000]  "GET /user HTTP/1.1" 302 470 "-" "Mozilla/5.0 (X11; Linux x86_64) AppleWebKit/537.36 (KHTML, like Gecko) HeadlessChrome/96.0.4664.110 Safari/537.36" 0.046 "50.16.16.69, 50.16.16.69, 10.1.69.199"
10.1.0.223 - - [10/Jun/2022:21:47:28 +0000]  "GET /user/login HTTP/1.1" 200 3236 "-" "Mozilla/5.0 (X11; Linux x86_64) AppleWebKit/537.36 (KHTML, like Gecko) HeadlessChrome/96.0.4664.110 Safari/537.36" 0.271 "50.16.16.69, 50.16.16.69, 10.1.0.223"
10.1.4.22 - - [10/Jun/2022:21:47:28 +0000]  "GET /sites/default/files/css/css_ae7UPIbd_IVJyK4q6Bo1deBGLSQmYVfqayVz97QzYwU.css HTTP/1.1" 200 2861 "https://dev-ebfactory-site.pantheonsite.io/user/login" "Mozilla/5.0 (X11; Linux x86_64) AppleWebKit/537.36 (KHTML, like Gecko) HeadlessChrome/96.0.4664.110 Safari/537.36" 0.000 "50.16.16.69, 50.16.16.69, 10.1.4.22"
10.1.0.223 - - [10/Jun/2022:21:47:28 +0000]  "GET /sites/default/files/css/css_QVAG5D3Tjgmzc55dRjVpYlhI02sBiqX5b0VAkKLpSGg.css HTTP/1.1" 200 13601 "https://dev-ebfactory-site.pantheonsite.io/user/login" "Mozilla/5.0 (X11; Linux x86_64) AppleWebKit/537.36 (KHTML, like Gecko) HeadlessChrome/96.0.4664.110 Safari/537.36" 0.000 "50.16.16.69, 50.16.16.69, 10.1.0.223"
10.1.4.22 - - [10/Jun/2022:21:47:28 +0000]  "GET /sites/default/files/css/css_Z5jMg7P_bjcW9iUzujI7oaechMyxQTUqZhHJ_aYSq04.css HTTP/1.1" 200 290 "https://dev-ebfactory-site.pantheonsite.io/user/login" "Mozilla/5.0 (X11; Linux x86_64) AppleWebKit/537.36 (KHTML, like Gecko) HeadlessChrome/96.0.4664.110 Safari/537.36" 0.000 "50.16.16.69, 50.16.16.69, 10.1.4.22"
10.1.5.162 - - [10/Jun/2022:21:47:28 +0000]  "GET /core/themes/bartik/logo.svg HTTP/1.1" 200 1971 "https://dev-ebfactory-site.pantheonsite.io/user/login" "Mozilla/5.0 (X11; Linux x86_64) AppleWebKit/537.36 (KHTML, like Gecko) HeadlessChrome/96.0.4664.110 Safari/537.36" 0.000 "50.16.16.69, 50.16.16.69, 10.1.5.162"
10.1.67.167 - - [10/Jun/2022:21:47:28 +0000]  "GET /core/themes/bartik/images/tabs-border.png HTTP/1.1" 200 83 "https://dev-ebfactory-site.pantheonsite.io/sites/default/files/css/css_QVAG5D3Tjgmzc55dRjVpYlhI02sBiqX5b0VAkKLpSGg.css" "Mozilla/5.0 (X11; Linux x86_64) AppleWebKit/537.36 (KHTML, like Gecko) HeadlessChrome/96.0.4664.110 Safari/537.36" 0.000 "50.16.16.69, 50.16.16.69, 10.1.67.167"
10.1.68.75 - - [10/Jun/2022:21:47:28 +0000]  "GET /core/misc/icons/ee0000/required.svg HTTP/1.1" 200 356 "https://dev-ebfactory-site.pantheonsite.io/sites/default/files/css/css_QVAG5D3Tjgmzc55dRjVpYlhI02sBiqX5b0VAkKLpSGg.css" "Mozilla/5.0 (X11; Linux x86_64) AppleWebKit/537.36 (KHTML, like Gecko) HeadlessChrome/96.0.4664.110 Safari/537.36" 0.000 "50.16.16.69, 50.16.16.69, 10.1.68.75"
10.1.5.135 - - [10/Jun/2022:21:47:28 +0000]  "GET /core/misc/icons/505050/loupe.svg HTTP/1.1" 200 311 "https://dev-ebfactory-site.pantheonsite.io/sites/default/files/css/css_QVAG5D3Tjgmzc55dRjVpYlhI02sBiqX5b0VAkKLpSGg.css" "Mozilla/5.0 (X11; Linux x86_64) AppleWebKit/537.36 (KHTML, like Gecko) HeadlessChrome/96.0.4664.110 Safari/537.36" 0.000 "50.16.16.69, 50.16.16.69, 10.1.5.135"
10.1.67.167 - - [10/Jun/2022:21:47:29 +0000]  "POST /user/login HTTP/1.1" 303 530 "https://dev-ebfactory-site.pantheonsite.io/user/login" "Mozilla/5.0 (X11; Linux x86_64) AppleWebKit/537.36 (KHTML, like Gecko) HeadlessChrome/96.0.4664.110 Safari/537.36" 0.132 "50.16.16.69, 50.16.16.69, 10.1.67.167"
10.1.67.167 - - [10/Jun/2022:21:47:29 +0000]  "GET /sites/default/files/css/css_YNfXAqbiQl6e6Ix88246QsGGQQSmP_5maJGdSZ15hPs.css HTTP/1.1" 200 14076 "https://dev-ebfactory-site.pantheonsite.io/user/28?check_logged_in=1" "Mozilla/5.0 (X11; Linux x86_64) AppleWebKit/537.36 (KHTML, like Gecko) HeadlessChrome/96.0.4664.110 Safari/537.36" 0.000 "50.16.16.69, 50.16.16.69, 10.1.67.167"
10.1.5.162 - - [10/Jun/2022:21:47:29 +0000]  "GET /sites/default/files/css/css_6ZKsRQgXQv0GdFrFhdy2R1wB2hj7quLpzZ6t307DdSo.css HTTP/1.1" 200 774 "https://dev-ebfactory-site.pantheonsite.io/user/28?check_logged_in=1" "Mozilla/5.0 (X11; Linux x86_64) AppleWebKit/537.36 (KHTML, like Gecko) HeadlessChrome/96.0.4664.110 Safari/537.36" 0.000 "50.16.16.69, 50.16.16.69, 10.1.5.162"
10.1.5.135 - - [10/Jun/2022:21:47:29 +0000]  "GET /sites/default/files/css/css_7IjgI5WxidIcbs-6CW-lTVGmwx8FtkkUdLojZlmsRLU.css HTTP/1.1" 200 3780 "https://dev-ebfactory-site.pantheonsite.io/user/28?check_logged_in=1" "Mozilla/5.0 (X11; Linux x86_64) AppleWebKit/537.36 (KHTML, like Gecko) HeadlessChrome/96.0.4664.110 Safari/537.36" 0.000 "50.16.16.69, 50.16.16.69, 10.1.5.135"
10.1.69.199 - - [10/Jun/2022:21:47:29 +0000]  "GET /sites/default/files/css/css_NNpNhvSTb-vNlSNjEcDLXtQgEchYekLb1iRF9kNx14w.css HTTP/1.1" 200 3742 "https://dev-ebfactory-site.pantheonsite.io/user/28?check_logged_in=1" "Mozilla/5.0 (X11; Linux x86_64) AppleWebKit/537.36 (KHTML, like Gecko) HeadlessChrome/96.0.4664.110 Safari/537.36" 0.000 "50.16.16.69, 50.16.16.69, 10.1.69.199"
10.1.68.75 - - [10/Jun/2022:21:47:29 +0000]  "GET /core/assets/vendor/modernizr/modernizr.min.js?v=3.11.7 HTTP/1.1" 200 3261 "https://dev-ebfactory-site.pantheonsite.io/user/28?check_logged_in=1" "Mozilla/5.0 (X11; Linux x86_64) AppleWebKit/537.36 (KHTML, like Gecko) HeadlessChrome/96.0.4664.110 Safari/537.36" 0.000 "50.16.16.69, 50.16.16.69, 10.1.68.75"
10.1.0.223 - - [10/Jun/2022:21:47:30 +0000]  "GET /user/28?check_logged_in=1 HTTP/1.1" 200 6925 "https://dev-ebfactory-site.pantheonsite.io/user/login" "Mozilla/5.0 (X11; Linux x86_64) AppleWebKit/537.36 (KHTML, like Gecko) HeadlessChrome/96.0.4664.110 Safari/537.36" 0.721 "50.16.16.69, 50.16.16.69, 10.1.0.223"
10.1.0.223 - - [10/Jun/2022:21:47:30 +0000]  "GET /core/misc/modernizr-additional-tests.js?v=3.11.7 HTTP/1.1" 200 428 "https://dev-ebfactory-site.pantheonsite.io/user/28?check_logged_in=1" "Mozilla/5.0 (X11; Linux x86_64) AppleWebKit/537.36 (KHTML, like Gecko) HeadlessChrome/96.0.4664.110 Safari/537.36" 0.000 "50.16.16.69, 50.16.16.69, 10.1.0.223"
10.1.5.162 - - [10/Jun/2022:21:47:30 +0000]  "GET /core/themes/bartik/logo.svg HTTP/1.1" 200 1971 "https://dev-ebfactory-site.pantheonsite.io/user/28?check_logged_in=1" "Mozilla/5.0 (X11; Linux x86_64) AppleWebKit/537.36 (KHTML, like Gecko) HeadlessChrome/96.0.4664.110 Safari/537.36" 0.000 "50.16.16.69, 50.16.16.69, 10.1.5.162"
10.1.68.75 - - [10/Jun/2022:21:47:30 +0000]  "GET /core/misc/icons/bebebe/hamburger.svg HTTP/1.1" 200 218 "https://dev-ebfactory-site.pantheonsite.io/sites/default/files/css/css_NNpNhvSTb-vNlSNjEcDLXtQgEchYekLb1iRF9kNx14w.css" "Mozilla/5.0 (X11; Linux x86_64) AppleWebKit/537.36 (KHTML, like Gecko) HeadlessChrome/96.0.4664.110 Safari/537.36" 0.000 "50.16.16.69, 50.16.16.69, 10.1.68.75"
10.1.68.73 - - [10/Jun/2022:21:47:30 +0000]  "GET /sites/default/files/js/js_hPNTcua489uA-I6bm3I0J5o0_G9svZNOcx989W0Hdr8.js HTTP/1.1" 200 102893 "https://dev-ebfactory-site.pantheonsite.io/user/28?check_logged_in=1" "Mozilla/5.0 (X11; Linux x86_64) AppleWebKit/537.36 (KHTML, like Gecko) HeadlessChrome/96.0.4664.110 Safari/537.36" 0.000 "50.16.16.69, 50.16.16.69, 10.1.68.73"
10.1.5.162 - - [10/Jun/2022:21:47:30 +0000]  "GET /core/misc/icons/bebebe/person.svg HTTP/1.1" 200 376 "https://dev-ebfactory-site.pantheonsite.io/sites/default/files/css/css_NNpNhvSTb-vNlSNjEcDLXtQgEchYekLb1iRF9kNx14w.css" "Mozilla/5.0 (X11; Linux x86_64) AppleWebKit/537.36 (KHTML, like Gecko) HeadlessChrome/96.0.4664.110 Safari/537.36" 0.000 "50.16.16.69, 50.16.16.69, 10.1.5.162"
10.1.68.75 - - [10/Jun/2022:21:47:30 +0000]  "GET /core/misc/icons/bebebe/star.svg HTTP/1.1" 200 351 "https://dev-ebfactory-site.pantheonsite.io/sites/default/files/css/css_NNpNhvSTb-vNlSNjEcDLXtQgEchYekLb1iRF9kNx14w.css" "Mozilla/5.0 (X11; Linux x86_64) AppleWebKit/537.36 (KHTML, like Gecko) HeadlessChrome/96.0.4664.110 Safari/537.36" 0.000 "50.16.16.69, 50.16.16.69, 10.1.68.75"
10.1.0.223 - - [10/Jun/2022:21:47:30 +0000]  "GET /sites/default/files/css/css_Z5jMg7P_bjcW9iUzujI7oaechMyxQTUqZhHJ_aYSq04.css HTTP/1.1" 200 290 "https://dev-ebfactory-site.pantheonsite.io/user/28?check_logged_in=1" "Mozilla/5.0 (X11; Linux x86_64) AppleWebKit/537.36 (KHTML, like Gecko) HeadlessChrome/96.0.4664.110 Safari/537.36" 0.000 "50.16.16.69, 50.16.16.69, 10.1.0.223"
10.1.68.73 - - [10/Jun/2022:21:47:30 +0000]  "GET /core/misc/icons/505050/loupe.svg HTTP/1.1" 200 311 "https://dev-ebfactory-site.pantheonsite.io/sites/default/files/css/css_YNfXAqbiQl6e6Ix88246QsGGQQSmP_5maJGdSZ15hPs.css" "Mozilla/5.0 (X11; Linux x86_64) AppleWebKit/537.36 (KHTML, like Gecko) HeadlessChrome/96.0.4664.110 Safari/537.36" 0.000 "50.16.16.69, 50.16.16.69, 10.1.68.73"
10.1.67.167 - - [10/Jun/2022:21:47:30 +0000]  "GET /core/misc/icons/bebebe/chevron-disc-left.svg HTTP/1.1" 200 284 "https://dev-ebfactory-site.pantheonsite.io/sites/default/files/css/css_NNpNhvSTb-vNlSNjEcDLXtQgEchYekLb1iRF9kNx14w.css" "Mozilla/5.0 (X11; Linux x86_64) AppleWebKit/537.36 (KHTML, like Gecko) HeadlessChrome/96.0.4664.110 Safari/537.36" 0.000 "50.16.16.69, 50.16.16.69, 10.1.67.167"
10.1.68.73 - - [10/Jun/2022:21:47:30 +0000]  "GET /core/themes/bartik/images/tabs-border.png HTTP/1.1" 304 0 "https://dev-ebfactory-site.pantheonsite.io/sites/default/files/css/css_YNfXAqbiQl6e6Ix88246QsGGQQSmP_5maJGdSZ15hPs.css" "Mozilla/5.0 (X11; Linux x86_64) AppleWebKit/537.36 (KHTML, like Gecko) HeadlessChrome/96.0.4664.110 Safari/537.36" 0.000 "50.16.16.69, 50.16.16.69, 10.1.68.73"
10.1.68.75 - - [10/Jun/2022:21:47:30 +0000]  "POST /contextual/render HTTP/1.1" 200 465 "https://dev-ebfactory-site.pantheonsite.io/user/28?check_logged_in=1" "Mozilla/5.0 (X11; Linux x86_64) AppleWebKit/537.36 (KHTML, like Gecko) HeadlessChrome/96.0.4664.110 Safari/537.36" 0.117 "50.16.16.69, 50.16.16.69, 10.1.68.75"
10.1.4.22 - - [10/Jun/2022:21:47:30 +0000]  "POST /contextual/render HTTP/1.1" 200 211 "https://dev-ebfactory-site.pantheonsite.io/user/28?check_logged_in=1" "Mozilla/5.0 (X11; Linux x86_64) AppleWebKit/537.36 (KHTML, like Gecko) HeadlessChrome/96.0.4664.110 Safari/537.36" 0.056 "50.16.16.69, 50.16.16.69, 10.1.4.22"
10.1.68.75 - - [10/Jun/2022:21:47:30 +0000]  "GET /core/misc/icons/bebebe/pencil.svg HTTP/1.1" 200 291 "https://dev-ebfactory-site.pantheonsite.io/sites/default/files/css/css_NNpNhvSTb-vNlSNjEcDLXtQgEchYekLb1iRF9kNx14w.css" "Mozilla/5.0 (X11; Linux x86_64) AppleWebKit/537.36 (KHTML, like Gecko) HeadlessChrome/96.0.4664.110 Safari/537.36" 0.000 "50.16.16.69, 50.16.16.69, 10.1.68.75"
10.1.5.135 - - [10/Jun/2022:21:47:31 +0000]  "GET /admin/content HTTP/1.1" 200 7300 "-" "Mozilla/5.0 (X11; Linux x86_64) AppleWebKit/537.36 (KHTML, like Gecko) HeadlessChrome/96.0.4664.110 Safari/537.36" 0.985 "50.16.16.69, 50.16.16.69, 10.1.5.135"
